Command line invocation:
    /Applications/Xcode.app/Contents/Developer/usr/bin/xcodebuild -project WhoNext.xcodeproj -scheme WhoNext -destination platform=macOS build

Resolve Package Graph


Resolved source packages:
  swift-crypto: https://github.com/apple/swift-crypto.git @ 3.12.3
  FluidAudio: https://github.com/FluidInference/FluidAudio.git @ 0.3.0
  swift-concurrency-extras: https://github.com/pointfreeco/swift-concurrency-extras @ 1.3.1
  xctest-dynamic-overlay: https://github.com/pointfreeco/xctest-dynamic-overlay @ 1.5.2
  Down: https://github.com/iwasrobbed/Down @ master (e754ab1)
  Supabase: https://github.com/supabase/supabase-swift @ 2.29.3
  swift-clocks: https://github.com/pointfreeco/swift-clocks @ 1.0.6
  SwiftCSV: https://github.com/swiftcsv/SwiftCSV @ 0.10.0
  swift-asn1: https://github.com/apple/swift-asn1.git @ 1.3.2
  swift-http-types: https://github.com/apple/swift-http-types.git @ 1.4.0

2025-11-30 18:49:49.202 xcodebuild[49370:1885690] [MT] IDERunDestination: Supported platforms for the buildables in the current scheme is empty.
--- xcodebuild: WARNING: Using the first of multiple matching destinations:
{ platform:macOS, arch:arm64, id:00008122-00123836026A001C, name:My Mac }
{ platform:macOS, arch:x86_64, id:00008122-00123836026A001C, name:My Mac }
ComputePackagePrebuildTargetDependencyGraph

Prepare packages

CreateBuildRequest

SendProjectDescription

CreateBuildOperation

ComputeTargetDependencyGraph
note: Building targets in dependency order
note: Target dependency graph (31 targets)
    Target 'WhoNext' in project 'WhoNext'
        ➜ Explicit dependency on target 'SwiftCSV' in project 'SwiftCSV'
        ➜ Explicit dependency on target 'Down' in project 'Down'
        ➜ Explicit dependency on target 'Supabase' in project 'Supabase'
        ➜ Explicit dependency on target 'FluidAudio' in project 'FluidAudio'
    Target 'FluidAudio' in project 'FluidAudio'
        ➜ Explicit dependency on target 'FluidAudio' in project 'FluidAudio'
    Target 'FluidAudio' in project 'FluidAudio' (no dependencies)
    Target 'Supabase' in project 'Supabase'
        ➜ Explicit dependency on target 'Supabase' in project 'Supabase'
        ➜ Explicit dependency on target 'Functions' in project 'Supabase'
        ➜ Explicit dependency on target 'PostgREST' in project 'Supabase'
        ➜ Explicit dependency on target 'Auth' in project 'Supabase'
        ➜ Explicit dependency on target 'Realtime' in project 'Supabase'
        ➜ Explicit dependency on target 'Storage' in project 'Supabase'
        ➜ Explicit dependency on target 'Helpers' in project 'Supabase'
        ➜ Explicit dependency on target 'ConcurrencyExtras' in project 'swift-concurrency-extras'
        ➜ Explicit dependency on target 'HTTPTypes' in project 'swift-http-types'
        ➜ Explicit dependency on target 'Clocks' in project 'swift-clocks'
        ➜ Explicit dependency on target 'XCTestDynamicOverlay' in project 'xctest-dynamic-overlay'
        ➜ Explicit dependency on target 'Crypto' in project 'swift-crypto'
        ➜ Explicit dependency on target 'IssueReporting' in project 'xctest-dynamic-overlay'
    Target 'Supabase' in project 'Supabase'
        ➜ Explicit dependency on target 'Helpers' in project 'Supabase'
        ➜ Explicit dependency on target 'Auth' in project 'Supabase'
        ➜ Explicit dependency on target 'Functions' in project 'Supabase'
        ➜ Explicit dependency on target 'PostgREST' in project 'Supabase'
        ➜ Explicit dependency on target 'Realtime' in project 'Supabase'
        ➜ Explicit dependency on target 'Storage' in project 'Supabase'
        ➜ Explicit dependency on target 'ConcurrencyExtras' in project 'swift-concurrency-extras'
        ➜ Explicit dependency on target 'HTTPTypes' in project 'swift-http-types'
        ➜ Explicit dependency on target 'Clocks' in project 'swift-clocks'
        ➜ Explicit dependency on target 'XCTestDynamicOverlay' in project 'xctest-dynamic-overlay'
        ➜ Explicit dependency on target 'Crypto' in project 'swift-crypto'
        ➜ Explicit dependency on target 'IssueReporting' in project 'xctest-dynamic-overlay'
    Target 'Storage' in project 'Supabase'
        ➜ Explicit dependency on target 'Helpers' in project 'Supabase'
        ➜ Explicit dependency on target 'ConcurrencyExtras' in project 'swift-concurrency-extras'
        ➜ Explicit dependency on target 'HTTPTypes' in project 'swift-http-types'
        ➜ Explicit dependency on target 'Clocks' in project 'swift-clocks'
        ➜ Explicit dependency on target 'XCTestDynamicOverlay' in project 'xctest-dynamic-overlay'
    Target 'Realtime' in project 'Supabase'
        ➜ Explicit dependency on target 'Helpers' in project 'Supabase'
        ➜ Explicit dependency on target 'ConcurrencyExtras' in project 'swift-concurrency-extras'
        ➜ Explicit dependency on target 'HTTPTypes' in project 'swift-http-types'
        ➜ Explicit dependency on target 'Clocks' in project 'swift-clocks'
        ➜ Explicit dependency on target 'XCTestDynamicOverlay' in project 'xctest-dynamic-overlay'
        ➜ Explicit dependency on target 'IssueReporting' in project 'xctest-dynamic-overlay'
    Target 'PostgREST' in project 'Supabase'
        ➜ Explicit dependency on target 'Helpers' in project 'Supabase'
        ➜ Explicit dependency on target 'ConcurrencyExtras' in project 'swift-concurrency-extras'
        ➜ Explicit dependency on target 'HTTPTypes' in project 'swift-http-types'
        ➜ Explicit dependency on target 'Clocks' in project 'swift-clocks'
        ➜ Explicit dependency on target 'XCTestDynamicOverlay' in project 'xctest-dynamic-overlay'
    Target 'Functions' in project 'Supabase'
        ➜ Explicit dependency on target 'Helpers' in project 'Supabase'
        ➜ Explicit dependency on target 'ConcurrencyExtras' in project 'swift-concurrency-extras'
        ➜ Explicit dependency on target 'HTTPTypes' in project 'swift-http-types'
        ➜ Explicit dependency on target 'Clocks' in project 'swift-clocks'
        ➜ Explicit dependency on target 'XCTestDynamicOverlay' in project 'xctest-dynamic-overlay'
    Target 'Auth' in project 'Supabase'
        ➜ Explicit dependency on target 'Helpers' in project 'Supabase'
        ➜ Explicit dependency on target 'ConcurrencyExtras' in project 'swift-concurrency-extras'
        ➜ Explicit dependency on target 'HTTPTypes' in project 'swift-http-types'
        ➜ Explicit dependency on target 'Clocks' in project 'swift-clocks'
        ➜ Explicit dependency on target 'XCTestDynamicOverlay' in project 'xctest-dynamic-overlay'
        ➜ Explicit dependency on target 'Crypto' in project 'swift-crypto'
    Target 'Crypto' in project 'swift-crypto'
        ➜ Explicit dependency on target 'Crypto' in project 'swift-crypto'
        ➜ Explicit dependency on target 'swift-crypto_Crypto' in project 'swift-crypto'
    Target 'Crypto' in project 'swift-crypto'
        ➜ Explicit dependency on target 'swift-crypto_Crypto' in project 'swift-crypto'
    Target 'swift-crypto_Crypto' in project 'swift-crypto' (no dependencies)
    Target 'Helpers' in project 'Supabase'
        ➜ Explicit dependency on target 'ConcurrencyExtras' in project 'swift-concurrency-extras'
        ➜ Explicit dependency on target 'HTTPTypes' in project 'swift-http-types'
        ➜ Explicit dependency on target 'Clocks' in project 'swift-clocks'
        ➜ Explicit dependency on target 'XCTestDynamicOverlay' in project 'xctest-dynamic-overlay'
    Target 'XCTestDynamicOverlay' in project 'xctest-dynamic-overlay'
        ➜ Explicit dependency on target 'XCTestDynamicOverlay' in project 'xctest-dynamic-overlay'
        ➜ Explicit dependency on target 'IssueReporting' in project 'xctest-dynamic-overlay'
    Target 'XCTestDynamicOverlay' in project 'xctest-dynamic-overlay'
        ➜ Explicit dependency on target 'IssueReporting' in project 'xctest-dynamic-overlay'
    Target 'Clocks' in project 'swift-clocks'
        ➜ Explicit dependency on target 'Clocks' in project 'swift-clocks'
        ➜ Explicit dependency on target 'ConcurrencyExtras' in project 'swift-concurrency-extras'
        ➜ Explicit dependency on target 'IssueReporting' in project 'xctest-dynamic-overlay'
    Target 'Clocks' in project 'swift-clocks'
        ➜ Explicit dependency on target 'ConcurrencyExtras' in project 'swift-concurrency-extras'
        ➜ Explicit dependency on target 'IssueReporting' in project 'xctest-dynamic-overlay'
    Target 'IssueReporting' in project 'xctest-dynamic-overlay'
        ➜ Explicit dependency on target 'IssueReporting' in project 'xctest-dynamic-overlay'
    Target 'IssueReporting' in project 'xctest-dynamic-overlay' (no dependencies)
    Target 'HTTPTypes' in project 'swift-http-types'
        ➜ Explicit dependency on target 'HTTPTypes' in project 'swift-http-types'
    Target 'HTTPTypes' in project 'swift-http-types' (no dependencies)
    Target 'ConcurrencyExtras' in project 'swift-concurrency-extras'
        ➜ Explicit dependency on target 'ConcurrencyExtras' in project 'swift-concurrency-extras'
    Target 'ConcurrencyExtras' in project 'swift-concurrency-extras' (no dependencies)
    Target 'Down' in project 'Down'
        ➜ Explicit dependency on target 'Down' in project 'Down'
        ➜ Explicit dependency on target 'Down_Down' in project 'Down'
        ➜ Explicit dependency on target 'libcmark' in project 'Down'
    Target 'Down' in project 'Down'
        ➜ Explicit dependency on target 'Down_Down' in project 'Down'
        ➜ Explicit dependency on target 'libcmark' in project 'Down'
    Target 'libcmark' in project 'Down' (no dependencies)
    Target 'Down_Down' in project 'Down' (no dependencies)
    Target 'SwiftCSV' in project 'SwiftCSV'
        ➜ Explicit dependency on target 'SwiftCSV' in project 'SwiftCSV'
        ➜ Explicit dependency on target 'SwiftCSV_SwiftCSV' in project 'SwiftCSV'
    Target 'SwiftCSV' in project 'SwiftCSV'
        ➜ Explicit dependency on target 'SwiftCSV_SwiftCSV' in project 'SwiftCSV'
    Target 'SwiftCSV_SwiftCSV' in project 'SwiftCSV' (no dependencies)

GatherProvisioningInputs

CreateBuildDescription

ExecuteExternalTool /Applications/Xcode.app/Contents/Developer/Toolchains/XcodeDefault.xctoolchain/usr/bin/swiftc --version

ExecuteExternalTool /Applications/Xcode.app/Contents/Developer/Toolchains/XcodeDefault.xctoolchain/usr/bin/clang -v -E -dM -arch arm64 -isysroot /Applications/Xcode.app/Contents/Developer/Platforms/MacOSX.platform/Developer/SDKs/MacOSX26.1.sdk -x c -c /dev/null

ExecuteExternalTool /Applications/Xcode.app/Contents/Developer/Toolchains/XcodeDefault.xctoolchain/usr/bin/clang -v -E -dM -isysroot /Applications/Xcode.app/Contents/Developer/Platforms/MacOSX.platform/Developer/SDKs/MacOSX26.1.sdk -x c -c /dev/null

ExecuteExternalTool /Applications/Xcode.app/Contents/Developer/usr/bin/momc --dry-run --action generate --swift-version 5.0 --sdkroot /Applications/Xcode.app/Contents/Developer/Platforms/MacOSX.platform/Developer/SDKs/MacOSX26.1.sdk --macosx-deployment-target 15.0 --module WhoNext /Users/bobkitchen/Documents/GitHub/WhoNext/WhoNext/WhoNext.xcdatamodeld /Users/bobkitchen/Library/Developer/Xcode/DerivedData/WhoNext-bcqdpcrgceedsxgxhmbktbrsaayp/Build/Intermediates.noindex/WhoNext.build/Debug/WhoNext.build/DerivedSources/CoreDataGenerated/WhoNext

ExecuteExternalTool /Applications/Xcode.app/Contents/Developer/usr/bin/actool --version --output-format xml1

ExecuteExternalTool /Applications/Xcode.app/Contents/Developer/Toolchains/XcodeDefault.xctoolchain/usr/bin/ld -version_details

ReadFileContents /Applications/Xcode.app/Contents/Developer/Toolchains/XcodeDefault.xctoolchain/usr/share/docc/features.json

Build description signature: 435d6439c6be0bfcb18ae8f1432dc47d
Build description path: /Users/bobkitchen/Library/Developer/Xcode/DerivedData/WhoNext-bcqdpcrgceedsxgxhmbktbrsaayp/Build/Intermediates.noindex/XCBuildData/435d6439c6be0bfcb18ae8f1432dc47d.xcbuilddata
ClangStatCache /Applications/Xcode.app/Contents/Developer/Toolchains/XcodeDefault.xctoolchain/usr/bin/clang-stat-cache /Applications/Xcode.app/Contents/Developer/Platforms/MacOSX.platform/Developer/SDKs/MacOSX26.1.sdk /Users/bobkitchen/Library/Developer/Xcode/DerivedData/SDKStatCaches.noindex/macosx26.1-25B74-3ae1261907bdadc328169391a47051a6.sdkstatcache
    cd /Users/bobkitchen/Documents/GitHub/WhoNext/WhoNext.xcodeproj
    /Applications/Xcode.app/Contents/Developer/Toolchains/XcodeDefault.xctoolchain/usr/bin/clang-stat-cache /Applications/Xcode.app/Contents/Developer/Platforms/MacOSX.platform/Developer/SDKs/MacOSX26.1.sdk -o /Users/bobkitchen/Library/Developer/Xcode/DerivedData/SDKStatCaches.noindex/macosx26.1-25B74-3ae1261907bdadc328169391a47051a6.sdkstatcache

ProcessInfoPlistFile /Users/bobkitchen/Library/Developer/Xcode/DerivedData/WhoNext-bcqdpcrgceedsxgxhmbktbrsaayp/Build/Products/Debug/swift-crypto_Crypto.bundle/Contents/Info.plist /Users/bobkitchen/Library/Developer/Xcode/DerivedData/WhoNext-bcqdpcrgceedsxgxhmbktbrsaayp/Build/Intermediates.noindex/swift-crypto.build/Debug/swift-crypto_Crypto.build/empty-swift-crypto_Crypto.plist (in target 'swift-crypto_Crypto' from project 'swift-crypto')
    cd /Users/bobkitchen/Library/Developer/Xcode/DerivedData/WhoNext-bcqdpcrgceedsxgxhmbktbrsaayp/SourcePackages/checkouts/swift-crypto
    builtin-infoPlistUtility /Users/bobkitchen/Library/Developer/Xcode/DerivedData/WhoNext-bcqdpcrgceedsxgxhmbktbrsaayp/Build/Intermediates.noindex/swift-crypto.build/Debug/swift-crypto_Crypto.build/empty-swift-crypto_Crypto.plist -producttype com.apple.product-type.bundle -expandbuildsettings -platform macosx -o /Users/bobkitchen/Library/Developer/Xcode/DerivedData/WhoNext-bcqdpcrgceedsxgxhmbktbrsaayp/Build/Products/Debug/swift-crypto_Crypto.bundle/Contents/Info.plist

ProcessInfoPlistFile /Users/bobkitchen/Library/Developer/Xcode/DerivedData/WhoNext-bcqdpcrgceedsxgxhmbktbrsaayp/Build/Products/Debug/SwiftCSV_SwiftCSV.bundle/Contents/Info.plist /Users/bobkitchen/Library/Developer/Xcode/DerivedData/WhoNext-bcqdpcrgceedsxgxhmbktbrsaayp/Build/Intermediates.noindex/SwiftCSV.build/Debug/SwiftCSV_SwiftCSV.build/empty-SwiftCSV_SwiftCSV.plist (in target 'SwiftCSV_SwiftCSV' from project 'SwiftCSV')
    cd /Users/bobkitchen/Library/Developer/Xcode/DerivedData/WhoNext-bcqdpcrgceedsxgxhmbktbrsaayp/SourcePackages/checkouts/SwiftCSV
    builtin-infoPlistUtility /Users/bobkitchen/Library/Developer/Xcode/DerivedData/WhoNext-bcqdpcrgceedsxgxhmbktbrsaayp/Build/Intermediates.noindex/SwiftCSV.build/Debug/SwiftCSV_SwiftCSV.build/empty-SwiftCSV_SwiftCSV.plist -producttype com.apple.product-type.bundle -expandbuildsettings -platform macosx -o /Users/bobkitchen/Library/Developer/Xcode/DerivedData/WhoNext-bcqdpcrgceedsxgxhmbktbrsaayp/Build/Products/Debug/SwiftCSV_SwiftCSV.bundle/Contents/Info.plist

Ld /Users/bobkitchen/Library/Developer/Xcode/DerivedData/WhoNext-bcqdpcrgceedsxgxhmbktbrsaayp/Build/Products/Debug/ConcurrencyExtras.o normal (in target 'ConcurrencyExtras' from project 'swift-concurrency-extras')
    cd /Users/bobkitchen/Library/Developer/Xcode/DerivedData/WhoNext-bcqdpcrgceedsxgxhmbktbrsaayp/SourcePackages/checkouts/swift-concurrency-extras
    /Applications/Xcode.app/Contents/Developer/Toolchains/XcodeDefault.xctoolchain/usr/bin/clang -Xlinker -reproducible -target arm64-apple-macos10.15 -r -isysroot /Applications/Xcode.app/Contents/Developer/Platforms/MacOSX.platform/Developer/SDKs/MacOSX26.1.sdk -O0 -w -L/Users/bobkitchen/Library/Developer/Xcode/DerivedData/WhoNext-bcqdpcrgceedsxgxhmbktbrsaayp/Build/Intermediates.noindex/EagerLinkingTBDs/Debug -L/Users/bobkitchen/Library/Developer/Xcode/DerivedData/WhoNext-bcqdpcrgceedsxgxhmbktbrsaayp/Build/Products/Debug -L/Applications/Xcode.app/Contents/Developer/Platforms/MacOSX.platform/Developer/usr/lib -F/Users/bobkitchen/Library/Developer/Xcode/DerivedData/WhoNext-bcqdpcrgceedsxgxhmbktbrsaayp/Build/Intermediates.noindex/EagerLinkingTBDs/Debug -F/Users/bobkitchen/Library/Developer/Xcode/DerivedData/WhoNext-bcqdpcrgceedsxgxhmbktbrsaayp/Build/Products/Debug -iframework /Applications/Xcode.app/Contents/Developer/Platforms/MacOSX.platform/Developer/Library/Frameworks -filelist /Users/bobkitchen/Library/Developer/Xcode/DerivedData/WhoNext-bcqdpcrgceedsxgxhmbktbrsaayp/Build/Intermediates.noindex/swift-concurrency-extras.build/Debug/ConcurrencyExtras.build/Objects-normal/arm64/ConcurrencyExtras.LinkFileList -nostdlib -Xlinker -object_path_lto -Xlinker /Users/bobkitchen/Library/Developer/Xcode/DerivedData/WhoNext-bcqdpcrgceedsxgxhmbktbrsaayp/Build/Intermediates.noindex/swift-concurrency-extras.build/Debug/ConcurrencyExtras.build/Objects-normal/arm64/ConcurrencyExtras_lto.o -rdynamic -Xlinker -no_deduplicate -Xlinker -debug_variant -Xlinker -dependency_info -Xlinker /Users/bobkitchen/Library/Developer/Xcode/DerivedData/WhoNext-bcqdpcrgceedsxgxhmbktbrsaayp/Build/Intermediates.noindex/swift-concurrency-extras.build/Debug/ConcurrencyExtras.build/Objects-normal/arm64/ConcurrencyExtras_dependency_info.dat -fobjc-link-runtime -L/Applications/Xcode.app/Contents/Developer/Toolchains/XcodeDefault.xctoolchain/usr/lib/swift/macosx -L/usr/lib/swift -Xlinker -add_ast_path -Xlinker /Users/bobkitchen/Library/Developer/Xcode/DerivedData/WhoNext-bcqdpcrgceedsxgxhmbktbrsaayp/Build/Intermediates.noindex/swift-concurrency-extras.build/Debug/ConcurrencyExtras.build/Objects-normal/arm64/ConcurrencyExtras.swiftmodule @/Users/bobkitchen/Library/Developer/Xcode/DerivedData/WhoNext-bcqdpcrgceedsxgxhmbktbrsaayp/Build/Intermediates.noindex/swift-concurrency-extras.build/Debug/ConcurrencyExtras.build/Objects-normal/arm64/ConcurrencyExtras-linker-args.resp -o /Users/bobkitchen/Library/Developer/Xcode/DerivedData/WhoNext-bcqdpcrgceedsxgxhmbktbrsaayp/Build/Products/Debug/ConcurrencyExtras.o

WriteAuxiliaryFile /Users/bobkitchen/Library/Developer/Xcode/DerivedData/WhoNext-bcqdpcrgceedsxgxhmbktbrsaayp/Build/Intermediates.noindex/WhoNext.build/Debug/WhoNext.build/Objects-normal/arm64/WhoNext.LinkFileList (in target 'WhoNext' from project 'WhoNext')
    cd /Users/bobkitchen/Documents/GitHub/WhoNext
    write-file /Users/bobkitchen/Library/Developer/Xcode/DerivedData/WhoNext-bcqdpcrgceedsxgxhmbktbrsaayp/Build/Intermediates.noindex/WhoNext.build/Debug/WhoNext.build/Objects-normal/arm64/WhoNext.LinkFileList

WriteAuxiliaryFile /Users/bobkitchen/Library/Developer/Xcode/DerivedData/WhoNext-bcqdpcrgceedsxgxhmbktbrsaayp/Build/Intermediates.noindex/WhoNext.build/Debug/WhoNext.build/Objects-normal/arm64/WhoNext.SwiftConstValuesFileList (in target 'WhoNext' from project 'WhoNext')
    cd /Users/bobkitchen/Documents/GitHub/WhoNext
    write-file /Users/bobkitchen/Library/Developer/Xcode/DerivedData/WhoNext-bcqdpcrgceedsxgxhmbktbrsaayp/Build/Intermediates.noindex/WhoNext.build/Debug/WhoNext.build/Objects-normal/arm64/WhoNext.SwiftConstValuesFileList

Ld /Users/bobkitchen/Library/Developer/Xcode/DerivedData/WhoNext-bcqdpcrgceedsxgxhmbktbrsaayp/Build/Products/Debug/libcmark.o normal (in target 'libcmark' from project 'Down')
    cd /Users/bobkitchen/Library/Developer/Xcode/DerivedData/WhoNext-bcqdpcrgceedsxgxhmbktbrsaayp/SourcePackages/checkouts/Down
    /Applications/Xcode.app/Contents/Developer/Toolchains/XcodeDefault.xctoolchain/usr/bin/clang -Xlinker -reproducible -target arm64-apple-macos10.13 -r -isysroot /Applications/Xcode.app/Contents/Developer/Platforms/MacOSX.platform/Developer/SDKs/MacOSX26.1.sdk -O0 -w -L/Users/bobkitchen/Library/Developer/Xcode/DerivedData/WhoNext-bcqdpcrgceedsxgxhmbktbrsaayp/Build/Intermediates.noindex/EagerLinkingTBDs/Debug -L/Users/bobkitchen/Library/Developer/Xcode/DerivedData/WhoNext-bcqdpcrgceedsxgxhmbktbrsaayp/Build/Products/Debug -L/Applications/Xcode.app/Contents/Developer/Platforms/MacOSX.platform/Developer/usr/lib -F/Users/bobkitchen/Library/Developer/Xcode/DerivedData/WhoNext-bcqdpcrgceedsxgxhmbktbrsaayp/Build/Intermediates.noindex/EagerLinkingTBDs/Debug -F/Users/bobkitchen/Library/Developer/Xcode/DerivedData/WhoNext-bcqdpcrgceedsxgxhmbktbrsaayp/Build/Products/Debug -iframework /Applications/Xcode.app/Contents/Developer/Platforms/MacOSX.platform/Developer/Library/Frameworks -filelist /Users/bobkitchen/Library/Developer/Xcode/DerivedData/WhoNext-bcqdpcrgceedsxgxhmbktbrsaayp/Build/Intermediates.noindex/Down.build/Debug/libcmark.build/Objects-normal/arm64/libcmark.LinkFileList -nostdlib -Xlinker -object_path_lto -Xlinker /Users/bobkitchen/Library/Developer/Xcode/DerivedData/WhoNext-bcqdpcrgceedsxgxhmbktbrsaayp/Build/Intermediates.noindex/Down.build/Debug/libcmark.build/Objects-normal/arm64/libcmark_lto.o -rdynamic -Xlinker -no_deduplicate -Xlinker -debug_variant -Xlinker -dependency_info -Xlinker /Users/bobkitchen/Library/Developer/Xcode/DerivedData/WhoNext-bcqdpcrgceedsxgxhmbktbrsaayp/Build/Intermediates.noindex/Down.build/Debug/libcmark.build/Objects-normal/arm64/libcmark_dependency_info.dat -o /Users/bobkitchen/Library/Developer/Xcode/DerivedData/WhoNext-bcqdpcrgceedsxgxhmbktbrsaayp/Build/Products/Debug/libcmark.o

WriteAuxiliaryFile /Users/bobkitchen/Library/Developer/Xcode/DerivedData/WhoNext-bcqdpcrgceedsxgxhmbktbrsaayp/Build/Intermediates.noindex/WhoNext.build/Debug/WhoNext.build/Objects-normal/arm64/WhoNext.SwiftFileList (in target 'WhoNext' from project 'WhoNext')
    cd /Users/bobkitchen/Documents/GitHub/WhoNext
    write-file /Users/bobkitchen/Library/Developer/Xcode/DerivedData/WhoNext-bcqdpcrgceedsxgxhmbktbrsaayp/Build/Intermediates.noindex/WhoNext.build/Debug/WhoNext.build/Objects-normal/arm64/WhoNext.SwiftFileList

Ld /Users/bobkitchen/Library/Developer/Xcode/DerivedData/WhoNext-bcqdpcrgceedsxgxhmbktbrsaayp/Build/Products/Debug/IssueReporting.o normal (in target 'IssueReporting' from project 'xctest-dynamic-overlay')
    cd /Users/bobkitchen/Library/Developer/Xcode/DerivedData/WhoNext-bcqdpcrgceedsxgxhmbktbrsaayp/SourcePackages/checkouts/xctest-dynamic-overlay
    /Applications/Xcode.app/Contents/Developer/Toolchains/XcodeDefault.xctoolchain/usr/bin/clang -Xlinker -reproducible -target arm64-apple-macos10.15 -r -isysroot /Applications/Xcode.app/Contents/Developer/Platforms/MacOSX.platform/Developer/SDKs/MacOSX26.1.sdk -O0 -w -L/Users/bobkitchen/Library/Developer/Xcode/DerivedData/WhoNext-bcqdpcrgceedsxgxhmbktbrsaayp/Build/Intermediates.noindex/EagerLinkingTBDs/Debug -L/Users/bobkitchen/Library/Developer/Xcode/DerivedData/WhoNext-bcqdpcrgceedsxgxhmbktbrsaayp/Build/Products/Debug -L/Applications/Xcode.app/Contents/Developer/Platforms/MacOSX.platform/Developer/usr/lib -F/Users/bobkitchen/Library/Developer/Xcode/DerivedData/WhoNext-bcqdpcrgceedsxgxhmbktbrsaayp/Build/Intermediates.noindex/EagerLinkingTBDs/Debug -F/Users/bobkitchen/Library/Developer/Xcode/DerivedData/WhoNext-bcqdpcrgceedsxgxhmbktbrsaayp/Build/Products/Debug -iframework /Applications/Xcode.app/Contents/Developer/Platforms/MacOSX.platform/Developer/Library/Frameworks -filelist /Users/bobkitchen/Library/Developer/Xcode/DerivedData/WhoNext-bcqdpcrgceedsxgxhmbktbrsaayp/Build/Intermediates.noindex/xctest-dynamic-overlay.build/Debug/IssueReporting.build/Objects-normal/arm64/IssueReporting.LinkFileList -nostdlib -Xlinker -object_path_lto -Xlinker /Users/bobkitchen/Library/Developer/Xcode/DerivedData/WhoNext-bcqdpcrgceedsxgxhmbktbrsaayp/Build/Intermediates.noindex/xctest-dynamic-overlay.build/Debug/IssueReporting.build/Objects-normal/arm64/IssueReporting_lto.o -rdynamic -Xlinker -no_deduplicate -Xlinker -debug_variant -Xlinker -dependency_info -Xlinker /Users/bobkitchen/Library/Developer/Xcode/DerivedData/WhoNext-bcqdpcrgceedsxgxhmbktbrsaayp/Build/Intermediates.noindex/xctest-dynamic-overlay.build/Debug/IssueReporting.build/Objects-normal/arm64/IssueReporting_dependency_info.dat -fobjc-link-runtime -L/Applications/Xcode.app/Contents/Developer/Toolchains/XcodeDefault.xctoolchain/usr/lib/swift/macosx -L/usr/lib/swift -Xlinker -add_ast_path -Xlinker /Users/bobkitchen/Library/Developer/Xcode/DerivedData/WhoNext-bcqdpcrgceedsxgxhmbktbrsaayp/Build/Intermediates.noindex/xctest-dynamic-overlay.build/Debug/IssueReporting.build/Objects-normal/arm64/IssueReporting.swiftmodule @/Users/bobkitchen/Library/Developer/Xcode/DerivedData/WhoNext-bcqdpcrgceedsxgxhmbktbrsaayp/Build/Intermediates.noindex/xctest-dynamic-overlay.build/Debug/IssueReporting.build/Objects-normal/arm64/IssueReporting-linker-args.resp -o /Users/bobkitchen/Library/Developer/Xcode/DerivedData/WhoNext-bcqdpcrgceedsxgxhmbktbrsaayp/Build/Products/Debug/IssueReporting.o

Ld /Users/bobkitchen/Library/Developer/Xcode/DerivedData/WhoNext-bcqdpcrgceedsxgxhmbktbrsaayp/Build/Products/Debug/HTTPTypes.o normal (in target 'HTTPTypes' from project 'swift-http-types')
    cd /Users/bobkitchen/Library/Developer/Xcode/DerivedData/WhoNext-bcqdpcrgceedsxgxhmbktbrsaayp/SourcePackages/checkouts/swift-http-types
    /Applications/Xcode.app/Contents/Developer/Toolchains/XcodeDefault.xctoolchain/usr/bin/clang -Xlinker -reproducible -target arm64-apple-macos10.13 -r -isysroot /Applications/Xcode.app/Contents/Developer/Platforms/MacOSX.platform/Developer/SDKs/MacOSX26.1.sdk -O0 -w -L/Users/bobkitchen/Library/Developer/Xcode/DerivedData/WhoNext-bcqdpcrgceedsxgxhmbktbrsaayp/Build/Intermediates.noindex/EagerLinkingTBDs/Debug -L/Users/bobkitchen/Library/Developer/Xcode/DerivedData/WhoNext-bcqdpcrgceedsxgxhmbktbrsaayp/Build/Products/Debug -L/Applications/Xcode.app/Contents/Developer/Platforms/MacOSX.platform/Developer/usr/lib -F/Users/bobkitchen/Library/Developer/Xcode/DerivedData/WhoNext-bcqdpcrgceedsxgxhmbktbrsaayp/Build/Intermediates.noindex/EagerLinkingTBDs/Debug -F/Users/bobkitchen/Library/Developer/Xcode/DerivedData/WhoNext-bcqdpcrgceedsxgxhmbktbrsaayp/Build/Products/Debug -iframework /Applications/Xcode.app/Contents/Developer/Platforms/MacOSX.platform/Developer/Library/Frameworks -filelist /Users/bobkitchen/Library/Developer/Xcode/DerivedData/WhoNext-bcqdpcrgceedsxgxhmbktbrsaayp/Build/Intermediates.noindex/swift-http-types.build/Debug/HTTPTypes.build/Objects-normal/arm64/HTTPTypes.LinkFileList -nostdlib -Xlinker -object_path_lto -Xlinker /Users/bobkitchen/Library/Developer/Xcode/DerivedData/WhoNext-bcqdpcrgceedsxgxhmbktbrsaayp/Build/Intermediates.noindex/swift-http-types.build/Debug/HTTPTypes.build/Objects-normal/arm64/HTTPTypes_lto.o -rdynamic -Xlinker -no_deduplicate -Xlinker -debug_variant -Xlinker -dependency_info -Xlinker /Users/bobkitchen/Library/Developer/Xcode/DerivedData/WhoNext-bcqdpcrgceedsxgxhmbktbrsaayp/Build/Intermediates.noindex/swift-http-types.build/Debug/HTTPTypes.build/Objects-normal/arm64/HTTPTypes_dependency_info.dat -fobjc-link-runtime -L/Applications/Xcode.app/Contents/Developer/Toolchains/XcodeDefault.xctoolchain/usr/lib/swift/macosx -L/usr/lib/swift -Xlinker -add_ast_path -Xlinker /Users/bobkitchen/Library/Developer/Xcode/DerivedData/WhoNext-bcqdpcrgceedsxgxhmbktbrsaayp/Build/Intermediates.noindex/swift-http-types.build/Debug/HTTPTypes.build/Objects-normal/arm64/HTTPTypes.swiftmodule @/Users/bobkitchen/Library/Developer/Xcode/DerivedData/WhoNext-bcqdpcrgceedsxgxhmbktbrsaayp/Build/Intermediates.noindex/swift-http-types.build/Debug/HTTPTypes.build/Objects-normal/arm64/HTTPTypes-linker-args.resp -o /Users/bobkitchen/Library/Developer/Xcode/DerivedData/WhoNext-bcqdpcrgceedsxgxhmbktbrsaayp/Build/Products/Debug/HTTPTypes.o

Ld /Users/bobkitchen/Library/Developer/Xcode/DerivedData/WhoNext-bcqdpcrgceedsxgxhmbktbrsaayp/Build/Products/Debug/FluidAudio.o normal (in target 'FluidAudio' from project 'FluidAudio')
    cd /Users/bobkitchen/Library/Developer/Xcode/DerivedData/WhoNext-bcqdpcrgceedsxgxhmbktbrsaayp/SourcePackages/checkouts/FluidAudio
    /Applications/Xcode.app/Contents/Developer/Toolchains/XcodeDefault.xctoolchain/usr/bin/clang -Xlinker -reproducible -target arm64-apple-macos13.0 -r -isysroot /Applications/Xcode.app/Contents/Developer/Platforms/MacOSX.platform/Developer/SDKs/MacOSX26.1.sdk -O0 -w -L/Users/bobkitchen/Library/Developer/Xcode/DerivedData/WhoNext-bcqdpcrgceedsxgxhmbktbrsaayp/Build/Intermediates.noindex/EagerLinkingTBDs/Debug -L/Users/bobkitchen/Library/Developer/Xcode/DerivedData/WhoNext-bcqdpcrgceedsxgxhmbktbrsaayp/Build/Products/Debug -L/Applications/Xcode.app/Contents/Developer/Platforms/MacOSX.platform/Developer/usr/lib -F/Users/bobkitchen/Library/Developer/Xcode/DerivedData/WhoNext-bcqdpcrgceedsxgxhmbktbrsaayp/Build/Intermediates.noindex/EagerLinkingTBDs/Debug -F/Users/bobkitchen/Library/Developer/Xcode/DerivedData/WhoNext-bcqdpcrgceedsxgxhmbktbrsaayp/Build/Products/Debug -iframework /Applications/Xcode.app/Contents/Developer/Platforms/MacOSX.platform/Developer/Library/Frameworks -filelist /Users/bobkitchen/Library/Developer/Xcode/DerivedData/WhoNext-bcqdpcrgceedsxgxhmbktbrsaayp/Build/Intermediates.noindex/FluidAudio.build/Debug/FluidAudio.build/Objects-normal/arm64/FluidAudio.LinkFileList -nostdlib -Xlinker -object_path_lto -Xlinker /Users/bobkitchen/Library/Developer/Xcode/DerivedData/WhoNext-bcqdpcrgceedsxgxhmbktbrsaayp/Build/Intermediates.noindex/FluidAudio.build/Debug/FluidAudio.build/Objects-normal/arm64/FluidAudio_lto.o -rdynamic -Xlinker -no_deduplicate -Xlinker -debug_variant -Xlinker -dependency_info -Xlinker /Users/bobkitchen/Library/Developer/Xcode/DerivedData/WhoNext-bcqdpcrgceedsxgxhmbktbrsaayp/Build/Intermediates.noindex/FluidAudio.build/Debug/FluidAudio.build/Objects-normal/arm64/FluidAudio_dependency_info.dat -fobjc-link-runtime -L/Applications/Xcode.app/Contents/Developer/Toolchains/XcodeDefault.xctoolchain/usr/lib/swift/macosx -L/usr/lib/swift -Xlinker -add_ast_path -Xlinker /Users/bobkitchen/Library/Developer/Xcode/DerivedData/WhoNext-bcqdpcrgceedsxgxhmbktbrsaayp/Build/Intermediates.noindex/FluidAudio.build/Debug/FluidAudio.build/Objects-normal/arm64/FluidAudio.swiftmodule @/Users/bobkitchen/Library/Developer/Xcode/DerivedData/WhoNext-bcqdpcrgceedsxgxhmbktbrsaayp/Build/Intermediates.noindex/FluidAudio.build/Debug/FluidAudio.build/Objects-normal/arm64/FluidAudio-linker-args.resp -o /Users/bobkitchen/Library/Developer/Xcode/DerivedData/WhoNext-bcqdpcrgceedsxgxhmbktbrsaayp/Build/Products/Debug/FluidAudio.o

ProcessProductPackaging /Users/bobkitchen/Documents/GitHub/WhoNext/WhoNext/WhoNext.entitlements /Users/bobkitchen/Library/Developer/Xcode/DerivedData/WhoNext-bcqdpcrgceedsxgxhmbktbrsaayp/Build/Intermediates.noindex/WhoNext.build/Debug/WhoNext.build/WhoNext.app.xcent (in target 'WhoNext' from project 'WhoNext')
    cd /Users/bobkitchen/Documents/GitHub/WhoNext
    
    Entitlements:
    
    {
    "com.apple.security.app-sandbox" = 1;
    "com.apple.security.device.audio-input" = 1;
    "com.apple.security.files.user-selected.read-write" = 1;
    "com.apple.security.get-task-allow" = 1;
    "com.apple.security.network.client" = 1;
    "com.apple.security.personal-information.calendars" = 1;
}
    
    builtin-productPackagingUtility /Users/bobkitchen/Documents/GitHub/WhoNext/WhoNext/WhoNext.entitlements -entitlements -format xml -o /Users/bobkitchen/Library/Developer/Xcode/DerivedData/WhoNext-bcqdpcrgceedsxgxhmbktbrsaayp/Build/Intermediates.noindex/WhoNext.build/Debug/WhoNext.build/WhoNext.app.xcent

ProcessInfoPlistFile /Users/bobkitchen/Library/Developer/Xcode/DerivedData/WhoNext-bcqdpcrgceedsxgxhmbktbrsaayp/Build/Products/Debug/Down_Down.bundle/Contents/Info.plist /Users/bobkitchen/Library/Developer/Xcode/DerivedData/WhoNext-bcqdpcrgceedsxgxhmbktbrsaayp/Build/Intermediates.noindex/Down.build/Debug/Down_Down.build/empty-Down_Down.plist (in target 'Down_Down' from project 'Down')
    cd /Users/bobkitchen/Library/Developer/Xcode/DerivedData/WhoNext-bcqdpcrgceedsxgxhmbktbrsaayp/SourcePackages/checkouts/Down
    builtin-infoPlistUtility /Users/bobkitchen/Library/Developer/Xcode/DerivedData/WhoNext-bcqdpcrgceedsxgxhmbktbrsaayp/Build/Intermediates.noindex/Down.build/Debug/Down_Down.build/empty-Down_Down.plist -producttype com.apple.product-type.bundle -expandbuildsettings -platform macosx -o /Users/bobkitchen/Library/Developer/Xcode/DerivedData/WhoNext-bcqdpcrgceedsxgxhmbktbrsaayp/Build/Products/Debug/Down_Down.bundle/Contents/Info.plist

ProcessProductPackagingDER /Users/bobkitchen/Library/Developer/Xcode/DerivedData/WhoNext-bcqdpcrgceedsxgxhmbktbrsaayp/Build/Intermediates.noindex/WhoNext.build/Debug/WhoNext.build/WhoNext.app.xcent /Users/bobkitchen/Library/Developer/Xcode/DerivedData/WhoNext-bcqdpcrgceedsxgxhmbktbrsaayp/Build/Intermediates.noindex/WhoNext.build/Debug/WhoNext.build/WhoNext.app.xcent.der (in target 'WhoNext' from project 'WhoNext')
    cd /Users/bobkitchen/Documents/GitHub/WhoNext
    /usr/bin/derq query -f xml -i /Users/bobkitchen/Library/Developer/Xcode/DerivedData/WhoNext-bcqdpcrgceedsxgxhmbktbrsaayp/Build/Intermediates.noindex/WhoNext.build/Debug/WhoNext.build/WhoNext.app.xcent -o /Users/bobkitchen/Library/Developer/Xcode/DerivedData/WhoNext-bcqdpcrgceedsxgxhmbktbrsaayp/Build/Intermediates.noindex/WhoNext.build/Debug/WhoNext.build/WhoNext.app.xcent.der --raw

Ld /Users/bobkitchen/Library/Developer/Xcode/DerivedData/WhoNext-bcqdpcrgceedsxgxhmbktbrsaayp/Build/Products/Debug/Crypto.o normal (in target 'Crypto' from project 'swift-crypto')
    cd /Users/bobkitchen/Library/Developer/Xcode/DerivedData/WhoNext-bcqdpcrgceedsxgxhmbktbrsaayp/SourcePackages/checkouts/swift-crypto
    /Applications/Xcode.app/Contents/Developer/Toolchains/XcodeDefault.xctoolchain/usr/bin/clang -Xlinker -reproducible -target arm64-apple-macos10.13 -r -isysroot /Applications/Xcode.app/Contents/Developer/Platforms/MacOSX.platform/Developer/SDKs/MacOSX26.1.sdk -O0 -w -L/Users/bobkitchen/Library/Developer/Xcode/DerivedData/WhoNext-bcqdpcrgceedsxgxhmbktbrsaayp/Build/Intermediates.noindex/EagerLinkingTBDs/Debug -L/Users/bobkitchen/Library/Developer/Xcode/DerivedData/WhoNext-bcqdpcrgceedsxgxhmbktbrsaayp/Build/Products/Debug -L/Applications/Xcode.app/Contents/Developer/Platforms/MacOSX.platform/Developer/usr/lib -F/Users/bobkitchen/Library/Developer/Xcode/DerivedData/WhoNext-bcqdpcrgceedsxgxhmbktbrsaayp/Build/Intermediates.noindex/EagerLinkingTBDs/Debug -F/Users/bobkitchen/Library/Developer/Xcode/DerivedData/WhoNext-bcqdpcrgceedsxgxhmbktbrsaayp/Build/Products/Debug -iframework /Applications/Xcode.app/Contents/Developer/Platforms/MacOSX.platform/Developer/Library/Frameworks -filelist /Users/bobkitchen/Library/Developer/Xcode/DerivedData/WhoNext-bcqdpcrgceedsxgxhmbktbrsaayp/Build/Intermediates.noindex/swift-crypto.build/Debug/Crypto.build/Objects-normal/arm64/Crypto.LinkFileList -nostdlib -Xlinker -object_path_lto -Xlinker /Users/bobkitchen/Library/Developer/Xcode/DerivedData/WhoNext-bcqdpcrgceedsxgxhmbktbrsaayp/Build/Intermediates.noindex/swift-crypto.build/Debug/Crypto.build/Objects-normal/arm64/Crypto_lto.o -rdynamic -Xlinker -no_deduplicate -Xlinker -debug_variant -Xlinker -dependency_info -Xlinker /Users/bobkitchen/Library/Developer/Xcode/DerivedData/WhoNext-bcqdpcrgceedsxgxhmbktbrsaayp/Build/Intermediates.noindex/swift-crypto.build/Debug/Crypto.build/Objects-normal/arm64/Crypto_dependency_info.dat -fobjc-link-runtime -L/Applications/Xcode.app/Contents/Developer/Toolchains/XcodeDefault.xctoolchain/usr/lib/swift/macosx -L/usr/lib/swift -Xlinker -add_ast_path -Xlinker /Users/bobkitchen/Library/Developer/Xcode/DerivedData/WhoNext-bcqdpcrgceedsxgxhmbktbrsaayp/Build/Intermediates.noindex/swift-crypto.build/Debug/Crypto.build/Objects-normal/arm64/Crypto.swiftmodule @/Users/bobkitchen/Library/Developer/Xcode/DerivedData/WhoNext-bcqdpcrgceedsxgxhmbktbrsaayp/Build/Intermediates.noindex/swift-crypto.build/Debug/Crypto.build/Objects-normal/arm64/Crypto-linker-args.resp -o /Users/bobkitchen/Library/Developer/Xcode/DerivedData/WhoNext-bcqdpcrgceedsxgxhmbktbrsaayp/Build/Products/Debug/Crypto.o

Ld /Users/bobkitchen/Library/Developer/Xcode/DerivedData/WhoNext-bcqdpcrgceedsxgxhmbktbrsaayp/Build/Products/Debug/SwiftCSV.o normal (in target 'SwiftCSV' from project 'SwiftCSV')
    cd /Users/bobkitchen/Library/Developer/Xcode/DerivedData/WhoNext-bcqdpcrgceedsxgxhmbktbrsaayp/SourcePackages/checkouts/SwiftCSV
    /Applications/Xcode.app/Contents/Developer/Toolchains/XcodeDefault.xctoolchain/usr/bin/clang -Xlinker -reproducible -target arm64-apple-macos10.13 -r -isysroot /Applications/Xcode.app/Contents/Developer/Platforms/MacOSX.platform/Developer/SDKs/MacOSX26.1.sdk -O0 -w -L/Users/bobkitchen/Library/Developer/Xcode/DerivedData/WhoNext-bcqdpcrgceedsxgxhmbktbrsaayp/Build/Intermediates.noindex/EagerLinkingTBDs/Debug -L/Users/bobkitchen/Library/Developer/Xcode/DerivedData/WhoNext-bcqdpcrgceedsxgxhmbktbrsaayp/Build/Products/Debug -L/Applications/Xcode.app/Contents/Developer/Platforms/MacOSX.platform/Developer/usr/lib -F/Users/bobkitchen/Library/Developer/Xcode/DerivedData/WhoNext-bcqdpcrgceedsxgxhmbktbrsaayp/Build/Intermediates.noindex/EagerLinkingTBDs/Debug -F/Users/bobkitchen/Library/Developer/Xcode/DerivedData/WhoNext-bcqdpcrgceedsxgxhmbktbrsaayp/Build/Products/Debug -iframework /Applications/Xcode.app/Contents/Developer/Platforms/MacOSX.platform/Developer/Library/Frameworks -filelist /Users/bobkitchen/Library/Developer/Xcode/DerivedData/WhoNext-bcqdpcrgceedsxgxhmbktbrsaayp/Build/Intermediates.noindex/SwiftCSV.build/Debug/SwiftCSV.build/Objects-normal/arm64/SwiftCSV.LinkFileList -nostdlib -Xlinker -object_path_lto -Xlinker /Users/bobkitchen/Library/Developer/Xcode/DerivedData/WhoNext-bcqdpcrgceedsxgxhmbktbrsaayp/Build/Intermediates.noindex/SwiftCSV.build/Debug/SwiftCSV.build/Objects-normal/arm64/SwiftCSV_lto.o -rdynamic -Xlinker -no_deduplicate -Xlinker -debug_variant -Xlinker -dependency_info -Xlinker /Users/bobkitchen/Library/Developer/Xcode/DerivedData/WhoNext-bcqdpcrgceedsxgxhmbktbrsaayp/Build/Intermediates.noindex/SwiftCSV.build/Debug/SwiftCSV.build/Objects-normal/arm64/SwiftCSV_dependency_info.dat -fobjc-link-runtime -L/Applications/Xcode.app/Contents/Developer/Toolchains/XcodeDefault.xctoolchain/usr/lib/swift/macosx -L/usr/lib/swift -Xlinker -add_ast_path -Xlinker /Users/bobkitchen/Library/Developer/Xcode/DerivedData/WhoNext-bcqdpcrgceedsxgxhmbktbrsaayp/Build/Intermediates.noindex/SwiftCSV.build/Debug/SwiftCSV.build/Objects-normal/arm64/SwiftCSV.swiftmodule @/Users/bobkitchen/Library/Developer/Xcode/DerivedData/WhoNext-bcqdpcrgceedsxgxhmbktbrsaayp/Build/Intermediates.noindex/SwiftCSV.build/Debug/SwiftCSV.build/Objects-normal/arm64/SwiftCSV-linker-args.resp -o /Users/bobkitchen/Library/Developer/Xcode/DerivedData/WhoNext-bcqdpcrgceedsxgxhmbktbrsaayp/Build/Products/Debug/SwiftCSV.o

SwiftDriver WhoNext normal arm64 com.apple.xcode.tools.swift.compiler (in target 'WhoNext' from project 'WhoNext')
    cd /Users/bobkitchen/Documents/GitHub/WhoNext
    builtin-SwiftDriver -- /Applications/Xcode.app/Contents/Developer/Toolchains/XcodeDefault.xctoolchain/usr/bin/swiftc -module-name WhoNext -Onone -enforce-exclusivity\=checked @/Users/bobkitchen/Library/Developer/Xcode/DerivedData/WhoNext-bcqdpcrgceedsxgxhmbktbrsaayp/Build/Intermediates.noindex/WhoNext.build/Debug/WhoNext.build/Objects-normal/arm64/WhoNext.SwiftFileList -DDEBUG -Xcc -fmodule-map-file\=/Users/bobkitchen/Library/Developer/Xcode/DerivedData/WhoNext-bcqdpcrgceedsxgxhmbktbrsaayp/Build/Intermediates.noindex/GeneratedModuleMaps/libcmark.modulemap -enable-bare-slash-regex -enable-experimental-feature DebugDescriptionMacro -sdk /Applications/Xcode.app/Contents/Developer/Platforms/MacOSX.platform/Developer/SDKs/MacOSX26.1.sdk -target arm64-apple-macos15.0 -g -module-cache-path /Users/bobkitchen/Library/Developer/Xcode/DerivedData/ModuleCache.noindex -Xfrontend -serialize-debugging-options -profile-coverage-mapping -profile-generate -enable-testing -index-store-path /Users/bobkitchen/Library/Developer/Xcode/DerivedData/WhoNext-bcqdpcrgceedsxgxhmbktbrsaayp/Index.noindex/DataStore -Xcc -D_LIBCPP_HARDENING_MODE\=_LIBCPP_HARDENING_MODE_DEBUG -swift-version 5 -I /Users/bobkitchen/Library/Developer/Xcode/DerivedData/WhoNext-bcqdpcrgceedsxgxhmbktbrsaayp/Build/Products/Debug -F /Users/bobkitchen/Library/Developer/Xcode/DerivedData/WhoNext-bcqdpcrgceedsxgxhmbktbrsaayp/Build/Products/Debug/PackageFrameworks -F /Users/bobkitchen/Library/Developer/Xcode/DerivedData/WhoNext-bcqdpcrgceedsxgxhmbktbrsaayp/Build/Products/Debug/PackageFrameworks -F /Users/bobkitchen/Library/Developer/Xcode/DerivedData/WhoNext-bcqdpcrgceedsxgxhmbktbrsaayp/Build/Products/Debug/PackageFrameworks -F /Users/bobkitchen/Library/Developer/Xcode/DerivedData/WhoNext-bcqdpcrgceedsxgxhmbktbrsaayp/Build/Products/Debug/PackageFrameworks -F /Users/bobkitchen/Library/Developer/Xcode/DerivedData/WhoNext-bcqdpcrgceedsxgxhmbktbrsaayp/Build/Products/Debug/PackageFrameworks -F /Users/bobkitchen/Library/Developer/Xcode/DerivedData/WhoNext-bcqdpcrgceedsxgxhmbktbrsaayp/Build/Products/Debug/PackageFrameworks -F /Users/bobkitchen/Library/Developer/Xcode/DerivedData/WhoNext-bcqdpcrgceedsxgxhmbktbrsaayp/Build/Products/Debug/PackageFrameworks -F /Users/bobkitchen/Library/Developer/Xcode/DerivedData/WhoNext-bcqdpcrgceedsxgxhmbktbrsaayp/Build/Products/Debug/PackageFrameworks -F /Users/bobkitchen/Library/Developer/Xcode/DerivedData/WhoNext-bcqdpcrgceedsxgxhmbktbrsaayp/Build/Products/Debug/PackageFrameworks -F /Users/bobkitchen/Library/Developer/Xcode/DerivedData/WhoNext-bcqdpcrgceedsxgxhmbktbrsaayp/Build/Products/Debug/PackageFrameworks -F /Users/bobkitchen/Library/Developer/Xcode/DerivedData/WhoNext-bcqdpcrgceedsxgxhmbktbrsaayp/Build/Products/Debug/PackageFrameworks -F /Users/bobkitchen/Library/Developer/Xcode/DerivedData/WhoNext-bcqdpcrgceedsxgxhmbktbrsaayp/Build/Products/Debug/PackageFrameworks -F /Users/bobkitchen/Library/Developer/Xcode/DerivedData/WhoNext-bcqdpcrgceedsxgxhmbktbrsaayp/Build/Products/Debug/PackageFrameworks -F /Users/bobkitchen/Library/Developer/Xcode/DerivedData/WhoNext-bcqdpcrgceedsxgxhmbktbrsaayp/Build/Products/Debug/PackageFrameworks -F /Users/bobkitchen/Library/Developer/Xcode/DerivedData/WhoNext-bcqdpcrgceedsxgxhmbktbrsaayp/Build/Products/Debug/PackageFrameworks -F /Users/bobkitchen/Library/Developer/Xcode/DerivedData/WhoNext-bcqdpcrgceedsxgxhmbktbrsaayp/Build/Products/Debug/PackageFrameworks -F /Users/bobkitchen/Library/Developer/Xcode/DerivedData/WhoNext-bcqdpcrgceedsxgxhmbktbrsaayp/Build/Products/Debug/PackageFrameworks -F /Users/bobkitchen/Library/Developer/Xcode/DerivedData/WhoNext-bcqdpcrgceedsxgxhmbktbrsaayp/Build/Products/Debug -emit-localized-strings -emit-localized-strings-path /Users/bobkitchen/Library/Developer/Xcode/DerivedData/WhoNext-bcqdpcrgceedsxgxhmbktbrsaayp/Build/Intermediates.noindex/WhoNext.build/Debug/WhoNext.build/Objects-normal/arm64 -c -j8 -enable-batch-mode -incremental -Xcc -ivfsstatcache -Xcc /Users/bobkitchen/Library/Developer/Xcode/DerivedData/SDKStatCaches.noindex/macosx26.1-25B74-3ae1261907bdadc328169391a47051a6.sdkstatcache -output-file-map /Users/bobkitchen/Library/Developer/Xcode/DerivedData/WhoNext-bcqdpcrgceedsxgxhmbktbrsaayp/Build/Intermediates.noindex/WhoNext.build/Debug/WhoNext.build/Objects-normal/arm64/WhoNext-OutputFileMap.json -use-frontend-parseable-output -save-temps -no-color-diagnostics -explicit-module-build -module-cache-path /Users/bobkitchen/Library/Developer/Xcode/DerivedData/WhoNext-bcqdpcrgceedsxgxhmbktbrsaayp/Build/Intermediates.noindex/SwiftExplicitPrecompiledModules -clang-scanner-module-cache-path /Users/bobkitchen/Library/Developer/Xcode/DerivedData/ModuleCache.noindex -sdk-module-cache-path /Users/bobkitchen/Library/Developer/Xcode/DerivedData/ModuleCache.noindex -serialize-diagnostics -emit-dependencies -emit-module -emit-module-path /Users/bobkitchen/Library/Developer/Xcode/DerivedData/WhoNext-bcqdpcrgceedsxgxhmbktbrsaayp/Build/Intermediates.noindex/WhoNext.build/Debug/WhoNext.build/Objects-normal/arm64/WhoNext.swiftmodule -validate-clang-modules-once -clang-build-session-file /Users/bobkitchen/Library/Developer/Xcode/DerivedData/ModuleCache.noindex/Session.modulevalidation -Xcc -I/Users/bobkitchen/Library/Developer/Xcode/DerivedData/WhoNext-bcqdpcrgceedsxgxhmbktbrsaayp/Build/Intermediates.noindex/WhoNext.build/Debug/WhoNext.build/swift-overrides.hmap -emit-const-values -Xfrontend -const-gather-protocols-file -Xfrontend /Users/bobkitchen/Library/Developer/Xcode/DerivedData/WhoNext-bcqdpcrgceedsxgxhmbktbrsaayp/Build/Intermediates.noindex/WhoNext.build/Debug/WhoNext.build/Objects-normal/arm64/WhoNext_const_extract_protocols.json -Xcc -iquote -Xcc /Users/bobkitchen/Library/Developer/Xcode/DerivedData/WhoNext-bcqdpcrgceedsxgxhmbktbrsaayp/Build/Intermediates.noindex/WhoNext.build/Debug/WhoNext.build/WhoNext-generated-files.hmap -Xcc -I/Users/bobkitchen/Library/Developer/Xcode/DerivedData/WhoNext-bcqdpcrgceedsxgxhmbktbrsaayp/Build/Intermediates.noindex/WhoNext.build/Debug/WhoNext.build/WhoNext-own-target-headers.hmap -Xcc -I/Users/bobkitchen/Library/Developer/Xcode/DerivedData/WhoNext-bcqdpcrgceedsxgxhmbktbrsaayp/Build/Intermediates.noindex/WhoNext.build/Debug/WhoNext.build/WhoNext-all-non-framework-target-headers.hmap -Xcc -ivfsoverlay -Xcc /Users/bobkitchen/Library/Developer/Xcode/DerivedData/WhoNext-bcqdpcrgceedsxgxhmbktbrsaayp/Build/Intermediates.noindex/WhoNext.build/Debug/WhoNext-47b2c88a68fb6c7df287073c6477cc9b-VFS/all-product-headers.yaml -Xcc -iquote -Xcc /Users/bobkitchen/Library/Developer/Xcode/DerivedData/WhoNext-bcqdpcrgceedsxgxhmbktbrsaayp/Build/Intermediates.noindex/WhoNext.build/Debug/WhoNext.build/WhoNext-project-headers.hmap -Xcc -I/Users/bobkitchen/Library/Developer/Xcode/DerivedData/WhoNext-bcqdpcrgceedsxgxhmbktbrsaayp/SourcePackages/checkouts/Down/Sources/cmark -Xcc -I/Users/bobkitchen/Library/Developer/Xcode/DerivedData/WhoNext-bcqdpcrgceedsxgxhmbktbrsaayp/Build/Products/Debug/include -Xcc -I/Users/bobkitchen/Library/Developer/Xcode/DerivedData/WhoNext-bcqdpcrgceedsxgxhmbktbrsaayp/Build/Intermediates.noindex/WhoNext.build/Debug/WhoNext.build/DerivedSources-normal/arm64 -Xcc -I/Users/bobkitchen/Library/Developer/Xcode/DerivedData/WhoNext-bcqdpcrgceedsxgxhmbktbrsaayp/Build/Intermediates.noindex/WhoNext.build/Debug/WhoNext.build/DerivedSources/arm64 -Xcc -I/Users/bobkitchen/Library/Developer/Xcode/DerivedData/WhoNext-bcqdpcrgceedsxgxhmbktbrsaayp/Build/Intermediates.noindex/WhoNext.build/Debug/WhoNext.build/DerivedSources -Xcc -DDEBUG\=1 -emit-objc-header -emit-objc-header-path /Users/bobkitchen/Library/Developer/Xcode/DerivedData/WhoNext-bcqdpcrgceedsxgxhmbktbrsaayp/Build/Intermediates.noindex/WhoNext.build/Debug/WhoNext.build/Objects-normal/arm64/WhoNext-Swift.h -working-directory /Users/bobkitchen/Documents/GitHub/WhoNext -experimental-emit-module-separately -disable-cmo

ExtractAppIntentsMetadata (in target 'ConcurrencyExtras' from project 'swift-concurrency-extras')
    cd /Users/bobkitchen/Library/Developer/Xcode/DerivedData/WhoNext-bcqdpcrgceedsxgxhmbktbrsaayp/SourcePackages/checkouts/swift-concurrency-extras
    /Applications/Xcode.app/Contents/Developer/Toolchains/XcodeDefault.xctoolchain/usr/bin/appintentsmetadataprocessor --toolchain-dir /Applications/Xcode.app/Contents/Developer/Toolchains/XcodeDefault.xctoolchain --module-name ConcurrencyExtras --sdk-root /Applications/Xcode.app/Contents/Developer/Platforms/MacOSX.platform/Developer/SDKs/MacOSX26.1.sdk --xcode-version 17B100 --platform-family macOS --deployment-target 10.15 --bundle-identifier swift-concurrency-extras.ConcurrencyExtras --output /Users/bobkitchen/Library/Developer/Xcode/DerivedData/WhoNext-bcqdpcrgceedsxgxhmbktbrsaayp/Build/Products/Debug/ConcurrencyExtras.appintents --target-triple arm64-apple-macos10.15 --binary-file /Users/bobkitchen/Library/Developer/Xcode/DerivedData/WhoNext-bcqdpcrgceedsxgxhmbktbrsaayp/Build/Products/Debug/ConcurrencyExtras.o --dependency-file /Users/bobkitchen/Library/Developer/Xcode/DerivedData/WhoNext-bcqdpcrgceedsxgxhmbktbrsaayp/Build/Intermediates.noindex/swift-concurrency-extras.build/Debug/ConcurrencyExtras.build/Objects-normal/arm64/ConcurrencyExtras_dependency_info.dat --stringsdata-file /Users/bobkitchen/Library/Developer/Xcode/DerivedData/WhoNext-bcqdpcrgceedsxgxhmbktbrsaayp/Build/Intermediates.noindex/swift-concurrency-extras.build/Debug/ConcurrencyExtras.build/Objects-normal/arm64/ExtractedAppShortcutsMetadata.stringsdata --source-file-list /Users/bobkitchen/Library/Developer/Xcode/DerivedData/WhoNext-bcqdpcrgceedsxgxhmbktbrsaayp/Build/Intermediates.noindex/swift-concurrency-extras.build/Debug/ConcurrencyExtras.build/Objects-normal/arm64/ConcurrencyExtras.SwiftFileList --metadata-file-list /Users/bobkitchen/Library/Developer/Xcode/DerivedData/WhoNext-bcqdpcrgceedsxgxhmbktbrsaayp/Build/Intermediates.noindex/swift-concurrency-extras.build/Debug/ConcurrencyExtras.build/ConcurrencyExtras.DependencyMetadataFileList --static-metadata-file-list /Users/bobkitchen/Library/Developer/Xcode/DerivedData/WhoNext-bcqdpcrgceedsxgxhmbktbrsaayp/Build/Intermediates.noindex/swift-concurrency-extras.build/Debug/ConcurrencyExtras.build/ConcurrencyExtras.DependencyStaticMetadataFileList --swift-const-vals-list /Users/bobkitchen/Library/Developer/Xcode/DerivedData/WhoNext-bcqdpcrgceedsxgxhmbktbrsaayp/Build/Intermediates.noindex/swift-concurrency-extras.build/Debug/ConcurrencyExtras.build/Objects-normal/arm64/ConcurrencyExtras.SwiftConstValuesFileList --force --compile-time-extraction --deployment-aware-processing --validate-assistant-intents --no-app-shortcuts-localization
2025-11-30 18:49:51.464 appintentsmetadataprocessor[49476:1886242] Starting appintentsmetadataprocessor export
2025-11-30 18:49:51.578 appintentsmetadataprocessor[49476:1886242] Extracted no relevant App Intents symbols, skipping writing output

ExtractAppIntentsMetadata (in target 'HTTPTypes' from project 'swift-http-types')
    cd /Users/bobkitchen/Library/Developer/Xcode/DerivedData/WhoNext-bcqdpcrgceedsxgxhmbktbrsaayp/SourcePackages/checkouts/swift-http-types
    /Applications/Xcode.app/Contents/Developer/Toolchains/XcodeDefault.xctoolchain/usr/bin/appintentsmetadataprocessor --toolchain-dir /Applications/Xcode.app/Contents/Developer/Toolchains/XcodeDefault.xctoolchain --module-name HTTPTypes --sdk-root /Applications/Xcode.app/Contents/Developer/Platforms/MacOSX.platform/Developer/SDKs/MacOSX26.1.sdk --xcode-version 17B100 --platform-family macOS --deployment-target 10.13 --bundle-identifier swift-http-types.HTTPTypes --output /Users/bobkitchen/Library/Developer/Xcode/DerivedData/WhoNext-bcqdpcrgceedsxgxhmbktbrsaayp/Build/Products/Debug/HTTPTypes.appintents --target-triple arm64-apple-macos10.13 --binary-file /Users/bobkitchen/Library/Developer/Xcode/DerivedData/WhoNext-bcqdpcrgceedsxgxhmbktbrsaayp/Build/Products/Debug/HTTPTypes.o --dependency-file /Users/bobkitchen/Library/Developer/Xcode/DerivedData/WhoNext-bcqdpcrgceedsxgxhmbktbrsaayp/Build/Intermediates.noindex/swift-http-types.build/Debug/HTTPTypes.build/Objects-normal/arm64/HTTPTypes_dependency_info.dat --stringsdata-file /Users/bobkitchen/Library/Developer/Xcode/DerivedData/WhoNext-bcqdpcrgceedsxgxhmbktbrsaayp/Build/Intermediates.noindex/swift-http-types.build/Debug/HTTPTypes.build/Objects-normal/arm64/ExtractedAppShortcutsMetadata.stringsdata --source-file-list /Users/bobkitchen/Library/Developer/Xcode/DerivedData/WhoNext-bcqdpcrgceedsxgxhmbktbrsaayp/Build/Intermediates.noindex/swift-http-types.build/Debug/HTTPTypes.build/Objects-normal/arm64/HTTPTypes.SwiftFileList --metadata-file-list /Users/bobkitchen/Library/Developer/Xcode/DerivedData/WhoNext-bcqdpcrgceedsxgxhmbktbrsaayp/Build/Intermediates.noindex/swift-http-types.build/Debug/HTTPTypes.build/HTTPTypes.DependencyMetadataFileList --static-metadata-file-list /Users/bobkitchen/Library/Developer/Xcode/DerivedData/WhoNext-bcqdpcrgceedsxgxhmbktbrsaayp/Build/Intermediates.noindex/swift-http-types.build/Debug/HTTPTypes.build/HTTPTypes.DependencyStaticMetadataFileList --swift-const-vals-list /Users/bobkitchen/Library/Developer/Xcode/DerivedData/WhoNext-bcqdpcrgceedsxgxhmbktbrsaayp/Build/Intermediates.noindex/swift-http-types.build/Debug/HTTPTypes.build/Objects-normal/arm64/HTTPTypes.SwiftConstValuesFileList --force --compile-time-extraction --deployment-aware-processing --validate-assistant-intents --no-app-shortcuts-localization
2025-11-30 18:49:51.464 appintentsmetadataprocessor[49477:1886243] Starting appintentsmetadataprocessor export
2025-11-30 18:49:51.588 appintentsmetadataprocessor[49477:1886243] Extracted no relevant App Intents symbols, skipping writing output

ExtractAppIntentsMetadata (in target 'IssueReporting' from project 'xctest-dynamic-overlay')
    cd /Users/bobkitchen/Library/Developer/Xcode/DerivedData/WhoNext-bcqdpcrgceedsxgxhmbktbrsaayp/SourcePackages/checkouts/xctest-dynamic-overlay
    /Applications/Xcode.app/Contents/Developer/Toolchains/XcodeDefault.xctoolchain/usr/bin/appintentsmetadataprocessor --toolchain-dir /Applications/Xcode.app/Contents/Developer/Toolchains/XcodeDefault.xctoolchain --module-name IssueReporting --sdk-root /Applications/Xcode.app/Contents/Developer/Platforms/MacOSX.platform/Developer/SDKs/MacOSX26.1.sdk --xcode-version 17B100 --platform-family macOS --deployment-target 10.15 --bundle-identifier xctest-dynamic-overlay.IssueReporting --output /Users/bobkitchen/Library/Developer/Xcode/DerivedData/WhoNext-bcqdpcrgceedsxgxhmbktbrsaayp/Build/Products/Debug/IssueReporting.appintents --target-triple arm64-apple-macos10.15 --binary-file /Users/bobkitchen/Library/Developer/Xcode/DerivedData/WhoNext-bcqdpcrgceedsxgxhmbktbrsaayp/Build/Products/Debug/IssueReporting.o --dependency-file /Users/bobkitchen/Library/Developer/Xcode/DerivedData/WhoNext-bcqdpcrgceedsxgxhmbktbrsaayp/Build/Intermediates.noindex/xctest-dynamic-overlay.build/Debug/IssueReporting.build/Objects-normal/arm64/IssueReporting_dependency_info.dat --stringsdata-file /Users/bobkitchen/Library/Developer/Xcode/DerivedData/WhoNext-bcqdpcrgceedsxgxhmbktbrsaayp/Build/Intermediates.noindex/xctest-dynamic-overlay.build/Debug/IssueReporting.build/Objects-normal/arm64/ExtractedAppShortcutsMetadata.stringsdata --source-file-list /Users/bobkitchen/Library/Developer/Xcode/DerivedData/WhoNext-bcqdpcrgceedsxgxhmbktbrsaayp/Build/Intermediates.noindex/xctest-dynamic-overlay.build/Debug/IssueReporting.build/Objects-normal/arm64/IssueReporting.SwiftFileList --metadata-file-list /Users/bobkitchen/Library/Developer/Xcode/DerivedData/WhoNext-bcqdpcrgceedsxgxhmbktbrsaayp/Build/Intermediates.noindex/xctest-dynamic-overlay.build/Debug/IssueReporting.build/IssueReporting.DependencyMetadataFileList --static-metadata-file-list /Users/bobkitchen/Library/Developer/Xcode/DerivedData/WhoNext-bcqdpcrgceedsxgxhmbktbrsaayp/Build/Intermediates.noindex/xctest-dynamic-overlay.build/Debug/IssueReporting.build/IssueReporting.DependencyStaticMetadataFileList --swift-const-vals-list /Users/bobkitchen/Library/Developer/Xcode/DerivedData/WhoNext-bcqdpcrgceedsxgxhmbktbrsaayp/Build/Intermediates.noindex/xctest-dynamic-overlay.build/Debug/IssueReporting.build/Objects-normal/arm64/IssueReporting.SwiftConstValuesFileList --force --compile-time-extraction --deployment-aware-processing --validate-assistant-intents --no-app-shortcuts-localization
2025-11-30 18:49:51.466 appintentsmetadataprocessor[49478:1886251] Starting appintentsmetadataprocessor export
2025-11-30 18:49:51.575 appintentsmetadataprocessor[49478:1886251] Extracted no relevant App Intents symbols, skipping writing output

RegisterExecutionPolicyException /Users/bobkitchen/Library/Developer/Xcode/DerivedData/WhoNext-bcqdpcrgceedsxgxhmbktbrsaayp/Build/Products/Debug/libcmark.o (in target 'libcmark' from project 'Down')
    cd /Users/bobkitchen/Library/Developer/Xcode/DerivedData/WhoNext-bcqdpcrgceedsxgxhmbktbrsaayp/SourcePackages/checkouts/Down
    builtin-RegisterExecutionPolicyException /Users/bobkitchen/Library/Developer/Xcode/DerivedData/WhoNext-bcqdpcrgceedsxgxhmbktbrsaayp/Build/Products/Debug/libcmark.o

ExtractAppIntentsMetadata (in target 'SwiftCSV' from project 'SwiftCSV')
    cd /Users/bobkitchen/Library/Developer/Xcode/DerivedData/WhoNext-bcqdpcrgceedsxgxhmbktbrsaayp/SourcePackages/checkouts/SwiftCSV
    /Applications/Xcode.app/Contents/Developer/Toolchains/XcodeDefault.xctoolchain/usr/bin/appintentsmetadataprocessor --toolchain-dir /Applications/Xcode.app/Contents/Developer/Toolchains/XcodeDefault.xctoolchain --module-name SwiftCSV --sdk-root /Applications/Xcode.app/Contents/Developer/Platforms/MacOSX.platform/Developer/SDKs/MacOSX26.1.sdk --xcode-version 17B100 --platform-family macOS --deployment-target 10.13 --bundle-identifier swiftcsv.SwiftCSV --output /Users/bobkitchen/Library/Developer/Xcode/DerivedData/WhoNext-bcqdpcrgceedsxgxhmbktbrsaayp/Build/Products/Debug/SwiftCSV.appintents --target-triple arm64-apple-macos10.13 --binary-file /Users/bobkitchen/Library/Developer/Xcode/DerivedData/WhoNext-bcqdpcrgceedsxgxhmbktbrsaayp/Build/Products/Debug/SwiftCSV.o --dependency-file /Users/bobkitchen/Library/Developer/Xcode/DerivedData/WhoNext-bcqdpcrgceedsxgxhmbktbrsaayp/Build/Intermediates.noindex/SwiftCSV.build/Debug/SwiftCSV.build/Objects-normal/arm64/SwiftCSV_dependency_info.dat --stringsdata-file /Users/bobkitchen/Library/Developer/Xcode/DerivedData/WhoNext-bcqdpcrgceedsxgxhmbktbrsaayp/Build/Intermediates.noindex/SwiftCSV.build/Debug/SwiftCSV.build/Objects-normal/arm64/ExtractedAppShortcutsMetadata.stringsdata --source-file-list /Users/bobkitchen/Library/Developer/Xcode/DerivedData/WhoNext-bcqdpcrgceedsxgxhmbktbrsaayp/Build/Intermediates.noindex/SwiftCSV.build/Debug/SwiftCSV.build/Objects-normal/arm64/SwiftCSV.SwiftFileList --metadata-file-list /Users/bobkitchen/Library/Developer/Xcode/DerivedData/WhoNext-bcqdpcrgceedsxgxhmbktbrsaayp/Build/Intermediates.noindex/SwiftCSV.build/Debug/SwiftCSV.build/SwiftCSV.DependencyMetadataFileList --static-metadata-file-list /Users/bobkitchen/Library/Developer/Xcode/DerivedData/WhoNext-bcqdpcrgceedsxgxhmbktbrsaayp/Build/Intermediates.noindex/SwiftCSV.build/Debug/SwiftCSV.build/SwiftCSV.DependencyStaticMetadataFileList --swift-const-vals-list /Users/bobkitchen/Library/Developer/Xcode/DerivedData/WhoNext-bcqdpcrgceedsxgxhmbktbrsaayp/Build/Intermediates.noindex/SwiftCSV.build/Debug/SwiftCSV.build/Objects-normal/arm64/SwiftCSV.SwiftConstValuesFileList --force --compile-time-extraction --deployment-aware-processing --validate-assistant-intents --no-app-shortcuts-localization
2025-11-30 18:49:51.465 appintentsmetadataprocessor[49479:1886260] Starting appintentsmetadataprocessor export
2025-11-30 18:49:51.573 appintentsmetadataprocessor[49479:1886260] Extracted no relevant App Intents symbols, skipping writing output

ExtractAppIntentsMetadata (in target 'Crypto' from project 'swift-crypto')
    cd /Users/bobkitchen/Library/Developer/Xcode/DerivedData/WhoNext-bcqdpcrgceedsxgxhmbktbrsaayp/SourcePackages/checkouts/swift-crypto
    /Applications/Xcode.app/Contents/Developer/Toolchains/XcodeDefault.xctoolchain/usr/bin/appintentsmetadataprocessor --toolchain-dir /Applications/Xcode.app/Contents/Developer/Toolchains/XcodeDefault.xctoolchain --module-name Crypto --sdk-root /Applications/Xcode.app/Contents/Developer/Platforms/MacOSX.platform/Developer/SDKs/MacOSX26.1.sdk --xcode-version 17B100 --platform-family macOS --deployment-target 10.13 --bundle-identifier swift-crypto.Crypto --output /Users/bobkitchen/Library/Developer/Xcode/DerivedData/WhoNext-bcqdpcrgceedsxgxhmbktbrsaayp/Build/Products/Debug/Crypto.appintents --target-triple arm64-apple-macos10.13 --binary-file /Users/bobkitchen/Library/Developer/Xcode/DerivedData/WhoNext-bcqdpcrgceedsxgxhmbktbrsaayp/Build/Products/Debug/Crypto.o --dependency-file /Users/bobkitchen/Library/Developer/Xcode/DerivedData/WhoNext-bcqdpcrgceedsxgxhmbktbrsaayp/Build/Intermediates.noindex/swift-crypto.build/Debug/Crypto.build/Objects-normal/arm64/Crypto_dependency_info.dat --stringsdata-file /Users/bobkitchen/Library/Developer/Xcode/DerivedData/WhoNext-bcqdpcrgceedsxgxhmbktbrsaayp/Build/Intermediates.noindex/swift-crypto.build/Debug/Crypto.build/Objects-normal/arm64/ExtractedAppShortcutsMetadata.stringsdata --source-file-list /Users/bobkitchen/Library/Developer/Xcode/DerivedData/WhoNext-bcqdpcrgceedsxgxhmbktbrsaayp/Build/Intermediates.noindex/swift-crypto.build/Debug/Crypto.build/Objects-normal/arm64/Crypto.SwiftFileList --metadata-file-list /Users/bobkitchen/Library/Developer/Xcode/DerivedData/WhoNext-bcqdpcrgceedsxgxhmbktbrsaayp/Build/Intermediates.noindex/swift-crypto.build/Debug/Crypto.build/Crypto.DependencyMetadataFileList --static-metadata-file-list /Users/bobkitchen/Library/Developer/Xcode/DerivedData/WhoNext-bcqdpcrgceedsxgxhmbktbrsaayp/Build/Intermediates.noindex/swift-crypto.build/Debug/Crypto.build/Crypto.DependencyStaticMetadataFileList --swift-const-vals-list /Users/bobkitchen/Library/Developer/Xcode/DerivedData/WhoNext-bcqdpcrgceedsxgxhmbktbrsaayp/Build/Intermediates.noindex/swift-crypto.build/Debug/Crypto.build/Objects-normal/arm64/Crypto.SwiftConstValuesFileList --force --compile-time-extraction --deployment-aware-processing --validate-assistant-intents --no-app-shortcuts-localization
2025-11-30 18:49:51.467 appintentsmetadataprocessor[49480:1886262] Starting appintentsmetadataprocessor export
2025-11-30 18:49:51.589 appintentsmetadataprocessor[49480:1886262] Extracted no relevant App Intents symbols, skipping writing output

Ld /Users/bobkitchen/Library/Developer/Xcode/DerivedData/WhoNext-bcqdpcrgceedsxgxhmbktbrsaayp/Build/Products/Debug/Down.o normal (in target 'Down' from project 'Down')
    cd /Users/bobkitchen/Library/Developer/Xcode/DerivedData/WhoNext-bcqdpcrgceedsxgxhmbktbrsaayp/SourcePackages/checkouts/Down
    /Applications/Xcode.app/Contents/Developer/Toolchains/XcodeDefault.xctoolchain/usr/bin/clang -Xlinker -reproducible -target arm64-apple-macos10.13 -r -isysroot /Applications/Xcode.app/Contents/Developer/Platforms/MacOSX.platform/Developer/SDKs/MacOSX26.1.sdk -O0 -w -L/Users/bobkitchen/Library/Developer/Xcode/DerivedData/WhoNext-bcqdpcrgceedsxgxhmbktbrsaayp/Build/Intermediates.noindex/EagerLinkingTBDs/Debug -L/Users/bobkitchen/Library/Developer/Xcode/DerivedData/WhoNext-bcqdpcrgceedsxgxhmbktbrsaayp/Build/Products/Debug -L/Applications/Xcode.app/Contents/Developer/Platforms/MacOSX.platform/Developer/usr/lib -F/Users/bobkitchen/Library/Developer/Xcode/DerivedData/WhoNext-bcqdpcrgceedsxgxhmbktbrsaayp/Build/Intermediates.noindex/EagerLinkingTBDs/Debug -F/Users/bobkitchen/Library/Developer/Xcode/DerivedData/WhoNext-bcqdpcrgceedsxgxhmbktbrsaayp/Build/Products/Debug/PackageFrameworks -F/Users/bobkitchen/Library/Developer/Xcode/DerivedData/WhoNext-bcqdpcrgceedsxgxhmbktbrsaayp/Build/Products/Debug -iframework /Applications/Xcode.app/Contents/Developer/Platforms/MacOSX.platform/Developer/Library/Frameworks -filelist /Users/bobkitchen/Library/Developer/Xcode/DerivedData/WhoNext-bcqdpcrgceedsxgxhmbktbrsaayp/Build/Intermediates.noindex/Down.build/Debug/Down.build/Objects-normal/arm64/Down.LinkFileList -nostdlib -Xlinker -object_path_lto -Xlinker /Users/bobkitchen/Library/Developer/Xcode/DerivedData/WhoNext-bcqdpcrgceedsxgxhmbktbrsaayp/Build/Intermediates.noindex/Down.build/Debug/Down.build/Objects-normal/arm64/Down_lto.o -rdynamic -Xlinker -no_deduplicate -Xlinker -debug_variant -Xlinker -dependency_info -Xlinker /Users/bobkitchen/Library/Developer/Xcode/DerivedData/WhoNext-bcqdpcrgceedsxgxhmbktbrsaayp/Build/Intermediates.noindex/Down.build/Debug/Down.build/Objects-normal/arm64/Down_dependency_info.dat -fobjc-link-runtime -L/Applications/Xcode.app/Contents/Developer/Toolchains/XcodeDefault.xctoolchain/usr/lib/swift/macosx -L/usr/lib/swift -Xlinker -add_ast_path -Xlinker /Users/bobkitchen/Library/Developer/Xcode/DerivedData/WhoNext-bcqdpcrgceedsxgxhmbktbrsaayp/Build/Intermediates.noindex/Down.build/Debug/Down.build/Objects-normal/arm64/Down.swiftmodule @/Users/bobkitchen/Library/Developer/Xcode/DerivedData/WhoNext-bcqdpcrgceedsxgxhmbktbrsaayp/Build/Intermediates.noindex/Down.build/Debug/Down.build/Objects-normal/arm64/Down-linker-args.resp -o /Users/bobkitchen/Library/Developer/Xcode/DerivedData/WhoNext-bcqdpcrgceedsxgxhmbktbrsaayp/Build/Products/Debug/Down.o

ExtractAppIntentsMetadata (in target 'FluidAudio' from project 'FluidAudio')
    cd /Users/bobkitchen/Library/Developer/Xcode/DerivedData/WhoNext-bcqdpcrgceedsxgxhmbktbrsaayp/SourcePackages/checkouts/FluidAudio
    /Applications/Xcode.app/Contents/Developer/Toolchains/XcodeDefault.xctoolchain/usr/bin/appintentsmetadataprocessor --toolchain-dir /Applications/Xcode.app/Contents/Developer/Toolchains/XcodeDefault.xctoolchain --module-name FluidAudio --sdk-root /Applications/Xcode.app/Contents/Developer/Platforms/MacOSX.platform/Developer/SDKs/MacOSX26.1.sdk --xcode-version 17B100 --platform-family macOS --deployment-target 13.0 --bundle-identifier fluidaudio.FluidAudio --output /Users/bobkitchen/Library/Developer/Xcode/DerivedData/WhoNext-bcqdpcrgceedsxgxhmbktbrsaayp/Build/Products/Debug/FluidAudio.appintents --target-triple arm64-apple-macos13.0 --binary-file /Users/bobkitchen/Library/Developer/Xcode/DerivedData/WhoNext-bcqdpcrgceedsxgxhmbktbrsaayp/Build/Products/Debug/FluidAudio.o --dependency-file /Users/bobkitchen/Library/Developer/Xcode/DerivedData/WhoNext-bcqdpcrgceedsxgxhmbktbrsaayp/Build/Intermediates.noindex/FluidAudio.build/Debug/FluidAudio.build/Objects-normal/arm64/FluidAudio_dependency_info.dat --stringsdata-file /Users/bobkitchen/Library/Developer/Xcode/DerivedData/WhoNext-bcqdpcrgceedsxgxhmbktbrsaayp/Build/Intermediates.noindex/FluidAudio.build/Debug/FluidAudio.build/Objects-normal/arm64/ExtractedAppShortcutsMetadata.stringsdata --source-file-list /Users/bobkitchen/Library/Developer/Xcode/DerivedData/WhoNext-bcqdpcrgceedsxgxhmbktbrsaayp/Build/Intermediates.noindex/FluidAudio.build/Debug/FluidAudio.build/Objects-normal/arm64/FluidAudio.SwiftFileList --metadata-file-list /Users/bobkitchen/Library/Developer/Xcode/DerivedData/WhoNext-bcqdpcrgceedsxgxhmbktbrsaayp/Build/Intermediates.noindex/FluidAudio.build/Debug/FluidAudio.build/FluidAudio.DependencyMetadataFileList --static-metadata-file-list /Users/bobkitchen/Library/Developer/Xcode/DerivedData/WhoNext-bcqdpcrgceedsxgxhmbktbrsaayp/Build/Intermediates.noindex/FluidAudio.build/Debug/FluidAudio.build/FluidAudio.DependencyStaticMetadataFileList --swift-const-vals-list /Users/bobkitchen/Library/Developer/Xcode/DerivedData/WhoNext-bcqdpcrgceedsxgxhmbktbrsaayp/Build/Intermediates.noindex/FluidAudio.build/Debug/FluidAudio.build/Objects-normal/arm64/FluidAudio.SwiftConstValuesFileList --force --compile-time-extraction --deployment-aware-processing --validate-assistant-intents --no-app-shortcuts-localization
2025-11-30 18:49:51.466 appintentsmetadataprocessor[49482:1886264] Starting appintentsmetadataprocessor export
2025-11-30 18:49:51.583 appintentsmetadataprocessor[49482:1886264] Extracted no relevant App Intents symbols, skipping writing output

ExtractAppIntentsMetadata (in target 'Down' from project 'Down')
    cd /Users/bobkitchen/Library/Developer/Xcode/DerivedData/WhoNext-bcqdpcrgceedsxgxhmbktbrsaayp/SourcePackages/checkouts/Down
    /Applications/Xcode.app/Contents/Developer/Toolchains/XcodeDefault.xctoolchain/usr/bin/appintentsmetadataprocessor --toolchain-dir /Applications/Xcode.app/Contents/Developer/Toolchains/XcodeDefault.xctoolchain --module-name Down --sdk-root /Applications/Xcode.app/Contents/Developer/Platforms/MacOSX.platform/Developer/SDKs/MacOSX26.1.sdk --xcode-version 17B100 --platform-family macOS --deployment-target 10.13 --bundle-identifier down.Down --output /Users/bobkitchen/Library/Developer/Xcode/DerivedData/WhoNext-bcqdpcrgceedsxgxhmbktbrsaayp/Build/Products/Debug/Down.appintents --target-triple arm64-apple-macos10.13 --binary-file /Users/bobkitchen/Library/Developer/Xcode/DerivedData/WhoNext-bcqdpcrgceedsxgxhmbktbrsaayp/Build/Products/Debug/Down.o --dependency-file /Users/bobkitchen/Library/Developer/Xcode/DerivedData/WhoNext-bcqdpcrgceedsxgxhmbktbrsaayp/Build/Intermediates.noindex/Down.build/Debug/Down.build/Objects-normal/arm64/Down_dependency_info.dat --stringsdata-file /Users/bobkitchen/Library/Developer/Xcode/DerivedData/WhoNext-bcqdpcrgceedsxgxhmbktbrsaayp/Build/Intermediates.noindex/Down.build/Debug/Down.build/Objects-normal/arm64/ExtractedAppShortcutsMetadata.stringsdata --source-file-list /Users/bobkitchen/Library/Developer/Xcode/DerivedData/WhoNext-bcqdpcrgceedsxgxhmbktbrsaayp/Build/Intermediates.noindex/Down.build/Debug/Down.build/Objects-normal/arm64/Down.SwiftFileList --metadata-file-list /Users/bobkitchen/Library/Developer/Xcode/DerivedData/WhoNext-bcqdpcrgceedsxgxhmbktbrsaayp/Build/Intermediates.noindex/Down.build/Debug/Down.build/Down.DependencyMetadataFileList --static-metadata-file-list /Users/bobkitchen/Library/Developer/Xcode/DerivedData/WhoNext-bcqdpcrgceedsxgxhmbktbrsaayp/Build/Intermediates.noindex/Down.build/Debug/Down.build/Down.DependencyStaticMetadataFileList --swift-const-vals-list /Users/bobkitchen/Library/Developer/Xcode/DerivedData/WhoNext-bcqdpcrgceedsxgxhmbktbrsaayp/Build/Intermediates.noindex/Down.build/Debug/Down.build/Objects-normal/arm64/Down.SwiftConstValuesFileList --force --compile-time-extraction --deployment-aware-processing --validate-assistant-intents --no-app-shortcuts-localization
2025-11-30 18:49:51.498 appintentsmetadataprocessor[49484:1886290] Starting appintentsmetadataprocessor export
2025-11-30 18:49:51.589 appintentsmetadataprocessor[49484:1886290] Extracted no relevant App Intents symbols, skipping writing output

RegisterExecutionPolicyException /Users/bobkitchen/Library/Developer/Xcode/DerivedData/WhoNext-bcqdpcrgceedsxgxhmbktbrsaayp/Build/Products/Debug/SwiftCSV.o (in target 'SwiftCSV' from project 'SwiftCSV')
    cd /Users/bobkitchen/Library/Developer/Xcode/DerivedData/WhoNext-bcqdpcrgceedsxgxhmbktbrsaayp/SourcePackages/checkouts/SwiftCSV
    builtin-RegisterExecutionPolicyException /Users/bobkitchen/Library/Developer/Xcode/DerivedData/WhoNext-bcqdpcrgceedsxgxhmbktbrsaayp/Build/Products/Debug/SwiftCSV.o

RegisterExecutionPolicyException /Users/bobkitchen/Library/Developer/Xcode/DerivedData/WhoNext-bcqdpcrgceedsxgxhmbktbrsaayp/Build/Products/Debug/IssueReporting.o (in target 'IssueReporting' from project 'xctest-dynamic-overlay')
    cd /Users/bobkitchen/Library/Developer/Xcode/DerivedData/WhoNext-bcqdpcrgceedsxgxhmbktbrsaayp/SourcePackages/checkouts/xctest-dynamic-overlay
    builtin-RegisterExecutionPolicyException /Users/bobkitchen/Library/Developer/Xcode/DerivedData/WhoNext-bcqdpcrgceedsxgxhmbktbrsaayp/Build/Products/Debug/IssueReporting.o

RegisterExecutionPolicyException /Users/bobkitchen/Library/Developer/Xcode/DerivedData/WhoNext-bcqdpcrgceedsxgxhmbktbrsaayp/Build/Products/Debug/ConcurrencyExtras.o (in target 'ConcurrencyExtras' from project 'swift-concurrency-extras')
    cd /Users/bobkitchen/Library/Developer/Xcode/DerivedData/WhoNext-bcqdpcrgceedsxgxhmbktbrsaayp/SourcePackages/checkouts/swift-concurrency-extras
    builtin-RegisterExecutionPolicyException /Users/bobkitchen/Library/Developer/Xcode/DerivedData/WhoNext-bcqdpcrgceedsxgxhmbktbrsaayp/Build/Products/Debug/ConcurrencyExtras.o

RegisterExecutionPolicyException /Users/bobkitchen/Library/Developer/Xcode/DerivedData/WhoNext-bcqdpcrgceedsxgxhmbktbrsaayp/Build/Products/Debug/FluidAudio.o (in target 'FluidAudio' from project 'FluidAudio')
    cd /Users/bobkitchen/Library/Developer/Xcode/DerivedData/WhoNext-bcqdpcrgceedsxgxhmbktbrsaayp/SourcePackages/checkouts/FluidAudio
    builtin-RegisterExecutionPolicyException /Users/bobkitchen/Library/Developer/Xcode/DerivedData/WhoNext-bcqdpcrgceedsxgxhmbktbrsaayp/Build/Products/Debug/FluidAudio.o

RegisterExecutionPolicyException /Users/bobkitchen/Library/Developer/Xcode/DerivedData/WhoNext-bcqdpcrgceedsxgxhmbktbrsaayp/Build/Products/Debug/HTTPTypes.o (in target 'HTTPTypes' from project 'swift-http-types')
    cd /Users/bobkitchen/Library/Developer/Xcode/DerivedData/WhoNext-bcqdpcrgceedsxgxhmbktbrsaayp/SourcePackages/checkouts/swift-http-types
    builtin-RegisterExecutionPolicyException /Users/bobkitchen/Library/Developer/Xcode/DerivedData/WhoNext-bcqdpcrgceedsxgxhmbktbrsaayp/Build/Products/Debug/HTTPTypes.o

RegisterExecutionPolicyException /Users/bobkitchen/Library/Developer/Xcode/DerivedData/WhoNext-bcqdpcrgceedsxgxhmbktbrsaayp/Build/Products/Debug/Down.o (in target 'Down' from project 'Down')
    cd /Users/bobkitchen/Library/Developer/Xcode/DerivedData/WhoNext-bcqdpcrgceedsxgxhmbktbrsaayp/SourcePackages/checkouts/Down
    builtin-RegisterExecutionPolicyException /Users/bobkitchen/Library/Developer/Xcode/DerivedData/WhoNext-bcqdpcrgceedsxgxhmbktbrsaayp/Build/Products/Debug/Down.o

RegisterExecutionPolicyException /Users/bobkitchen/Library/Developer/Xcode/DerivedData/WhoNext-bcqdpcrgceedsxgxhmbktbrsaayp/Build/Products/Debug/Crypto.o (in target 'Crypto' from project 'swift-crypto')
    cd /Users/bobkitchen/Library/Developer/Xcode/DerivedData/WhoNext-bcqdpcrgceedsxgxhmbktbrsaayp/SourcePackages/checkouts/swift-crypto
    builtin-RegisterExecutionPolicyException /Users/bobkitchen/Library/Developer/Xcode/DerivedData/WhoNext-bcqdpcrgceedsxgxhmbktbrsaayp/Build/Products/Debug/Crypto.o

Ld /Users/bobkitchen/Library/Developer/Xcode/DerivedData/WhoNext-bcqdpcrgceedsxgxhmbktbrsaayp/Build/Products/Debug/XCTestDynamicOverlay.o normal (in target 'XCTestDynamicOverlay' from project 'xctest-dynamic-overlay')
    cd /Users/bobkitchen/Library/Developer/Xcode/DerivedData/WhoNext-bcqdpcrgceedsxgxhmbktbrsaayp/SourcePackages/checkouts/xctest-dynamic-overlay
    /Applications/Xcode.app/Contents/Developer/Toolchains/XcodeDefault.xctoolchain/usr/bin/clang -Xlinker -reproducible -target arm64-apple-macos10.15 -r -isysroot /Applications/Xcode.app/Contents/Developer/Platforms/MacOSX.platform/Developer/SDKs/MacOSX26.1.sdk -O0 -w -L/Users/bobkitchen/Library/Developer/Xcode/DerivedData/WhoNext-bcqdpcrgceedsxgxhmbktbrsaayp/Build/Intermediates.noindex/EagerLinkingTBDs/Debug -L/Users/bobkitchen/Library/Developer/Xcode/DerivedData/WhoNext-bcqdpcrgceedsxgxhmbktbrsaayp/Build/Products/Debug -L/Applications/Xcode.app/Contents/Developer/Platforms/MacOSX.platform/Developer/usr/lib -F/Users/bobkitchen/Library/Developer/Xcode/DerivedData/WhoNext-bcqdpcrgceedsxgxhmbktbrsaayp/Build/Intermediates.noindex/EagerLinkingTBDs/Debug -F/Users/bobkitchen/Library/Developer/Xcode/DerivedData/WhoNext-bcqdpcrgceedsxgxhmbktbrsaayp/Build/Products/Debug/PackageFrameworks -F/Users/bobkitchen/Library/Developer/Xcode/DerivedData/WhoNext-bcqdpcrgceedsxgxhmbktbrsaayp/Build/Products/Debug -iframework /Applications/Xcode.app/Contents/Developer/Platforms/MacOSX.platform/Developer/Library/Frameworks -filelist /Users/bobkitchen/Library/Developer/Xcode/DerivedData/WhoNext-bcqdpcrgceedsxgxhmbktbrsaayp/Build/Intermediates.noindex/xctest-dynamic-overlay.build/Debug/XCTestDynamicOverlay.build/Objects-normal/arm64/XCTestDynamicOverlay.LinkFileList -nostdlib -Xlinker -object_path_lto -Xlinker /Users/bobkitchen/Library/Developer/Xcode/DerivedData/WhoNext-bcqdpcrgceedsxgxhmbktbrsaayp/Build/Intermediates.noindex/xctest-dynamic-overlay.build/Debug/XCTestDynamicOverlay.build/Objects-normal/arm64/XCTestDynamicOverlay_lto.o -rdynamic -Xlinker -no_deduplicate -Xlinker -debug_variant -Xlinker -dependency_info -Xlinker /Users/bobkitchen/Library/Developer/Xcode/DerivedData/WhoNext-bcqdpcrgceedsxgxhmbktbrsaayp/Build/Intermediates.noindex/xctest-dynamic-overlay.build/Debug/XCTestDynamicOverlay.build/Objects-normal/arm64/XCTestDynamicOverlay_dependency_info.dat -fobjc-link-runtime -L/Applications/Xcode.app/Contents/Developer/Toolchains/XcodeDefault.xctoolchain/usr/lib/swift/macosx -L/usr/lib/swift -Xlinker -add_ast_path -Xlinker /Users/bobkitchen/Library/Developer/Xcode/DerivedData/WhoNext-bcqdpcrgceedsxgxhmbktbrsaayp/Build/Intermediates.noindex/xctest-dynamic-overlay.build/Debug/XCTestDynamicOverlay.build/Objects-normal/arm64/XCTestDynamicOverlay.swiftmodule @/Users/bobkitchen/Library/Developer/Xcode/DerivedData/WhoNext-bcqdpcrgceedsxgxhmbktbrsaayp/Build/Intermediates.noindex/xctest-dynamic-overlay.build/Debug/XCTestDynamicOverlay.build/Objects-normal/arm64/XCTestDynamicOverlay-linker-args.resp -o /Users/bobkitchen/Library/Developer/Xcode/DerivedData/WhoNext-bcqdpcrgceedsxgxhmbktbrsaayp/Build/Products/Debug/XCTestDynamicOverlay.o

Ld /Users/bobkitchen/Library/Developer/Xcode/DerivedData/WhoNext-bcqdpcrgceedsxgxhmbktbrsaayp/Build/Products/Debug/Clocks.o normal (in target 'Clocks' from project 'swift-clocks')
    cd /Users/bobkitchen/Library/Developer/Xcode/DerivedData/WhoNext-bcqdpcrgceedsxgxhmbktbrsaayp/SourcePackages/checkouts/swift-clocks
    /Applications/Xcode.app/Contents/Developer/Toolchains/XcodeDefault.xctoolchain/usr/bin/clang -Xlinker -reproducible -target arm64-apple-macos10.15 -r -isysroot /Applications/Xcode.app/Contents/Developer/Platforms/MacOSX.platform/Developer/SDKs/MacOSX26.1.sdk -O0 -w -L/Users/bobkitchen/Library/Developer/Xcode/DerivedData/WhoNext-bcqdpcrgceedsxgxhmbktbrsaayp/Build/Intermediates.noindex/EagerLinkingTBDs/Debug -L/Users/bobkitchen/Library/Developer/Xcode/DerivedData/WhoNext-bcqdpcrgceedsxgxhmbktbrsaayp/Build/Products/Debug -L/Applications/Xcode.app/Contents/Developer/Platforms/MacOSX.platform/Developer/usr/lib -F/Users/bobkitchen/Library/Developer/Xcode/DerivedData/WhoNext-bcqdpcrgceedsxgxhmbktbrsaayp/Build/Intermediates.noindex/EagerLinkingTBDs/Debug -F/Users/bobkitchen/Library/Developer/Xcode/DerivedData/WhoNext-bcqdpcrgceedsxgxhmbktbrsaayp/Build/Products/Debug/PackageFrameworks -F/Users/bobkitchen/Library/Developer/Xcode/DerivedData/WhoNext-bcqdpcrgceedsxgxhmbktbrsaayp/Build/Products/Debug/PackageFrameworks -F/Users/bobkitchen/Library/Developer/Xcode/DerivedData/WhoNext-bcqdpcrgceedsxgxhmbktbrsaayp/Build/Products/Debug -iframework /Applications/Xcode.app/Contents/Developer/Platforms/MacOSX.platform/Developer/Library/Frameworks -filelist /Users/bobkitchen/Library/Developer/Xcode/DerivedData/WhoNext-bcqdpcrgceedsxgxhmbktbrsaayp/Build/Intermediates.noindex/swift-clocks.build/Debug/Clocks.build/Objects-normal/arm64/Clocks.LinkFileList -nostdlib -Xlinker -object_path_lto -Xlinker /Users/bobkitchen/Library/Developer/Xcode/DerivedData/WhoNext-bcqdpcrgceedsxgxhmbktbrsaayp/Build/Intermediates.noindex/swift-clocks.build/Debug/Clocks.build/Objects-normal/arm64/Clocks_lto.o -rdynamic -Xlinker -no_deduplicate -Xlinker -debug_variant -Xlinker -dependency_info -Xlinker /Users/bobkitchen/Library/Developer/Xcode/DerivedData/WhoNext-bcqdpcrgceedsxgxhmbktbrsaayp/Build/Intermediates.noindex/swift-clocks.build/Debug/Clocks.build/Objects-normal/arm64/Clocks_dependency_info.dat -fobjc-link-runtime -L/Applications/Xcode.app/Contents/Developer/Toolchains/XcodeDefault.xctoolchain/usr/lib/swift/macosx -L/usr/lib/swift -Xlinker -add_ast_path -Xlinker /Users/bobkitchen/Library/Developer/Xcode/DerivedData/WhoNext-bcqdpcrgceedsxgxhmbktbrsaayp/Build/Intermediates.noindex/swift-clocks.build/Debug/Clocks.build/Objects-normal/arm64/Clocks.swiftmodule @/Users/bobkitchen/Library/Developer/Xcode/DerivedData/WhoNext-bcqdpcrgceedsxgxhmbktbrsaayp/Build/Intermediates.noindex/swift-clocks.build/Debug/Clocks.build/Objects-normal/arm64/Clocks-linker-args.resp -o /Users/bobkitchen/Library/Developer/Xcode/DerivedData/WhoNext-bcqdpcrgceedsxgxhmbktbrsaayp/Build/Products/Debug/Clocks.o

ExtractAppIntentsMetadata (in target 'XCTestDynamicOverlay' from project 'xctest-dynamic-overlay')
    cd /Users/bobkitchen/Library/Developer/Xcode/DerivedData/WhoNext-bcqdpcrgceedsxgxhmbktbrsaayp/SourcePackages/checkouts/xctest-dynamic-overlay
    /Applications/Xcode.app/Contents/Developer/Toolchains/XcodeDefault.xctoolchain/usr/bin/appintentsmetadataprocessor --toolchain-dir /Applications/Xcode.app/Contents/Developer/Toolchains/XcodeDefault.xctoolchain --module-name XCTestDynamicOverlay --sdk-root /Applications/Xcode.app/Contents/Developer/Platforms/MacOSX.platform/Developer/SDKs/MacOSX26.1.sdk --xcode-version 17B100 --platform-family macOS --deployment-target 10.15 --bundle-identifier xctest-dynamic-overlay.XCTestDynamicOverlay --output /Users/bobkitchen/Library/Developer/Xcode/DerivedData/WhoNext-bcqdpcrgceedsxgxhmbktbrsaayp/Build/Products/Debug/XCTestDynamicOverlay.appintents --target-triple arm64-apple-macos10.15 --binary-file /Users/bobkitchen/Library/Developer/Xcode/DerivedData/WhoNext-bcqdpcrgceedsxgxhmbktbrsaayp/Build/Products/Debug/XCTestDynamicOverlay.o --dependency-file /Users/bobkitchen/Library/Developer/Xcode/DerivedData/WhoNext-bcqdpcrgceedsxgxhmbktbrsaayp/Build/Intermediates.noindex/xctest-dynamic-overlay.build/Debug/XCTestDynamicOverlay.build/Objects-normal/arm64/XCTestDynamicOverlay_dependency_info.dat --stringsdata-file /Users/bobkitchen/Library/Developer/Xcode/DerivedData/WhoNext-bcqdpcrgceedsxgxhmbktbrsaayp/Build/Intermediates.noindex/xctest-dynamic-overlay.build/Debug/XCTestDynamicOverlay.build/Objects-normal/arm64/ExtractedAppShortcutsMetadata.stringsdata --source-file-list /Users/bobkitchen/Library/Developer/Xcode/DerivedData/WhoNext-bcqdpcrgceedsxgxhmbktbrsaayp/Build/Intermediates.noindex/xctest-dynamic-overlay.build/Debug/XCTestDynamicOverlay.build/Objects-normal/arm64/XCTestDynamicOverlay.SwiftFileList --metadata-file-list /Users/bobkitchen/Library/Developer/Xcode/DerivedData/WhoNext-bcqdpcrgceedsxgxhmbktbrsaayp/Build/Intermediates.noindex/xctest-dynamic-overlay.build/Debug/XCTestDynamicOverlay.build/XCTestDynamicOverlay.DependencyMetadataFileList --static-metadata-file-list /Users/bobkitchen/Library/Developer/Xcode/DerivedData/WhoNext-bcqdpcrgceedsxgxhmbktbrsaayp/Build/Intermediates.noindex/xctest-dynamic-overlay.build/Debug/XCTestDynamicOverlay.build/XCTestDynamicOverlay.DependencyStaticMetadataFileList --swift-const-vals-list /Users/bobkitchen/Library/Developer/Xcode/DerivedData/WhoNext-bcqdpcrgceedsxgxhmbktbrsaayp/Build/Intermediates.noindex/xctest-dynamic-overlay.build/Debug/XCTestDynamicOverlay.build/Objects-normal/arm64/XCTestDynamicOverlay.SwiftConstValuesFileList --force --compile-time-extraction --deployment-aware-processing --validate-assistant-intents --no-app-shortcuts-localization
2025-11-30 18:49:51.628 appintentsmetadataprocessor[49489:1886310] Starting appintentsmetadataprocessor export
2025-11-30 18:49:51.703 appintentsmetadataprocessor[49489:1886310] Extracted no relevant App Intents symbols, skipping writing output

ExtractAppIntentsMetadata (in target 'Clocks' from project 'swift-clocks')
    cd /Users/bobkitchen/Library/Developer/Xcode/DerivedData/WhoNext-bcqdpcrgceedsxgxhmbktbrsaayp/SourcePackages/checkouts/swift-clocks
    /Applications/Xcode.app/Contents/Developer/Toolchains/XcodeDefault.xctoolchain/usr/bin/appintentsmetadataprocessor --toolchain-dir /Applications/Xcode.app/Contents/Developer/Toolchains/XcodeDefault.xctoolchain --module-name Clocks --sdk-root /Applications/Xcode.app/Contents/Developer/Platforms/MacOSX.platform/Developer/SDKs/MacOSX26.1.sdk --xcode-version 17B100 --platform-family macOS --deployment-target 10.15 --bundle-identifier swift-clocks.Clocks --output /Users/bobkitchen/Library/Developer/Xcode/DerivedData/WhoNext-bcqdpcrgceedsxgxhmbktbrsaayp/Build/Products/Debug/Clocks.appintents --target-triple arm64-apple-macos10.15 --binary-file /Users/bobkitchen/Library/Developer/Xcode/DerivedData/WhoNext-bcqdpcrgceedsxgxhmbktbrsaayp/Build/Products/Debug/Clocks.o --dependency-file /Users/bobkitchen/Library/Developer/Xcode/DerivedData/WhoNext-bcqdpcrgceedsxgxhmbktbrsaayp/Build/Intermediates.noindex/swift-clocks.build/Debug/Clocks.build/Objects-normal/arm64/Clocks_dependency_info.dat --stringsdata-file /Users/bobkitchen/Library/Developer/Xcode/DerivedData/WhoNext-bcqdpcrgceedsxgxhmbktbrsaayp/Build/Intermediates.noindex/swift-clocks.build/Debug/Clocks.build/Objects-normal/arm64/ExtractedAppShortcutsMetadata.stringsdata --source-file-list /Users/bobkitchen/Library/Developer/Xcode/DerivedData/WhoNext-bcqdpcrgceedsxgxhmbktbrsaayp/Build/Intermediates.noindex/swift-clocks.build/Debug/Clocks.build/Objects-normal/arm64/Clocks.SwiftFileList --metadata-file-list /Users/bobkitchen/Library/Developer/Xcode/DerivedData/WhoNext-bcqdpcrgceedsxgxhmbktbrsaayp/Build/Intermediates.noindex/swift-clocks.build/Debug/Clocks.build/Clocks.DependencyMetadataFileList --static-metadata-file-list /Users/bobkitchen/Library/Developer/Xcode/DerivedData/WhoNext-bcqdpcrgceedsxgxhmbktbrsaayp/Build/Intermediates.noindex/swift-clocks.build/Debug/Clocks.build/Clocks.DependencyStaticMetadataFileList --swift-const-vals-list /Users/bobkitchen/Library/Developer/Xcode/DerivedData/WhoNext-bcqdpcrgceedsxgxhmbktbrsaayp/Build/Intermediates.noindex/swift-clocks.build/Debug/Clocks.build/Objects-normal/arm64/Clocks.SwiftConstValuesFileList --force --compile-time-extraction --deployment-aware-processing --validate-assistant-intents --no-app-shortcuts-localization
2025-11-30 18:49:51.644 appintentsmetadataprocessor[49490:1886319] Starting appintentsmetadataprocessor export
2025-11-30 18:49:51.717 appintentsmetadataprocessor[49490:1886319] Extracted no relevant App Intents symbols, skipping writing output

RegisterExecutionPolicyException /Users/bobkitchen/Library/Developer/Xcode/DerivedData/WhoNext-bcqdpcrgceedsxgxhmbktbrsaayp/Build/Products/Debug/XCTestDynamicOverlay.o (in target 'XCTestDynamicOverlay' from project 'xctest-dynamic-overlay')
    cd /Users/bobkitchen/Library/Developer/Xcode/DerivedData/WhoNext-bcqdpcrgceedsxgxhmbktbrsaayp/SourcePackages/checkouts/xctest-dynamic-overlay
    builtin-RegisterExecutionPolicyException /Users/bobkitchen/Library/Developer/Xcode/DerivedData/WhoNext-bcqdpcrgceedsxgxhmbktbrsaayp/Build/Products/Debug/XCTestDynamicOverlay.o

RegisterExecutionPolicyException /Users/bobkitchen/Library/Developer/Xcode/DerivedData/WhoNext-bcqdpcrgceedsxgxhmbktbrsaayp/Build/Products/Debug/Clocks.o (in target 'Clocks' from project 'swift-clocks')
    cd /Users/bobkitchen/Library/Developer/Xcode/DerivedData/WhoNext-bcqdpcrgceedsxgxhmbktbrsaayp/SourcePackages/checkouts/swift-clocks
    builtin-RegisterExecutionPolicyException /Users/bobkitchen/Library/Developer/Xcode/DerivedData/WhoNext-bcqdpcrgceedsxgxhmbktbrsaayp/Build/Products/Debug/Clocks.o

Ld /Users/bobkitchen/Library/Developer/Xcode/DerivedData/WhoNext-bcqdpcrgceedsxgxhmbktbrsaayp/Build/Products/Debug/Helpers.o normal (in target 'Helpers' from project 'Supabase')
    cd /Users/bobkitchen/Library/Developer/Xcode/DerivedData/WhoNext-bcqdpcrgceedsxgxhmbktbrsaayp/SourcePackages/checkouts/supabase-swift
    /Applications/Xcode.app/Contents/Developer/Toolchains/XcodeDefault.xctoolchain/usr/bin/clang -Xlinker -reproducible -target arm64-apple-macos10.15 -r -isysroot /Applications/Xcode.app/Contents/Developer/Platforms/MacOSX.platform/Developer/SDKs/MacOSX26.1.sdk -O0 -w -L/Users/bobkitchen/Library/Developer/Xcode/DerivedData/WhoNext-bcqdpcrgceedsxgxhmbktbrsaayp/Build/Intermediates.noindex/EagerLinkingTBDs/Debug -L/Users/bobkitchen/Library/Developer/Xcode/DerivedData/WhoNext-bcqdpcrgceedsxgxhmbktbrsaayp/Build/Products/Debug -L/Applications/Xcode.app/Contents/Developer/Platforms/MacOSX.platform/Developer/usr/lib -F/Users/bobkitchen/Library/Developer/Xcode/DerivedData/WhoNext-bcqdpcrgceedsxgxhmbktbrsaayp/Build/Intermediates.noindex/EagerLinkingTBDs/Debug -F/Users/bobkitchen/Library/Developer/Xcode/DerivedData/WhoNext-bcqdpcrgceedsxgxhmbktbrsaayp/Build/Products/Debug/PackageFrameworks -F/Users/bobkitchen/Library/Developer/Xcode/DerivedData/WhoNext-bcqdpcrgceedsxgxhmbktbrsaayp/Build/Products/Debug/PackageFrameworks -F/Users/bobkitchen/Library/Developer/Xcode/DerivedData/WhoNext-bcqdpcrgceedsxgxhmbktbrsaayp/Build/Products/Debug/PackageFrameworks -F/Users/bobkitchen/Library/Developer/Xcode/DerivedData/WhoNext-bcqdpcrgceedsxgxhmbktbrsaayp/Build/Products/Debug/PackageFrameworks -F/Users/bobkitchen/Library/Developer/Xcode/DerivedData/WhoNext-bcqdpcrgceedsxgxhmbktbrsaayp/Build/Products/Debug/PackageFrameworks -F/Users/bobkitchen/Library/Developer/Xcode/DerivedData/WhoNext-bcqdpcrgceedsxgxhmbktbrsaayp/Build/Products/Debug -iframework /Applications/Xcode.app/Contents/Developer/Platforms/MacOSX.platform/Developer/Library/Frameworks -filelist /Users/bobkitchen/Library/Developer/Xcode/DerivedData/WhoNext-bcqdpcrgceedsxgxhmbktbrsaayp/Build/Intermediates.noindex/Supabase.build/Debug/Helpers.build/Objects-normal/arm64/Helpers.LinkFileList -nostdlib -Xlinker -object_path_lto -Xlinker /Users/bobkitchen/Library/Developer/Xcode/DerivedData/WhoNext-bcqdpcrgceedsxgxhmbktbrsaayp/Build/Intermediates.noindex/Supabase.build/Debug/Helpers.build/Objects-normal/arm64/Helpers_lto.o -rdynamic -Xlinker -no_deduplicate -Xlinker -debug_variant -Xlinker -dependency_info -Xlinker /Users/bobkitchen/Library/Developer/Xcode/DerivedData/WhoNext-bcqdpcrgceedsxgxhmbktbrsaayp/Build/Intermediates.noindex/Supabase.build/Debug/Helpers.build/Objects-normal/arm64/Helpers_dependency_info.dat -fobjc-link-runtime -L/Applications/Xcode.app/Contents/Developer/Toolchains/XcodeDefault.xctoolchain/usr/lib/swift/macosx -L/usr/lib/swift -Xlinker -add_ast_path -Xlinker /Users/bobkitchen/Library/Developer/Xcode/DerivedData/WhoNext-bcqdpcrgceedsxgxhmbktbrsaayp/Build/Intermediates.noindex/Supabase.build/Debug/Helpers.build/Objects-normal/arm64/Helpers.swiftmodule @/Users/bobkitchen/Library/Developer/Xcode/DerivedData/WhoNext-bcqdpcrgceedsxgxhmbktbrsaayp/Build/Intermediates.noindex/Supabase.build/Debug/Helpers.build/Objects-normal/arm64/Helpers-linker-args.resp -o /Users/bobkitchen/Library/Developer/Xcode/DerivedData/WhoNext-bcqdpcrgceedsxgxhmbktbrsaayp/Build/Products/Debug/Helpers.o

ExtractAppIntentsMetadata (in target 'Helpers' from project 'Supabase')
    cd /Users/bobkitchen/Library/Developer/Xcode/DerivedData/WhoNext-bcqdpcrgceedsxgxhmbktbrsaayp/SourcePackages/checkouts/supabase-swift
    /Applications/Xcode.app/Contents/Developer/Toolchains/XcodeDefault.xctoolchain/usr/bin/appintentsmetadataprocessor --toolchain-dir /Applications/Xcode.app/Contents/Developer/Toolchains/XcodeDefault.xctoolchain --module-name Helpers --sdk-root /Applications/Xcode.app/Contents/Developer/Platforms/MacOSX.platform/Developer/SDKs/MacOSX26.1.sdk --xcode-version 17B100 --platform-family macOS --deployment-target 10.15 --bundle-identifier supabase-swift.Helpers --output /Users/bobkitchen/Library/Developer/Xcode/DerivedData/WhoNext-bcqdpcrgceedsxgxhmbktbrsaayp/Build/Products/Debug/Helpers.appintents --target-triple arm64-apple-macos10.15 --binary-file /Users/bobkitchen/Library/Developer/Xcode/DerivedData/WhoNext-bcqdpcrgceedsxgxhmbktbrsaayp/Build/Products/Debug/Helpers.o --dependency-file /Users/bobkitchen/Library/Developer/Xcode/DerivedData/WhoNext-bcqdpcrgceedsxgxhmbktbrsaayp/Build/Intermediates.noindex/Supabase.build/Debug/Helpers.build/Objects-normal/arm64/Helpers_dependency_info.dat --stringsdata-file /Users/bobkitchen/Library/Developer/Xcode/DerivedData/WhoNext-bcqdpcrgceedsxgxhmbktbrsaayp/Build/Intermediates.noindex/Supabase.build/Debug/Helpers.build/Objects-normal/arm64/ExtractedAppShortcutsMetadata.stringsdata --source-file-list /Users/bobkitchen/Library/Developer/Xcode/DerivedData/WhoNext-bcqdpcrgceedsxgxhmbktbrsaayp/Build/Intermediates.noindex/Supabase.build/Debug/Helpers.build/Objects-normal/arm64/Helpers.SwiftFileList --metadata-file-list /Users/bobkitchen/Library/Developer/Xcode/DerivedData/WhoNext-bcqdpcrgceedsxgxhmbktbrsaayp/Build/Intermediates.noindex/Supabase.build/Debug/Helpers.build/Helpers.DependencyMetadataFileList --static-metadata-file-list /Users/bobkitchen/Library/Developer/Xcode/DerivedData/WhoNext-bcqdpcrgceedsxgxhmbktbrsaayp/Build/Intermediates.noindex/Supabase.build/Debug/Helpers.build/Helpers.DependencyStaticMetadataFileList --swift-const-vals-list /Users/bobkitchen/Library/Developer/Xcode/DerivedData/WhoNext-bcqdpcrgceedsxgxhmbktbrsaayp/Build/Intermediates.noindex/Supabase.build/Debug/Helpers.build/Objects-normal/arm64/Helpers.SwiftConstValuesFileList --force --compile-time-extraction --deployment-aware-processing --validate-assistant-intents --no-app-shortcuts-localization
2025-11-30 18:49:51.765 appintentsmetadataprocessor[49493:1886336] Starting appintentsmetadataprocessor export
2025-11-30 18:49:51.845 appintentsmetadataprocessor[49493:1886336] Extracted no relevant App Intents symbols, skipping writing output

RegisterExecutionPolicyException /Users/bobkitchen/Library/Developer/Xcode/DerivedData/WhoNext-bcqdpcrgceedsxgxhmbktbrsaayp/Build/Products/Debug/Helpers.o (in target 'Helpers' from project 'Supabase')
    cd /Users/bobkitchen/Library/Developer/Xcode/DerivedData/WhoNext-bcqdpcrgceedsxgxhmbktbrsaayp/SourcePackages/checkouts/supabase-swift
    builtin-RegisterExecutionPolicyException /Users/bobkitchen/Library/Developer/Xcode/DerivedData/WhoNext-bcqdpcrgceedsxgxhmbktbrsaayp/Build/Products/Debug/Helpers.o

Ld /Users/bobkitchen/Library/Developer/Xcode/DerivedData/WhoNext-bcqdpcrgceedsxgxhmbktbrsaayp/Build/Products/Debug/Storage.o normal (in target 'Storage' from project 'Supabase')
    cd /Users/bobkitchen/Library/Developer/Xcode/DerivedData/WhoNext-bcqdpcrgceedsxgxhmbktbrsaayp/SourcePackages/checkouts/supabase-swift
    /Applications/Xcode.app/Contents/Developer/Toolchains/XcodeDefault.xctoolchain/usr/bin/clang -Xlinker -reproducible -target arm64-apple-macos10.15 -r -isysroot /Applications/Xcode.app/Contents/Developer/Platforms/MacOSX.platform/Developer/SDKs/MacOSX26.1.sdk -O0 -w -L/Users/bobkitchen/Library/Developer/Xcode/DerivedData/WhoNext-bcqdpcrgceedsxgxhmbktbrsaayp/Build/Intermediates.noindex/EagerLinkingTBDs/Debug -L/Users/bobkitchen/Library/Developer/Xcode/DerivedData/WhoNext-bcqdpcrgceedsxgxhmbktbrsaayp/Build/Products/Debug -L/Applications/Xcode.app/Contents/Developer/Platforms/MacOSX.platform/Developer/usr/lib -F/Users/bobkitchen/Library/Developer/Xcode/DerivedData/WhoNext-bcqdpcrgceedsxgxhmbktbrsaayp/Build/Intermediates.noindex/EagerLinkingTBDs/Debug -F/Users/bobkitchen/Library/Developer/Xcode/DerivedData/WhoNext-bcqdpcrgceedsxgxhmbktbrsaayp/Build/Products/Debug/PackageFrameworks -F/Users/bobkitchen/Library/Developer/Xcode/DerivedData/WhoNext-bcqdpcrgceedsxgxhmbktbrsaayp/Build/Products/Debug/PackageFrameworks -F/Users/bobkitchen/Library/Developer/Xcode/DerivedData/WhoNext-bcqdpcrgceedsxgxhmbktbrsaayp/Build/Products/Debug/PackageFrameworks -F/Users/bobkitchen/Library/Developer/Xcode/DerivedData/WhoNext-bcqdpcrgceedsxgxhmbktbrsaayp/Build/Products/Debug/PackageFrameworks -F/Users/bobkitchen/Library/Developer/Xcode/DerivedData/WhoNext-bcqdpcrgceedsxgxhmbktbrsaayp/Build/Products/Debug/PackageFrameworks -F/Users/bobkitchen/Library/Developer/Xcode/DerivedData/WhoNext-bcqdpcrgceedsxgxhmbktbrsaayp/Build/Products/Debug/PackageFrameworks -F/Users/bobkitchen/Library/Developer/Xcode/DerivedData/WhoNext-bcqdpcrgceedsxgxhmbktbrsaayp/Build/Products/Debug -iframework /Applications/Xcode.app/Contents/Developer/Platforms/MacOSX.platform/Developer/Library/Frameworks -filelist /Users/bobkitchen/Library/Developer/Xcode/DerivedData/WhoNext-bcqdpcrgceedsxgxhmbktbrsaayp/Build/Intermediates.noindex/Supabase.build/Debug/Storage.build/Objects-normal/arm64/Storage.LinkFileList -nostdlib -Xlinker -object_path_lto -Xlinker /Users/bobkitchen/Library/Developer/Xcode/DerivedData/WhoNext-bcqdpcrgceedsxgxhmbktbrsaayp/Build/Intermediates.noindex/Supabase.build/Debug/Storage.build/Objects-normal/arm64/Storage_lto.o -rdynamic -Xlinker -no_deduplicate -Xlinker -debug_variant -Xlinker -dependency_info -Xlinker /Users/bobkitchen/Library/Developer/Xcode/DerivedData/WhoNext-bcqdpcrgceedsxgxhmbktbrsaayp/Build/Intermediates.noindex/Supabase.build/Debug/Storage.build/Objects-normal/arm64/Storage_dependency_info.dat -fobjc-link-runtime -L/Applications/Xcode.app/Contents/Developer/Toolchains/XcodeDefault.xctoolchain/usr/lib/swift/macosx -L/usr/lib/swift -Xlinker -add_ast_path -Xlinker /Users/bobkitchen/Library/Developer/Xcode/DerivedData/WhoNext-bcqdpcrgceedsxgxhmbktbrsaayp/Build/Intermediates.noindex/Supabase.build/Debug/Storage.build/Objects-normal/arm64/Storage.swiftmodule @/Users/bobkitchen/Library/Developer/Xcode/DerivedData/WhoNext-bcqdpcrgceedsxgxhmbktbrsaayp/Build/Intermediates.noindex/Supabase.build/Debug/Storage.build/Objects-normal/arm64/Storage-linker-args.resp -o /Users/bobkitchen/Library/Developer/Xcode/DerivedData/WhoNext-bcqdpcrgceedsxgxhmbktbrsaayp/Build/Products/Debug/Storage.o

Ld /Users/bobkitchen/Library/Developer/Xcode/DerivedData/WhoNext-bcqdpcrgceedsxgxhmbktbrsaayp/Build/Products/Debug/Realtime.o normal (in target 'Realtime' from project 'Supabase')
    cd /Users/bobkitchen/Library/Developer/Xcode/DerivedData/WhoNext-bcqdpcrgceedsxgxhmbktbrsaayp/SourcePackages/checkouts/supabase-swift
    /Applications/Xcode.app/Contents/Developer/Toolchains/XcodeDefault.xctoolchain/usr/bin/clang -Xlinker -reproducible -target arm64-apple-macos10.15 -r -isysroot /Applications/Xcode.app/Contents/Developer/Platforms/MacOSX.platform/Developer/SDKs/MacOSX26.1.sdk -O0 -w -L/Users/bobkitchen/Library/Developer/Xcode/DerivedData/WhoNext-bcqdpcrgceedsxgxhmbktbrsaayp/Build/Intermediates.noindex/EagerLinkingTBDs/Debug -L/Users/bobkitchen/Library/Developer/Xcode/DerivedData/WhoNext-bcqdpcrgceedsxgxhmbktbrsaayp/Build/Products/Debug -L/Applications/Xcode.app/Contents/Developer/Platforms/MacOSX.platform/Developer/usr/lib -F/Users/bobkitchen/Library/Developer/Xcode/DerivedData/WhoNext-bcqdpcrgceedsxgxhmbktbrsaayp/Build/Intermediates.noindex/EagerLinkingTBDs/Debug -F/Users/bobkitchen/Library/Developer/Xcode/DerivedData/WhoNext-bcqdpcrgceedsxgxhmbktbrsaayp/Build/Products/Debug/PackageFrameworks -F/Users/bobkitchen/Library/Developer/Xcode/DerivedData/WhoNext-bcqdpcrgceedsxgxhmbktbrsaayp/Build/Products/Debug/PackageFrameworks -F/Users/bobkitchen/Library/Developer/Xcode/DerivedData/WhoNext-bcqdpcrgceedsxgxhmbktbrsaayp/Build/Products/Debug/PackageFrameworks -F/Users/bobkitchen/Library/Developer/Xcode/DerivedData/WhoNext-bcqdpcrgceedsxgxhmbktbrsaayp/Build/Products/Debug/PackageFrameworks -F/Users/bobkitchen/Library/Developer/Xcode/DerivedData/WhoNext-bcqdpcrgceedsxgxhmbktbrsaayp/Build/Products/Debug/PackageFrameworks -F/Users/bobkitchen/Library/Developer/Xcode/DerivedData/WhoNext-bcqdpcrgceedsxgxhmbktbrsaayp/Build/Products/Debug/PackageFrameworks -F/Users/bobkitchen/Library/Developer/Xcode/DerivedData/WhoNext-bcqdpcrgceedsxgxhmbktbrsaayp/Build/Products/Debug -iframework /Applications/Xcode.app/Contents/Developer/Platforms/MacOSX.platform/Developer/Library/Frameworks -filelist /Users/bobkitchen/Library/Developer/Xcode/DerivedData/WhoNext-bcqdpcrgceedsxgxhmbktbrsaayp/Build/Intermediates.noindex/Supabase.build/Debug/Realtime.build/Objects-normal/arm64/Realtime.LinkFileList -nostdlib -Xlinker -object_path_lto -Xlinker /Users/bobkitchen/Library/Developer/Xcode/DerivedData/WhoNext-bcqdpcrgceedsxgxhmbktbrsaayp/Build/Intermediates.noindex/Supabase.build/Debug/Realtime.build/Objects-normal/arm64/Realtime_lto.o -rdynamic -Xlinker -no_deduplicate -Xlinker -debug_variant -Xlinker -dependency_info -Xlinker /Users/bobkitchen/Library/Developer/Xcode/DerivedData/WhoNext-bcqdpcrgceedsxgxhmbktbrsaayp/Build/Intermediates.noindex/Supabase.build/Debug/Realtime.build/Objects-normal/arm64/Realtime_dependency_info.dat -fobjc-link-runtime -L/Applications/Xcode.app/Contents/Developer/Toolchains/XcodeDefault.xctoolchain/usr/lib/swift/macosx -L/usr/lib/swift -Xlinker -add_ast_path -Xlinker /Users/bobkitchen/Library/Developer/Xcode/DerivedData/WhoNext-bcqdpcrgceedsxgxhmbktbrsaayp/Build/Intermediates.noindex/Supabase.build/Debug/Realtime.build/Objects-normal/arm64/Realtime.swiftmodule @/Users/bobkitchen/Library/Developer/Xcode/DerivedData/WhoNext-bcqdpcrgceedsxgxhmbktbrsaayp/Build/Intermediates.noindex/Supabase.build/Debug/Realtime.build/Objects-normal/arm64/Realtime-linker-args.resp -o /Users/bobkitchen/Library/Developer/Xcode/DerivedData/WhoNext-bcqdpcrgceedsxgxhmbktbrsaayp/Build/Products/Debug/Realtime.o

Ld /Users/bobkitchen/Library/Developer/Xcode/DerivedData/WhoNext-bcqdpcrgceedsxgxhmbktbrsaayp/Build/Products/Debug/PostgREST.o normal (in target 'PostgREST' from project 'Supabase')
    cd /Users/bobkitchen/Library/Developer/Xcode/DerivedData/WhoNext-bcqdpcrgceedsxgxhmbktbrsaayp/SourcePackages/checkouts/supabase-swift
    /Applications/Xcode.app/Contents/Developer/Toolchains/XcodeDefault.xctoolchain/usr/bin/clang -Xlinker -reproducible -target arm64-apple-macos10.15 -r -isysroot /Applications/Xcode.app/Contents/Developer/Platforms/MacOSX.platform/Developer/SDKs/MacOSX26.1.sdk -O0 -w -L/Users/bobkitchen/Library/Developer/Xcode/DerivedData/WhoNext-bcqdpcrgceedsxgxhmbktbrsaayp/Build/Intermediates.noindex/EagerLinkingTBDs/Debug -L/Users/bobkitchen/Library/Developer/Xcode/DerivedData/WhoNext-bcqdpcrgceedsxgxhmbktbrsaayp/Build/Products/Debug -L/Applications/Xcode.app/Contents/Developer/Platforms/MacOSX.platform/Developer/usr/lib -F/Users/bobkitchen/Library/Developer/Xcode/DerivedData/WhoNext-bcqdpcrgceedsxgxhmbktbrsaayp/Build/Intermediates.noindex/EagerLinkingTBDs/Debug -F/Users/bobkitchen/Library/Developer/Xcode/DerivedData/WhoNext-bcqdpcrgceedsxgxhmbktbrsaayp/Build/Products/Debug/PackageFrameworks -F/Users/bobkitchen/Library/Developer/Xcode/DerivedData/WhoNext-bcqdpcrgceedsxgxhmbktbrsaayp/Build/Products/Debug/PackageFrameworks -F/Users/bobkitchen/Library/Developer/Xcode/DerivedData/WhoNext-bcqdpcrgceedsxgxhmbktbrsaayp/Build/Products/Debug/PackageFrameworks -F/Users/bobkitchen/Library/Developer/Xcode/DerivedData/WhoNext-bcqdpcrgceedsxgxhmbktbrsaayp/Build/Products/Debug/PackageFrameworks -F/Users/bobkitchen/Library/Developer/Xcode/DerivedData/WhoNext-bcqdpcrgceedsxgxhmbktbrsaayp/Build/Products/Debug/PackageFrameworks -F/Users/bobkitchen/Library/Developer/Xcode/DerivedData/WhoNext-bcqdpcrgceedsxgxhmbktbrsaayp/Build/Products/Debug/PackageFrameworks -F/Users/bobkitchen/Library/Developer/Xcode/DerivedData/WhoNext-bcqdpcrgceedsxgxhmbktbrsaayp/Build/Products/Debug -iframework /Applications/Xcode.app/Contents/Developer/Platforms/MacOSX.platform/Developer/Library/Frameworks -filelist /Users/bobkitchen/Library/Developer/Xcode/DerivedData/WhoNext-bcqdpcrgceedsxgxhmbktbrsaayp/Build/Intermediates.noindex/Supabase.build/Debug/PostgREST.build/Objects-normal/arm64/PostgREST.LinkFileList -nostdlib -Xlinker -object_path_lto -Xlinker /Users/bobkitchen/Library/Developer/Xcode/DerivedData/WhoNext-bcqdpcrgceedsxgxhmbktbrsaayp/Build/Intermediates.noindex/Supabase.build/Debug/PostgREST.build/Objects-normal/arm64/PostgREST_lto.o -rdynamic -Xlinker -no_deduplicate -Xlinker -debug_variant -Xlinker -dependency_info -Xlinker /Users/bobkitchen/Library/Developer/Xcode/DerivedData/WhoNext-bcqdpcrgceedsxgxhmbktbrsaayp/Build/Intermediates.noindex/Supabase.build/Debug/PostgREST.build/Objects-normal/arm64/PostgREST_dependency_info.dat -fobjc-link-runtime -L/Applications/Xcode.app/Contents/Developer/Toolchains/XcodeDefault.xctoolchain/usr/lib/swift/macosx -L/usr/lib/swift -Xlinker -add_ast_path -Xlinker /Users/bobkitchen/Library/Developer/Xcode/DerivedData/WhoNext-bcqdpcrgceedsxgxhmbktbrsaayp/Build/Intermediates.noindex/Supabase.build/Debug/PostgREST.build/Objects-normal/arm64/PostgREST.swiftmodule @/Users/bobkitchen/Library/Developer/Xcode/DerivedData/WhoNext-bcqdpcrgceedsxgxhmbktbrsaayp/Build/Intermediates.noindex/Supabase.build/Debug/PostgREST.build/Objects-normal/arm64/PostgREST-linker-args.resp -o /Users/bobkitchen/Library/Developer/Xcode/DerivedData/WhoNext-bcqdpcrgceedsxgxhmbktbrsaayp/Build/Products/Debug/PostgREST.o

Ld /Users/bobkitchen/Library/Developer/Xcode/DerivedData/WhoNext-bcqdpcrgceedsxgxhmbktbrsaayp/Build/Products/Debug/Functions.o normal (in target 'Functions' from project 'Supabase')
    cd /Users/bobkitchen/Library/Developer/Xcode/DerivedData/WhoNext-bcqdpcrgceedsxgxhmbktbrsaayp/SourcePackages/checkouts/supabase-swift
    /Applications/Xcode.app/Contents/Developer/Toolchains/XcodeDefault.xctoolchain/usr/bin/clang -Xlinker -reproducible -target arm64-apple-macos10.15 -r -isysroot /Applications/Xcode.app/Contents/Developer/Platforms/MacOSX.platform/Developer/SDKs/MacOSX26.1.sdk -O0 -w -L/Users/bobkitchen/Library/Developer/Xcode/DerivedData/WhoNext-bcqdpcrgceedsxgxhmbktbrsaayp/Build/Intermediates.noindex/EagerLinkingTBDs/Debug -L/Users/bobkitchen/Library/Developer/Xcode/DerivedData/WhoNext-bcqdpcrgceedsxgxhmbktbrsaayp/Build/Products/Debug -L/Applications/Xcode.app/Contents/Developer/Platforms/MacOSX.platform/Developer/usr/lib -F/Users/bobkitchen/Library/Developer/Xcode/DerivedData/WhoNext-bcqdpcrgceedsxgxhmbktbrsaayp/Build/Intermediates.noindex/EagerLinkingTBDs/Debug -F/Users/bobkitchen/Library/Developer/Xcode/DerivedData/WhoNext-bcqdpcrgceedsxgxhmbktbrsaayp/Build/Products/Debug/PackageFrameworks -F/Users/bobkitchen/Library/Developer/Xcode/DerivedData/WhoNext-bcqdpcrgceedsxgxhmbktbrsaayp/Build/Products/Debug/PackageFrameworks -F/Users/bobkitchen/Library/Developer/Xcode/DerivedData/WhoNext-bcqdpcrgceedsxgxhmbktbrsaayp/Build/Products/Debug/PackageFrameworks -F/Users/bobkitchen/Library/Developer/Xcode/DerivedData/WhoNext-bcqdpcrgceedsxgxhmbktbrsaayp/Build/Products/Debug/PackageFrameworks -F/Users/bobkitchen/Library/Developer/Xcode/DerivedData/WhoNext-bcqdpcrgceedsxgxhmbktbrsaayp/Build/Products/Debug/PackageFrameworks -F/Users/bobkitchen/Library/Developer/Xcode/DerivedData/WhoNext-bcqdpcrgceedsxgxhmbktbrsaayp/Build/Products/Debug/PackageFrameworks -F/Users/bobkitchen/Library/Developer/Xcode/DerivedData/WhoNext-bcqdpcrgceedsxgxhmbktbrsaayp/Build/Products/Debug -iframework /Applications/Xcode.app/Contents/Developer/Platforms/MacOSX.platform/Developer/Library/Frameworks -filelist /Users/bobkitchen/Library/Developer/Xcode/DerivedData/WhoNext-bcqdpcrgceedsxgxhmbktbrsaayp/Build/Intermediates.noindex/Supabase.build/Debug/Functions.build/Objects-normal/arm64/Functions.LinkFileList -nostdlib -Xlinker -object_path_lto -Xlinker /Users/bobkitchen/Library/Developer/Xcode/DerivedData/WhoNext-bcqdpcrgceedsxgxhmbktbrsaayp/Build/Intermediates.noindex/Supabase.build/Debug/Functions.build/Objects-normal/arm64/Functions_lto.o -rdynamic -Xlinker -no_deduplicate -Xlinker -debug_variant -Xlinker -dependency_info -Xlinker /Users/bobkitchen/Library/Developer/Xcode/DerivedData/WhoNext-bcqdpcrgceedsxgxhmbktbrsaayp/Build/Intermediates.noindex/Supabase.build/Debug/Functions.build/Objects-normal/arm64/Functions_dependency_info.dat -fobjc-link-runtime -L/Applications/Xcode.app/Contents/Developer/Toolchains/XcodeDefault.xctoolchain/usr/lib/swift/macosx -L/usr/lib/swift -Xlinker -add_ast_path -Xlinker /Users/bobkitchen/Library/Developer/Xcode/DerivedData/WhoNext-bcqdpcrgceedsxgxhmbktbrsaayp/Build/Intermediates.noindex/Supabase.build/Debug/Functions.build/Objects-normal/arm64/Functions.swiftmodule @/Users/bobkitchen/Library/Developer/Xcode/DerivedData/WhoNext-bcqdpcrgceedsxgxhmbktbrsaayp/Build/Intermediates.noindex/Supabase.build/Debug/Functions.build/Objects-normal/arm64/Functions-linker-args.resp -o /Users/bobkitchen/Library/Developer/Xcode/DerivedData/WhoNext-bcqdpcrgceedsxgxhmbktbrsaayp/Build/Products/Debug/Functions.o

Ld /Users/bobkitchen/Library/Developer/Xcode/DerivedData/WhoNext-bcqdpcrgceedsxgxhmbktbrsaayp/Build/Products/Debug/Auth.o normal (in target 'Auth' from project 'Supabase')
    cd /Users/bobkitchen/Library/Developer/Xcode/DerivedData/WhoNext-bcqdpcrgceedsxgxhmbktbrsaayp/SourcePackages/checkouts/supabase-swift
    /Applications/Xcode.app/Contents/Developer/Toolchains/XcodeDefault.xctoolchain/usr/bin/clang -Xlinker -reproducible -target arm64-apple-macos10.15 -r -isysroot /Applications/Xcode.app/Contents/Developer/Platforms/MacOSX.platform/Developer/SDKs/MacOSX26.1.sdk -O0 -w -L/Users/bobkitchen/Library/Developer/Xcode/DerivedData/WhoNext-bcqdpcrgceedsxgxhmbktbrsaayp/Build/Intermediates.noindex/EagerLinkingTBDs/Debug -L/Users/bobkitchen/Library/Developer/Xcode/DerivedData/WhoNext-bcqdpcrgceedsxgxhmbktbrsaayp/Build/Products/Debug -L/Applications/Xcode.app/Contents/Developer/Platforms/MacOSX.platform/Developer/usr/lib -F/Users/bobkitchen/Library/Developer/Xcode/DerivedData/WhoNext-bcqdpcrgceedsxgxhmbktbrsaayp/Build/Intermediates.noindex/EagerLinkingTBDs/Debug -F/Users/bobkitchen/Library/Developer/Xcode/DerivedData/WhoNext-bcqdpcrgceedsxgxhmbktbrsaayp/Build/Products/Debug/PackageFrameworks -F/Users/bobkitchen/Library/Developer/Xcode/DerivedData/WhoNext-bcqdpcrgceedsxgxhmbktbrsaayp/Build/Products/Debug/PackageFrameworks -F/Users/bobkitchen/Library/Developer/Xcode/DerivedData/WhoNext-bcqdpcrgceedsxgxhmbktbrsaayp/Build/Products/Debug/PackageFrameworks -F/Users/bobkitchen/Library/Developer/Xcode/DerivedData/WhoNext-bcqdpcrgceedsxgxhmbktbrsaayp/Build/Products/Debug/PackageFrameworks -F/Users/bobkitchen/Library/Developer/Xcode/DerivedData/WhoNext-bcqdpcrgceedsxgxhmbktbrsaayp/Build/Products/Debug/PackageFrameworks -F/Users/bobkitchen/Library/Developer/Xcode/DerivedData/WhoNext-bcqdpcrgceedsxgxhmbktbrsaayp/Build/Products/Debug/PackageFrameworks -F/Users/bobkitchen/Library/Developer/Xcode/DerivedData/WhoNext-bcqdpcrgceedsxgxhmbktbrsaayp/Build/Products/Debug/PackageFrameworks -F/Users/bobkitchen/Library/Developer/Xcode/DerivedData/WhoNext-bcqdpcrgceedsxgxhmbktbrsaayp/Build/Products/Debug -iframework /Applications/Xcode.app/Contents/Developer/Platforms/MacOSX.platform/Developer/Library/Frameworks -filelist /Users/bobkitchen/Library/Developer/Xcode/DerivedData/WhoNext-bcqdpcrgceedsxgxhmbktbrsaayp/Build/Intermediates.noindex/Supabase.build/Debug/Auth.build/Objects-normal/arm64/Auth.LinkFileList -nostdlib -Xlinker -object_path_lto -Xlinker /Users/bobkitchen/Library/Developer/Xcode/DerivedData/WhoNext-bcqdpcrgceedsxgxhmbktbrsaayp/Build/Intermediates.noindex/Supabase.build/Debug/Auth.build/Objects-normal/arm64/Auth_lto.o -rdynamic -Xlinker -no_deduplicate -Xlinker -debug_variant -Xlinker -dependency_info -Xlinker /Users/bobkitchen/Library/Developer/Xcode/DerivedData/WhoNext-bcqdpcrgceedsxgxhmbktbrsaayp/Build/Intermediates.noindex/Supabase.build/Debug/Auth.build/Objects-normal/arm64/Auth_dependency_info.dat -fobjc-link-runtime -L/Applications/Xcode.app/Contents/Developer/Toolchains/XcodeDefault.xctoolchain/usr/lib/swift/macosx -L/usr/lib/swift -Xlinker -add_ast_path -Xlinker /Users/bobkitchen/Library/Developer/Xcode/DerivedData/WhoNext-bcqdpcrgceedsxgxhmbktbrsaayp/Build/Intermediates.noindex/Supabase.build/Debug/Auth.build/Objects-normal/arm64/Auth.swiftmodule @/Users/bobkitchen/Library/Developer/Xcode/DerivedData/WhoNext-bcqdpcrgceedsxgxhmbktbrsaayp/Build/Intermediates.noindex/Supabase.build/Debug/Auth.build/Objects-normal/arm64/Auth-linker-args.resp -o /Users/bobkitchen/Library/Developer/Xcode/DerivedData/WhoNext-bcqdpcrgceedsxgxhmbktbrsaayp/Build/Products/Debug/Auth.o

ExtractAppIntentsMetadata (in target 'Functions' from project 'Supabase')
    cd /Users/bobkitchen/Library/Developer/Xcode/DerivedData/WhoNext-bcqdpcrgceedsxgxhmbktbrsaayp/SourcePackages/checkouts/supabase-swift
    /Applications/Xcode.app/Contents/Developer/Toolchains/XcodeDefault.xctoolchain/usr/bin/appintentsmetadataprocessor --toolchain-dir /Applications/Xcode.app/Contents/Developer/Toolchains/XcodeDefault.xctoolchain --module-name Functions --sdk-root /Applications/Xcode.app/Contents/Developer/Platforms/MacOSX.platform/Developer/SDKs/MacOSX26.1.sdk --xcode-version 17B100 --platform-family macOS --deployment-target 10.15 --bundle-identifier supabase-swift.Functions --output /Users/bobkitchen/Library/Developer/Xcode/DerivedData/WhoNext-bcqdpcrgceedsxgxhmbktbrsaayp/Build/Products/Debug/Functions.appintents --target-triple arm64-apple-macos10.15 --binary-file /Users/bobkitchen/Library/Developer/Xcode/DerivedData/WhoNext-bcqdpcrgceedsxgxhmbktbrsaayp/Build/Products/Debug/Functions.o --dependency-file /Users/bobkitchen/Library/Developer/Xcode/DerivedData/WhoNext-bcqdpcrgceedsxgxhmbktbrsaayp/Build/Intermediates.noindex/Supabase.build/Debug/Functions.build/Objects-normal/arm64/Functions_dependency_info.dat --stringsdata-file /Users/bobkitchen/Library/Developer/Xcode/DerivedData/WhoNext-bcqdpcrgceedsxgxhmbktbrsaayp/Build/Intermediates.noindex/Supabase.build/Debug/Functions.build/Objects-normal/arm64/ExtractedAppShortcutsMetadata.stringsdata --source-file-list /Users/bobkitchen/Library/Developer/Xcode/DerivedData/WhoNext-bcqdpcrgceedsxgxhmbktbrsaayp/Build/Intermediates.noindex/Supabase.build/Debug/Functions.build/Objects-normal/arm64/Functions.SwiftFileList --metadata-file-list /Users/bobkitchen/Library/Developer/Xcode/DerivedData/WhoNext-bcqdpcrgceedsxgxhmbktbrsaayp/Build/Intermediates.noindex/Supabase.build/Debug/Functions.build/Functions.DependencyMetadataFileList --static-metadata-file-list /Users/bobkitchen/Library/Developer/Xcode/DerivedData/WhoNext-bcqdpcrgceedsxgxhmbktbrsaayp/Build/Intermediates.noindex/Supabase.build/Debug/Functions.build/Functions.DependencyStaticMetadataFileList --swift-const-vals-list /Users/bobkitchen/Library/Developer/Xcode/DerivedData/WhoNext-bcqdpcrgceedsxgxhmbktbrsaayp/Build/Intermediates.noindex/Supabase.build/Debug/Functions.build/Objects-normal/arm64/Functions.SwiftConstValuesFileList --force --compile-time-extraction --deployment-aware-processing --validate-assistant-intents --no-app-shortcuts-localization
2025-11-30 18:49:51.933 appintentsmetadataprocessor[49505:1886404] Starting appintentsmetadataprocessor export
2025-11-30 18:49:52.143 appintentsmetadataprocessor[49505:1886404] Extracted no relevant App Intents symbols, skipping writing output

ExtractAppIntentsMetadata (in target 'PostgREST' from project 'Supabase')
    cd /Users/bobkitchen/Library/Developer/Xcode/DerivedData/WhoNext-bcqdpcrgceedsxgxhmbktbrsaayp/SourcePackages/checkouts/supabase-swift
    /Applications/Xcode.app/Contents/Developer/Toolchains/XcodeDefault.xctoolchain/usr/bin/appintentsmetadataprocessor --toolchain-dir /Applications/Xcode.app/Contents/Developer/Toolchains/XcodeDefault.xctoolchain --module-name PostgREST --sdk-root /Applications/Xcode.app/Contents/Developer/Platforms/MacOSX.platform/Developer/SDKs/MacOSX26.1.sdk --xcode-version 17B100 --platform-family macOS --deployment-target 10.15 --bundle-identifier supabase-swift.PostgREST --output /Users/bobkitchen/Library/Developer/Xcode/DerivedData/WhoNext-bcqdpcrgceedsxgxhmbktbrsaayp/Build/Products/Debug/PostgREST.appintents --target-triple arm64-apple-macos10.15 --binary-file /Users/bobkitchen/Library/Developer/Xcode/DerivedData/WhoNext-bcqdpcrgceedsxgxhmbktbrsaayp/Build/Products/Debug/PostgREST.o --dependency-file /Users/bobkitchen/Library/Developer/Xcode/DerivedData/WhoNext-bcqdpcrgceedsxgxhmbktbrsaayp/Build/Intermediates.noindex/Supabase.build/Debug/PostgREST.build/Objects-normal/arm64/PostgREST_dependency_info.dat --stringsdata-file /Users/bobkitchen/Library/Developer/Xcode/DerivedData/WhoNext-bcqdpcrgceedsxgxhmbktbrsaayp/Build/Intermediates.noindex/Supabase.build/Debug/PostgREST.build/Objects-normal/arm64/ExtractedAppShortcutsMetadata.stringsdata --source-file-list /Users/bobkitchen/Library/Developer/Xcode/DerivedData/WhoNext-bcqdpcrgceedsxgxhmbktbrsaayp/Build/Intermediates.noindex/Supabase.build/Debug/PostgREST.build/Objects-normal/arm64/PostgREST.SwiftFileList --metadata-file-list /Users/bobkitchen/Library/Developer/Xcode/DerivedData/WhoNext-bcqdpcrgceedsxgxhmbktbrsaayp/Build/Intermediates.noindex/Supabase.build/Debug/PostgREST.build/PostgREST.DependencyMetadataFileList --static-metadata-file-list /Users/bobkitchen/Library/Developer/Xcode/DerivedData/WhoNext-bcqdpcrgceedsxgxhmbktbrsaayp/Build/Intermediates.noindex/Supabase.build/Debug/PostgREST.build/PostgREST.DependencyStaticMetadataFileList --swift-const-vals-list /Users/bobkitchen/Library/Developer/Xcode/DerivedData/WhoNext-bcqdpcrgceedsxgxhmbktbrsaayp/Build/Intermediates.noindex/Supabase.build/Debug/PostgREST.build/Objects-normal/arm64/PostgREST.SwiftConstValuesFileList --force --compile-time-extraction --deployment-aware-processing --validate-assistant-intents --no-app-shortcuts-localization
2025-11-30 18:49:51.928 appintentsmetadataprocessor[49506:1886405] Starting appintentsmetadataprocessor export
2025-11-30 18:49:52.101 appintentsmetadataprocessor[49506:1886405] Extracted no relevant App Intents symbols, skipping writing output

ExtractAppIntentsMetadata (in target 'Storage' from project 'Supabase')
    cd /Users/bobkitchen/Library/Developer/Xcode/DerivedData/WhoNext-bcqdpcrgceedsxgxhmbktbrsaayp/SourcePackages/checkouts/supabase-swift
    /Applications/Xcode.app/Contents/Developer/Toolchains/XcodeDefault.xctoolchain/usr/bin/appintentsmetadataprocessor --toolchain-dir /Applications/Xcode.app/Contents/Developer/Toolchains/XcodeDefault.xctoolchain --module-name Storage --sdk-root /Applications/Xcode.app/Contents/Developer/Platforms/MacOSX.platform/Developer/SDKs/MacOSX26.1.sdk --xcode-version 17B100 --platform-family macOS --deployment-target 10.15 --bundle-identifier supabase-swift.Storage --output /Users/bobkitchen/Library/Developer/Xcode/DerivedData/WhoNext-bcqdpcrgceedsxgxhmbktbrsaayp/Build/Products/Debug/Storage.appintents --target-triple arm64-apple-macos10.15 --binary-file /Users/bobkitchen/Library/Developer/Xcode/DerivedData/WhoNext-bcqdpcrgceedsxgxhmbktbrsaayp/Build/Products/Debug/Storage.o --dependency-file /Users/bobkitchen/Library/Developer/Xcode/DerivedData/WhoNext-bcqdpcrgceedsxgxhmbktbrsaayp/Build/Intermediates.noindex/Supabase.build/Debug/Storage.build/Objects-normal/arm64/Storage_dependency_info.dat --stringsdata-file /Users/bobkitchen/Library/Developer/Xcode/DerivedData/WhoNext-bcqdpcrgceedsxgxhmbktbrsaayp/Build/Intermediates.noindex/Supabase.build/Debug/Storage.build/Objects-normal/arm64/ExtractedAppShortcutsMetadata.stringsdata --source-file-list /Users/bobkitchen/Library/Developer/Xcode/DerivedData/WhoNext-bcqdpcrgceedsxgxhmbktbrsaayp/Build/Intermediates.noindex/Supabase.build/Debug/Storage.build/Objects-normal/arm64/Storage.SwiftFileList --metadata-file-list /Users/bobkitchen/Library/Developer/Xcode/DerivedData/WhoNext-bcqdpcrgceedsxgxhmbktbrsaayp/Build/Intermediates.noindex/Supabase.build/Debug/Storage.build/Storage.DependencyMetadataFileList --static-metadata-file-list /Users/bobkitchen/Library/Developer/Xcode/DerivedData/WhoNext-bcqdpcrgceedsxgxhmbktbrsaayp/Build/Intermediates.noindex/Supabase.build/Debug/Storage.build/Storage.DependencyStaticMetadataFileList --swift-const-vals-list /Users/bobkitchen/Library/Developer/Xcode/DerivedData/WhoNext-bcqdpcrgceedsxgxhmbktbrsaayp/Build/Intermediates.noindex/Supabase.build/Debug/Storage.build/Objects-normal/arm64/Storage.SwiftConstValuesFileList --force --compile-time-extraction --deployment-aware-processing --validate-assistant-intents --no-app-shortcuts-localization
2025-11-30 18:49:51.928 appintentsmetadataprocessor[49507:1886406] Starting appintentsmetadataprocessor export
2025-11-30 18:49:52.155 appintentsmetadataprocessor[49507:1886406] Extracted no relevant App Intents symbols, skipping writing output

ExtractAppIntentsMetadata (in target 'Realtime' from project 'Supabase')
    cd /Users/bobkitchen/Library/Developer/Xcode/DerivedData/WhoNext-bcqdpcrgceedsxgxhmbktbrsaayp/SourcePackages/checkouts/supabase-swift
    /Applications/Xcode.app/Contents/Developer/Toolchains/XcodeDefault.xctoolchain/usr/bin/appintentsmetadataprocessor --toolchain-dir /Applications/Xcode.app/Contents/Developer/Toolchains/XcodeDefault.xctoolchain --module-name Realtime --sdk-root /Applications/Xcode.app/Contents/Developer/Platforms/MacOSX.platform/Developer/SDKs/MacOSX26.1.sdk --xcode-version 17B100 --platform-family macOS --deployment-target 10.15 --bundle-identifier supabase-swift.Realtime --output /Users/bobkitchen/Library/Developer/Xcode/DerivedData/WhoNext-bcqdpcrgceedsxgxhmbktbrsaayp/Build/Products/Debug/Realtime.appintents --target-triple arm64-apple-macos10.15 --binary-file /Users/bobkitchen/Library/Developer/Xcode/DerivedData/WhoNext-bcqdpcrgceedsxgxhmbktbrsaayp/Build/Products/Debug/Realtime.o --dependency-file /Users/bobkitchen/Library/Developer/Xcode/DerivedData/WhoNext-bcqdpcrgceedsxgxhmbktbrsaayp/Build/Intermediates.noindex/Supabase.build/Debug/Realtime.build/Objects-normal/arm64/Realtime_dependency_info.dat --stringsdata-file /Users/bobkitchen/Library/Developer/Xcode/DerivedData/WhoNext-bcqdpcrgceedsxgxhmbktbrsaayp/Build/Intermediates.noindex/Supabase.build/Debug/Realtime.build/Objects-normal/arm64/ExtractedAppShortcutsMetadata.stringsdata --source-file-list /Users/bobkitchen/Library/Developer/Xcode/DerivedData/WhoNext-bcqdpcrgceedsxgxhmbktbrsaayp/Build/Intermediates.noindex/Supabase.build/Debug/Realtime.build/Objects-normal/arm64/Realtime.SwiftFileList --metadata-file-list /Users/bobkitchen/Library/Developer/Xcode/DerivedData/WhoNext-bcqdpcrgceedsxgxhmbktbrsaayp/Build/Intermediates.noindex/Supabase.build/Debug/Realtime.build/Realtime.DependencyMetadataFileList --static-metadata-file-list /Users/bobkitchen/Library/Developer/Xcode/DerivedData/WhoNext-bcqdpcrgceedsxgxhmbktbrsaayp/Build/Intermediates.noindex/Supabase.build/Debug/Realtime.build/Realtime.DependencyStaticMetadataFileList --swift-const-vals-list /Users/bobkitchen/Library/Developer/Xcode/DerivedData/WhoNext-bcqdpcrgceedsxgxhmbktbrsaayp/Build/Intermediates.noindex/Supabase.build/Debug/Realtime.build/Objects-normal/arm64/Realtime.SwiftConstValuesFileList --force --compile-time-extraction --deployment-aware-processing --validate-assistant-intents --no-app-shortcuts-localization
2025-11-30 18:49:51.951 appintentsmetadataprocessor[49508:1886407] Starting appintentsmetadataprocessor export
2025-11-30 18:49:52.157 appintentsmetadataprocessor[49508:1886407] Extracted no relevant App Intents symbols, skipping writing output

ExtractAppIntentsMetadata (in target 'Auth' from project 'Supabase')
    cd /Users/bobkitchen/Library/Developer/Xcode/DerivedData/WhoNext-bcqdpcrgceedsxgxhmbktbrsaayp/SourcePackages/checkouts/supabase-swift
    /Applications/Xcode.app/Contents/Developer/Toolchains/XcodeDefault.xctoolchain/usr/bin/appintentsmetadataprocessor --toolchain-dir /Applications/Xcode.app/Contents/Developer/Toolchains/XcodeDefault.xctoolchain --module-name Auth --sdk-root /Applications/Xcode.app/Contents/Developer/Platforms/MacOSX.platform/Developer/SDKs/MacOSX26.1.sdk --xcode-version 17B100 --platform-family macOS --deployment-target 10.15 --bundle-identifier supabase-swift.Auth --output /Users/bobkitchen/Library/Developer/Xcode/DerivedData/WhoNext-bcqdpcrgceedsxgxhmbktbrsaayp/Build/Products/Debug/Auth.appintents --target-triple arm64-apple-macos10.15 --binary-file /Users/bobkitchen/Library/Developer/Xcode/DerivedData/WhoNext-bcqdpcrgceedsxgxhmbktbrsaayp/Build/Products/Debug/Auth.o --dependency-file /Users/bobkitchen/Library/Developer/Xcode/DerivedData/WhoNext-bcqdpcrgceedsxgxhmbktbrsaayp/Build/Intermediates.noindex/Supabase.build/Debug/Auth.build/Objects-normal/arm64/Auth_dependency_info.dat --stringsdata-file /Users/bobkitchen/Library/Developer/Xcode/DerivedData/WhoNext-bcqdpcrgceedsxgxhmbktbrsaayp/Build/Intermediates.noindex/Supabase.build/Debug/Auth.build/Objects-normal/arm64/ExtractedAppShortcutsMetadata.stringsdata --source-file-list /Users/bobkitchen/Library/Developer/Xcode/DerivedData/WhoNext-bcqdpcrgceedsxgxhmbktbrsaayp/Build/Intermediates.noindex/Supabase.build/Debug/Auth.build/Objects-normal/arm64/Auth.SwiftFileList --metadata-file-list /Users/bobkitchen/Library/Developer/Xcode/DerivedData/WhoNext-bcqdpcrgceedsxgxhmbktbrsaayp/Build/Intermediates.noindex/Supabase.build/Debug/Auth.build/Auth.DependencyMetadataFileList --static-metadata-file-list /Users/bobkitchen/Library/Developer/Xcode/DerivedData/WhoNext-bcqdpcrgceedsxgxhmbktbrsaayp/Build/Intermediates.noindex/Supabase.build/Debug/Auth.build/Auth.DependencyStaticMetadataFileList --swift-const-vals-list /Users/bobkitchen/Library/Developer/Xcode/DerivedData/WhoNext-bcqdpcrgceedsxgxhmbktbrsaayp/Build/Intermediates.noindex/Supabase.build/Debug/Auth.build/Objects-normal/arm64/Auth.SwiftConstValuesFileList --force --compile-time-extraction --deployment-aware-processing --validate-assistant-intents --no-app-shortcuts-localization
2025-11-30 18:49:51.951 appintentsmetadataprocessor[49510:1886414] Starting appintentsmetadataprocessor export
2025-11-30 18:49:52.162 appintentsmetadataprocessor[49510:1886414] Extracted no relevant App Intents symbols, skipping writing output

RegisterExecutionPolicyException /Users/bobkitchen/Library/Developer/Xcode/DerivedData/WhoNext-bcqdpcrgceedsxgxhmbktbrsaayp/Build/Products/Debug/Auth.o (in target 'Auth' from project 'Supabase')
    cd /Users/bobkitchen/Library/Developer/Xcode/DerivedData/WhoNext-bcqdpcrgceedsxgxhmbktbrsaayp/SourcePackages/checkouts/supabase-swift
    builtin-RegisterExecutionPolicyException /Users/bobkitchen/Library/Developer/Xcode/DerivedData/WhoNext-bcqdpcrgceedsxgxhmbktbrsaayp/Build/Products/Debug/Auth.o

RegisterExecutionPolicyException /Users/bobkitchen/Library/Developer/Xcode/DerivedData/WhoNext-bcqdpcrgceedsxgxhmbktbrsaayp/Build/Products/Debug/Functions.o (in target 'Functions' from project 'Supabase')
    cd /Users/bobkitchen/Library/Developer/Xcode/DerivedData/WhoNext-bcqdpcrgceedsxgxhmbktbrsaayp/SourcePackages/checkouts/supabase-swift
    builtin-RegisterExecutionPolicyException /Users/bobkitchen/Library/Developer/Xcode/DerivedData/WhoNext-bcqdpcrgceedsxgxhmbktbrsaayp/Build/Products/Debug/Functions.o

RegisterExecutionPolicyException /Users/bobkitchen/Library/Developer/Xcode/DerivedData/WhoNext-bcqdpcrgceedsxgxhmbktbrsaayp/Build/Products/Debug/PostgREST.o (in target 'PostgREST' from project 'Supabase')
    cd /Users/bobkitchen/Library/Developer/Xcode/DerivedData/WhoNext-bcqdpcrgceedsxgxhmbktbrsaayp/SourcePackages/checkouts/supabase-swift
    builtin-RegisterExecutionPolicyException /Users/bobkitchen/Library/Developer/Xcode/DerivedData/WhoNext-bcqdpcrgceedsxgxhmbktbrsaayp/Build/Products/Debug/PostgREST.o

RegisterExecutionPolicyException /Users/bobkitchen/Library/Developer/Xcode/DerivedData/WhoNext-bcqdpcrgceedsxgxhmbktbrsaayp/Build/Products/Debug/Realtime.o (in target 'Realtime' from project 'Supabase')
    cd /Users/bobkitchen/Library/Developer/Xcode/DerivedData/WhoNext-bcqdpcrgceedsxgxhmbktbrsaayp/SourcePackages/checkouts/supabase-swift
    builtin-RegisterExecutionPolicyException /Users/bobkitchen/Library/Developer/Xcode/DerivedData/WhoNext-bcqdpcrgceedsxgxhmbktbrsaayp/Build/Products/Debug/Realtime.o

RegisterExecutionPolicyException /Users/bobkitchen/Library/Developer/Xcode/DerivedData/WhoNext-bcqdpcrgceedsxgxhmbktbrsaayp/Build/Products/Debug/Storage.o (in target 'Storage' from project 'Supabase')
    cd /Users/bobkitchen/Library/Developer/Xcode/DerivedData/WhoNext-bcqdpcrgceedsxgxhmbktbrsaayp/SourcePackages/checkouts/supabase-swift
    builtin-RegisterExecutionPolicyException /Users/bobkitchen/Library/Developer/Xcode/DerivedData/WhoNext-bcqdpcrgceedsxgxhmbktbrsaayp/Build/Products/Debug/Storage.o

Ld /Users/bobkitchen/Library/Developer/Xcode/DerivedData/WhoNext-bcqdpcrgceedsxgxhmbktbrsaayp/Build/Products/Debug/Supabase.o normal (in target 'Supabase' from project 'Supabase')
    cd /Users/bobkitchen/Library/Developer/Xcode/DerivedData/WhoNext-bcqdpcrgceedsxgxhmbktbrsaayp/SourcePackages/checkouts/supabase-swift
    /Applications/Xcode.app/Contents/Developer/Toolchains/XcodeDefault.xctoolchain/usr/bin/clang -Xlinker -reproducible -target arm64-apple-macos10.15 -r -isysroot /Applications/Xcode.app/Contents/Developer/Platforms/MacOSX.platform/Developer/SDKs/MacOSX26.1.sdk -O0 -w -L/Users/bobkitchen/Library/Developer/Xcode/DerivedData/WhoNext-bcqdpcrgceedsxgxhmbktbrsaayp/Build/Intermediates.noindex/EagerLinkingTBDs/Debug -L/Users/bobkitchen/Library/Developer/Xcode/DerivedData/WhoNext-bcqdpcrgceedsxgxhmbktbrsaayp/Build/Products/Debug -L/Applications/Xcode.app/Contents/Developer/Platforms/MacOSX.platform/Developer/usr/lib -F/Users/bobkitchen/Library/Developer/Xcode/DerivedData/WhoNext-bcqdpcrgceedsxgxhmbktbrsaayp/Build/Intermediates.noindex/EagerLinkingTBDs/Debug -F/Users/bobkitchen/Library/Developer/Xcode/DerivedData/WhoNext-bcqdpcrgceedsxgxhmbktbrsaayp/Build/Products/Debug/PackageFrameworks -F/Users/bobkitchen/Library/Developer/Xcode/DerivedData/WhoNext-bcqdpcrgceedsxgxhmbktbrsaayp/Build/Products/Debug/PackageFrameworks -F/Users/bobkitchen/Library/Developer/Xcode/DerivedData/WhoNext-bcqdpcrgceedsxgxhmbktbrsaayp/Build/Products/Debug/PackageFrameworks -F/Users/bobkitchen/Library/Developer/Xcode/DerivedData/WhoNext-bcqdpcrgceedsxgxhmbktbrsaayp/Build/Products/Debug/PackageFrameworks -F/Users/bobkitchen/Library/Developer/Xcode/DerivedData/WhoNext-bcqdpcrgceedsxgxhmbktbrsaayp/Build/Products/Debug/PackageFrameworks -F/Users/bobkitchen/Library/Developer/Xcode/DerivedData/WhoNext-bcqdpcrgceedsxgxhmbktbrsaayp/Build/Products/Debug/PackageFrameworks -F/Users/bobkitchen/Library/Developer/Xcode/DerivedData/WhoNext-bcqdpcrgceedsxgxhmbktbrsaayp/Build/Products/Debug/PackageFrameworks -F/Users/bobkitchen/Library/Developer/Xcode/DerivedData/WhoNext-bcqdpcrgceedsxgxhmbktbrsaayp/Build/Products/Debug/PackageFrameworks -F/Users/bobkitchen/Library/Developer/Xcode/DerivedData/WhoNext-bcqdpcrgceedsxgxhmbktbrsaayp/Build/Products/Debug/PackageFrameworks -F/Users/bobkitchen/Library/Developer/Xcode/DerivedData/WhoNext-bcqdpcrgceedsxgxhmbktbrsaayp/Build/Products/Debug/PackageFrameworks -F/Users/bobkitchen/Library/Developer/Xcode/DerivedData/WhoNext-bcqdpcrgceedsxgxhmbktbrsaayp/Build/Products/Debug/PackageFrameworks -F/Users/bobkitchen/Library/Developer/Xcode/DerivedData/WhoNext-bcqdpcrgceedsxgxhmbktbrsaayp/Build/Products/Debug/PackageFrameworks -F/Users/bobkitchen/Library/Developer/Xcode/DerivedData/WhoNext-bcqdpcrgceedsxgxhmbktbrsaayp/Build/Products/Debug -iframework /Applications/Xcode.app/Contents/Developer/Platforms/MacOSX.platform/Developer/Library/Frameworks -filelist /Users/bobkitchen/Library/Developer/Xcode/DerivedData/WhoNext-bcqdpcrgceedsxgxhmbktbrsaayp/Build/Intermediates.noindex/Supabase.build/Debug/Supabase.build/Objects-normal/arm64/Supabase.LinkFileList -nostdlib -Xlinker -object_path_lto -Xlinker /Users/bobkitchen/Library/Developer/Xcode/DerivedData/WhoNext-bcqdpcrgceedsxgxhmbktbrsaayp/Build/Intermediates.noindex/Supabase.build/Debug/Supabase.build/Objects-normal/arm64/Supabase_lto.o -rdynamic -Xlinker -no_deduplicate -Xlinker -debug_variant -Xlinker -dependency_info -Xlinker /Users/bobkitchen/Library/Developer/Xcode/DerivedData/WhoNext-bcqdpcrgceedsxgxhmbktbrsaayp/Build/Intermediates.noindex/Supabase.build/Debug/Supabase.build/Objects-normal/arm64/Supabase_dependency_info.dat -fobjc-link-runtime -L/Applications/Xcode.app/Contents/Developer/Toolchains/XcodeDefault.xctoolchain/usr/lib/swift/macosx -L/usr/lib/swift -Xlinker -add_ast_path -Xlinker /Users/bobkitchen/Library/Developer/Xcode/DerivedData/WhoNext-bcqdpcrgceedsxgxhmbktbrsaayp/Build/Intermediates.noindex/Supabase.build/Debug/Supabase.build/Objects-normal/arm64/Supabase.swiftmodule @/Users/bobkitchen/Library/Developer/Xcode/DerivedData/WhoNext-bcqdpcrgceedsxgxhmbktbrsaayp/Build/Intermediates.noindex/Supabase.build/Debug/Supabase.build/Objects-normal/arm64/Supabase-linker-args.resp -o /Users/bobkitchen/Library/Developer/Xcode/DerivedData/WhoNext-bcqdpcrgceedsxgxhmbktbrsaayp/Build/Products/Debug/Supabase.o

ExtractAppIntentsMetadata (in target 'Supabase' from project 'Supabase')
    cd /Users/bobkitchen/Library/Developer/Xcode/DerivedData/WhoNext-bcqdpcrgceedsxgxhmbktbrsaayp/SourcePackages/checkouts/supabase-swift
    /Applications/Xcode.app/Contents/Developer/Toolchains/XcodeDefault.xctoolchain/usr/bin/appintentsmetadataprocessor --toolchain-dir /Applications/Xcode.app/Contents/Developer/Toolchains/XcodeDefault.xctoolchain --module-name Supabase --sdk-root /Applications/Xcode.app/Contents/Developer/Platforms/MacOSX.platform/Developer/SDKs/MacOSX26.1.sdk --xcode-version 17B100 --platform-family macOS --deployment-target 10.15 --bundle-identifier supabase-swift.Supabase --output /Users/bobkitchen/Library/Developer/Xcode/DerivedData/WhoNext-bcqdpcrgceedsxgxhmbktbrsaayp/Build/Products/Debug/Supabase.appintents --target-triple arm64-apple-macos10.15 --binary-file /Users/bobkitchen/Library/Developer/Xcode/DerivedData/WhoNext-bcqdpcrgceedsxgxhmbktbrsaayp/Build/Products/Debug/Supabase.o --dependency-file /Users/bobkitchen/Library/Developer/Xcode/DerivedData/WhoNext-bcqdpcrgceedsxgxhmbktbrsaayp/Build/Intermediates.noindex/Supabase.build/Debug/Supabase.build/Objects-normal/arm64/Supabase_dependency_info.dat --stringsdata-file /Users/bobkitchen/Library/Developer/Xcode/DerivedData/WhoNext-bcqdpcrgceedsxgxhmbktbrsaayp/Build/Intermediates.noindex/Supabase.build/Debug/Supabase.build/Objects-normal/arm64/ExtractedAppShortcutsMetadata.stringsdata --source-file-list /Users/bobkitchen/Library/Developer/Xcode/DerivedData/WhoNext-bcqdpcrgceedsxgxhmbktbrsaayp/Build/Intermediates.noindex/Supabase.build/Debug/Supabase.build/Objects-normal/arm64/Supabase.SwiftFileList --metadata-file-list /Users/bobkitchen/Library/Developer/Xcode/DerivedData/WhoNext-bcqdpcrgceedsxgxhmbktbrsaayp/Build/Intermediates.noindex/Supabase.build/Debug/Supabase.build/Supabase.DependencyMetadataFileList --static-metadata-file-list /Users/bobkitchen/Library/Developer/Xcode/DerivedData/WhoNext-bcqdpcrgceedsxgxhmbktbrsaayp/Build/Intermediates.noindex/Supabase.build/Debug/Supabase.build/Supabase.DependencyStaticMetadataFileList --swift-const-vals-list /Users/bobkitchen/Library/Developer/Xcode/DerivedData/WhoNext-bcqdpcrgceedsxgxhmbktbrsaayp/Build/Intermediates.noindex/Supabase.build/Debug/Supabase.build/Objects-normal/arm64/Supabase.SwiftConstValuesFileList --force --compile-time-extraction --deployment-aware-processing --validate-assistant-intents --no-app-shortcuts-localization
2025-11-30 18:49:52.244 appintentsmetadataprocessor[49530:1886494] Starting appintentsmetadataprocessor export
2025-11-30 18:49:52.318 appintentsmetadataprocessor[49530:1886494] Extracted no relevant App Intents symbols, skipping writing output

RegisterExecutionPolicyException /Users/bobkitchen/Library/Developer/Xcode/DerivedData/WhoNext-bcqdpcrgceedsxgxhmbktbrsaayp/Build/Products/Debug/Supabase.o (in target 'Supabase' from project 'Supabase')
    cd /Users/bobkitchen/Library/Developer/Xcode/DerivedData/WhoNext-bcqdpcrgceedsxgxhmbktbrsaayp/SourcePackages/checkouts/supabase-swift
    builtin-RegisterExecutionPolicyException /Users/bobkitchen/Library/Developer/Xcode/DerivedData/WhoNext-bcqdpcrgceedsxgxhmbktbrsaayp/Build/Products/Debug/Supabase.o

ProcessInfoPlistFile /Users/bobkitchen/Library/Developer/Xcode/DerivedData/WhoNext-bcqdpcrgceedsxgxhmbktbrsaayp/Build/Products/Debug/WhoNext.app/Contents/Info.plist /Users/bobkitchen/Documents/GitHub/WhoNext/WhoNext/Info.plist (in target 'WhoNext' from project 'WhoNext')
    cd /Users/bobkitchen/Documents/GitHub/WhoNext
    builtin-infoPlistUtility /Users/bobkitchen/Documents/GitHub/WhoNext/WhoNext/Info.plist -producttype com.apple.product-type.application -genpkginfo /Users/bobkitchen/Library/Developer/Xcode/DerivedData/WhoNext-bcqdpcrgceedsxgxhmbktbrsaayp/Build/Products/Debug/WhoNext.app/Contents/PkgInfo -expandbuildsettings -platform macosx -additionalcontentfile /Users/bobkitchen/Library/Developer/Xcode/DerivedData/WhoNext-bcqdpcrgceedsxgxhmbktbrsaayp/Build/Intermediates.noindex/WhoNext.build/Debug/WhoNext.build/assetcatalog_generated_info.plist -scanforprivacyfile /Users/bobkitchen/Library/Developer/Xcode/DerivedData/WhoNext-bcqdpcrgceedsxgxhmbktbrsaayp/Build/Products/Debug/WhoNext.app/Contents/Resources/Down_Down.bundle -scanforprivacyfile /Users/bobkitchen/Library/Developer/Xcode/DerivedData/WhoNext-bcqdpcrgceedsxgxhmbktbrsaayp/Build/Products/Debug/WhoNext.app/Contents/Resources/SwiftCSV_SwiftCSV.bundle -scanforprivacyfile /Users/bobkitchen/Library/Developer/Xcode/DerivedData/WhoNext-bcqdpcrgceedsxgxhmbktbrsaayp/Build/Products/Debug/WhoNext.app/Contents/Resources/swift-crypto_Crypto.bundle -o /Users/bobkitchen/Library/Developer/Xcode/DerivedData/WhoNext-bcqdpcrgceedsxgxhmbktbrsaayp/Build/Products/Debug/WhoNext.app/Contents/Info.plist

SwiftEmitModule normal arm64 Emitting\ module\ for\ WhoNext (in target 'WhoNext' from project 'WhoNext')

EmitSwiftModule normal arm64 (in target 'WhoNext' from project 'WhoNext')
    cd /Users/bobkitchen/Documents/GitHub/WhoNext
    
/Users/bobkitchen/Documents/GitHub/WhoNext/WhoNext/Group+CoreDataClass.swift:5:49: warning: conformance of 'Group' to protocol 'Sendable' is already unavailable
public class Group: NSManagedObject, @unchecked Sendable {
                                                ^
/Users/bobkitchen/Documents/GitHub/WhoNext/WhoNext/Group+CoreDataClass.swift:5:14: note: 'Group' inherits conformance to protocol 'Sendable' from superclass here
public class Group: NSManagedObject, @unchecked Sendable {
             ^
/Users/bobkitchen/Documents/GitHub/WhoNext/WhoNext/GroupMeeting+CoreDataClass.swift:5:56: warning: conformance of 'GroupMeeting' to protocol 'Sendable' is already unavailable
public class GroupMeeting: NSManagedObject, @unchecked Sendable {
                                                       ^
/Users/bobkitchen/Documents/GitHub/WhoNext/WhoNext/GroupMeeting+CoreDataClass.swift:5:14: note: 'GroupMeeting' inherits conformance to protocol 'Sendable' from superclass here
public class GroupMeeting: NSManagedObject, @unchecked Sendable {
             ^

SwiftCompile normal arm64 Compiling\ MeetingsView.swift /Users/bobkitchen/Documents/GitHub/WhoNext/WhoNext/MeetingsView.swift (in target 'WhoNext' from project 'WhoNext')

SwiftCompile normal arm64 /Users/bobkitchen/Documents/GitHub/WhoNext/WhoNext/MeetingsView.swift (in target 'WhoNext' from project 'WhoNext')
    cd /Users/bobkitchen/Documents/GitHub/WhoNext
    

SwiftCompile normal arm64 Compiling\ MeetingsHeaderView.swift /Users/bobkitchen/Documents/GitHub/WhoNext/WhoNext/MeetingsHeaderView.swift (in target 'WhoNext' from project 'WhoNext')

SwiftCompile normal arm64 /Users/bobkitchen/Documents/GitHub/WhoNext/WhoNext/MeetingsHeaderView.swift (in target 'WhoNext' from project 'WhoNext')
    cd /Users/bobkitchen/Documents/GitHub/WhoNext
    

SwiftDriverJobDiscovery normal arm64 Compiling MeetingsHeaderView.swift (in target 'WhoNext' from project 'WhoNext')

SwiftDriverJobDiscovery normal arm64 Compiling MeetingsView.swift (in target 'WhoNext' from project 'WhoNext')

SwiftDriverJobDiscovery normal arm64 Emitting module for WhoNext (in target 'WhoNext' from project 'WhoNext')

SwiftDriver\ Compilation\ Requirements WhoNext normal arm64 com.apple.xcode.tools.swift.compiler (in target 'WhoNext' from project 'WhoNext')
    cd /Users/bobkitchen/Documents/GitHub/WhoNext
    builtin-Swift-Compilation-Requirements -- /Applications/Xcode.app/Contents/Developer/Toolchains/XcodeDefault.xctoolchain/usr/bin/swiftc -module-name WhoNext -Onone -enforce-exclusivity\=checked @/Users/bobkitchen/Library/Developer/Xcode/DerivedData/WhoNext-bcqdpcrgceedsxgxhmbktbrsaayp/Build/Intermediates.noindex/WhoNext.build/Debug/WhoNext.build/Objects-normal/arm64/WhoNext.SwiftFileList -DDEBUG -Xcc -fmodule-map-file\=/Users/bobkitchen/Library/Developer/Xcode/DerivedData/WhoNext-bcqdpcrgceedsxgxhmbktbrsaayp/Build/Intermediates.noindex/GeneratedModuleMaps/libcmark.modulemap -enable-bare-slash-regex -enable-experimental-feature DebugDescriptionMacro -sdk /Applications/Xcode.app/Contents/Developer/Platforms/MacOSX.platform/Developer/SDKs/MacOSX26.1.sdk -target arm64-apple-macos15.0 -g -module-cache-path /Users/bobkitchen/Library/Developer/Xcode/DerivedData/ModuleCache.noindex -Xfrontend -serialize-debugging-options -profile-coverage-mapping -profile-generate -enable-testing -index-store-path /Users/bobkitchen/Library/Developer/Xcode/DerivedData/WhoNext-bcqdpcrgceedsxgxhmbktbrsaayp/Index.noindex/DataStore -Xcc -D_LIBCPP_HARDENING_MODE\=_LIBCPP_HARDENING_MODE_DEBUG -swift-version 5 -I /Users/bobkitchen/Library/Developer/Xcode/DerivedData/WhoNext-bcqdpcrgceedsxgxhmbktbrsaayp/Build/Products/Debug -F /Users/bobkitchen/Library/Developer/Xcode/DerivedData/WhoNext-bcqdpcrgceedsxgxhmbktbrsaayp/Build/Products/Debug/PackageFrameworks -F /Users/bobkitchen/Library/Developer/Xcode/DerivedData/WhoNext-bcqdpcrgceedsxgxhmbktbrsaayp/Build/Products/Debug/PackageFrameworks -F /Users/bobkitchen/Library/Developer/Xcode/DerivedData/WhoNext-bcqdpcrgceedsxgxhmbktbrsaayp/Build/Products/Debug/PackageFrameworks -F /Users/bobkitchen/Library/Developer/Xcode/DerivedData/WhoNext-bcqdpcrgceedsxgxhmbktbrsaayp/Build/Products/Debug/PackageFrameworks -F /Users/bobkitchen/Library/Developer/Xcode/DerivedData/WhoNext-bcqdpcrgceedsxgxhmbktbrsaayp/Build/Products/Debug/PackageFrameworks -F /Users/bobkitchen/Library/Developer/Xcode/DerivedData/WhoNext-bcqdpcrgceedsxgxhmbktbrsaayp/Build/Products/Debug/PackageFrameworks -F /Users/bobkitchen/Library/Developer/Xcode/DerivedData/WhoNext-bcqdpcrgceedsxgxhmbktbrsaayp/Build/Products/Debug/PackageFrameworks -F /Users/bobkitchen/Library/Developer/Xcode/DerivedData/WhoNext-bcqdpcrgceedsxgxhmbktbrsaayp/Build/Products/Debug/PackageFrameworks -F /Users/bobkitchen/Library/Developer/Xcode/DerivedData/WhoNext-bcqdpcrgceedsxgxhmbktbrsaayp/Build/Products/Debug/PackageFrameworks -F /Users/bobkitchen/Library/Developer/Xcode/DerivedData/WhoNext-bcqdpcrgceedsxgxhmbktbrsaayp/Build/Products/Debug/PackageFrameworks -F /Users/bobkitchen/Library/Developer/Xcode/DerivedData/WhoNext-bcqdpcrgceedsxgxhmbktbrsaayp/Build/Products/Debug/PackageFrameworks -F /Users/bobkitchen/Library/Developer/Xcode/DerivedData/WhoNext-bcqdpcrgceedsxgxhmbktbrsaayp/Build/Products/Debug/PackageFrameworks -F /Users/bobkitchen/Library/Developer/Xcode/DerivedData/WhoNext-bcqdpcrgceedsxgxhmbktbrsaayp/Build/Products/Debug/PackageFrameworks -F /Users/bobkitchen/Library/Developer/Xcode/DerivedData/WhoNext-bcqdpcrgceedsxgxhmbktbrsaayp/Build/Products/Debug/PackageFrameworks -F /Users/bobkitchen/Library/Developer/Xcode/DerivedData/WhoNext-bcqdpcrgceedsxgxhmbktbrsaayp/Build/Products/Debug/PackageFrameworks -F /Users/bobkitchen/Library/Developer/Xcode/DerivedData/WhoNext-bcqdpcrgceedsxgxhmbktbrsaayp/Build/Products/Debug/PackageFrameworks -F /Users/bobkitchen/Library/Developer/Xcode/DerivedData/WhoNext-bcqdpcrgceedsxgxhmbktbrsaayp/Build/Products/Debug/PackageFrameworks -F /Users/bobkitchen/Library/Developer/Xcode/DerivedData/WhoNext-bcqdpcrgceedsxgxhmbktbrsaayp/Build/Products/Debug -emit-localized-strings -emit-localized-strings-path /Users/bobkitchen/Library/Developer/Xcode/DerivedData/WhoNext-bcqdpcrgceedsxgxhmbktbrsaayp/Build/Intermediates.noindex/WhoNext.build/Debug/WhoNext.build/Objects-normal/arm64 -c -j8 -enable-batch-mode -incremental -Xcc -ivfsstatcache -Xcc /Users/bobkitchen/Library/Developer/Xcode/DerivedData/SDKStatCaches.noindex/macosx26.1-25B74-3ae1261907bdadc328169391a47051a6.sdkstatcache -output-file-map /Users/bobkitchen/Library/Developer/Xcode/DerivedData/WhoNext-bcqdpcrgceedsxgxhmbktbrsaayp/Build/Intermediates.noindex/WhoNext.build/Debug/WhoNext.build/Objects-normal/arm64/WhoNext-OutputFileMap.json -use-frontend-parseable-output -save-temps -no-color-diagnostics -explicit-module-build -module-cache-path /Users/bobkitchen/Library/Developer/Xcode/DerivedData/WhoNext-bcqdpcrgceedsxgxhmbktbrsaayp/Build/Intermediates.noindex/SwiftExplicitPrecompiledModules -clang-scanner-module-cache-path /Users/bobkitchen/Library/Developer/Xcode/DerivedData/ModuleCache.noindex -sdk-module-cache-path /Users/bobkitchen/Library/Developer/Xcode/DerivedData/ModuleCache.noindex -serialize-diagnostics -emit-dependencies -emit-module -emit-module-path /Users/bobkitchen/Library/Developer/Xcode/DerivedData/WhoNext-bcqdpcrgceedsxgxhmbktbrsaayp/Build/Intermediates.noindex/WhoNext.build/Debug/WhoNext.build/Objects-normal/arm64/WhoNext.swiftmodule -validate-clang-modules-once -clang-build-session-file /Users/bobkitchen/Library/Developer/Xcode/DerivedData/ModuleCache.noindex/Session.modulevalidation -Xcc -I/Users/bobkitchen/Library/Developer/Xcode/DerivedData/WhoNext-bcqdpcrgceedsxgxhmbktbrsaayp/Build/Intermediates.noindex/WhoNext.build/Debug/WhoNext.build/swift-overrides.hmap -emit-const-values -Xfrontend -const-gather-protocols-file -Xfrontend /Users/bobkitchen/Library/Developer/Xcode/DerivedData/WhoNext-bcqdpcrgceedsxgxhmbktbrsaayp/Build/Intermediates.noindex/WhoNext.build/Debug/WhoNext.build/Objects-normal/arm64/WhoNext_const_extract_protocols.json -Xcc -iquote -Xcc /Users/bobkitchen/Library/Developer/Xcode/DerivedData/WhoNext-bcqdpcrgceedsxgxhmbktbrsaayp/Build/Intermediates.noindex/WhoNext.build/Debug/WhoNext.build/WhoNext-generated-files.hmap -Xcc -I/Users/bobkitchen/Library/Developer/Xcode/DerivedData/WhoNext-bcqdpcrgceedsxgxhmbktbrsaayp/Build/Intermediates.noindex/WhoNext.build/Debug/WhoNext.build/WhoNext-own-target-headers.hmap -Xcc -I/Users/bobkitchen/Library/Developer/Xcode/DerivedData/WhoNext-bcqdpcrgceedsxgxhmbktbrsaayp/Build/Intermediates.noindex/WhoNext.build/Debug/WhoNext.build/WhoNext-all-non-framework-target-headers.hmap -Xcc -ivfsoverlay -Xcc /Users/bobkitchen/Library/Developer/Xcode/DerivedData/WhoNext-bcqdpcrgceedsxgxhmbktbrsaayp/Build/Intermediates.noindex/WhoNext.build/Debug/WhoNext-47b2c88a68fb6c7df287073c6477cc9b-VFS/all-product-headers.yaml -Xcc -iquote -Xcc /Users/bobkitchen/Library/Developer/Xcode/DerivedData/WhoNext-bcqdpcrgceedsxgxhmbktbrsaayp/Build/Intermediates.noindex/WhoNext.build/Debug/WhoNext.build/WhoNext-project-headers.hmap -Xcc -I/Users/bobkitchen/Library/Developer/Xcode/DerivedData/WhoNext-bcqdpcrgceedsxgxhmbktbrsaayp/SourcePackages/checkouts/Down/Sources/cmark -Xcc -I/Users/bobkitchen/Library/Developer/Xcode/DerivedData/WhoNext-bcqdpcrgceedsxgxhmbktbrsaayp/Build/Products/Debug/include -Xcc -I/Users/bobkitchen/Library/Developer/Xcode/DerivedData/WhoNext-bcqdpcrgceedsxgxhmbktbrsaayp/Build/Intermediates.noindex/WhoNext.build/Debug/WhoNext.build/DerivedSources-normal/arm64 -Xcc -I/Users/bobkitchen/Library/Developer/Xcode/DerivedData/WhoNext-bcqdpcrgceedsxgxhmbktbrsaayp/Build/Intermediates.noindex/WhoNext.build/Debug/WhoNext.build/DerivedSources/arm64 -Xcc -I/Users/bobkitchen/Library/Developer/Xcode/DerivedData/WhoNext-bcqdpcrgceedsxgxhmbktbrsaayp/Build/Intermediates.noindex/WhoNext.build/Debug/WhoNext.build/DerivedSources -Xcc -DDEBUG\=1 -emit-objc-header -emit-objc-header-path /Users/bobkitchen/Library/Developer/Xcode/DerivedData/WhoNext-bcqdpcrgceedsxgxhmbktbrsaayp/Build/Intermediates.noindex/WhoNext.build/Debug/WhoNext.build/Objects-normal/arm64/WhoNext-Swift.h -working-directory /Users/bobkitchen/Documents/GitHub/WhoNext -experimental-emit-module-separately -disable-cmo

SwiftDriver\ Compilation WhoNext normal arm64 com.apple.xcode.tools.swift.compiler (in target 'WhoNext' from project 'WhoNext')
    cd /Users/bobkitchen/Documents/GitHub/WhoNext
    builtin-Swift-Compilation -- /Applications/Xcode.app/Contents/Developer/Toolchains/XcodeDefault.xctoolchain/usr/bin/swiftc -module-name WhoNext -Onone -enforce-exclusivity\=checked @/Users/bobkitchen/Library/Developer/Xcode/DerivedData/WhoNext-bcqdpcrgceedsxgxhmbktbrsaayp/Build/Intermediates.noindex/WhoNext.build/Debug/WhoNext.build/Objects-normal/arm64/WhoNext.SwiftFileList -DDEBUG -Xcc -fmodule-map-file\=/Users/bobkitchen/Library/Developer/Xcode/DerivedData/WhoNext-bcqdpcrgceedsxgxhmbktbrsaayp/Build/Intermediates.noindex/GeneratedModuleMaps/libcmark.modulemap -enable-bare-slash-regex -enable-experimental-feature DebugDescriptionMacro -sdk /Applications/Xcode.app/Contents/Developer/Platforms/MacOSX.platform/Developer/SDKs/MacOSX26.1.sdk -target arm64-apple-macos15.0 -g -module-cache-path /Users/bobkitchen/Library/Developer/Xcode/DerivedData/ModuleCache.noindex -Xfrontend -serialize-debugging-options -profile-coverage-mapping -profile-generate -enable-testing -index-store-path /Users/bobkitchen/Library/Developer/Xcode/DerivedData/WhoNext-bcqdpcrgceedsxgxhmbktbrsaayp/Index.noindex/DataStore -Xcc -D_LIBCPP_HARDENING_MODE\=_LIBCPP_HARDENING_MODE_DEBUG -swift-version 5 -I /Users/bobkitchen/Library/Developer/Xcode/DerivedData/WhoNext-bcqdpcrgceedsxgxhmbktbrsaayp/Build/Products/Debug -F /Users/bobkitchen/Library/Developer/Xcode/DerivedData/WhoNext-bcqdpcrgceedsxgxhmbktbrsaayp/Build/Products/Debug/PackageFrameworks -F /Users/bobkitchen/Library/Developer/Xcode/DerivedData/WhoNext-bcqdpcrgceedsxgxhmbktbrsaayp/Build/Products/Debug/PackageFrameworks -F /Users/bobkitchen/Library/Developer/Xcode/DerivedData/WhoNext-bcqdpcrgceedsxgxhmbktbrsaayp/Build/Products/Debug/PackageFrameworks -F /Users/bobkitchen/Library/Developer/Xcode/DerivedData/WhoNext-bcqdpcrgceedsxgxhmbktbrsaayp/Build/Products/Debug/PackageFrameworks -F /Users/bobkitchen/Library/Developer/Xcode/DerivedData/WhoNext-bcqdpcrgceedsxgxhmbktbrsaayp/Build/Products/Debug/PackageFrameworks -F /Users/bobkitchen/Library/Developer/Xcode/DerivedData/WhoNext-bcqdpcrgceedsxgxhmbktbrsaayp/Build/Products/Debug/PackageFrameworks -F /Users/bobkitchen/Library/Developer/Xcode/DerivedData/WhoNext-bcqdpcrgceedsxgxhmbktbrsaayp/Build/Products/Debug/PackageFrameworks -F /Users/bobkitchen/Library/Developer/Xcode/DerivedData/WhoNext-bcqdpcrgceedsxgxhmbktbrsaayp/Build/Products/Debug/PackageFrameworks -F /Users/bobkitchen/Library/Developer/Xcode/DerivedData/WhoNext-bcqdpcrgceedsxgxhmbktbrsaayp/Build/Products/Debug/PackageFrameworks -F /Users/bobkitchen/Library/Developer/Xcode/DerivedData/WhoNext-bcqdpcrgceedsxgxhmbktbrsaayp/Build/Products/Debug/PackageFrameworks -F /Users/bobkitchen/Library/Developer/Xcode/DerivedData/WhoNext-bcqdpcrgceedsxgxhmbktbrsaayp/Build/Products/Debug/PackageFrameworks -F /Users/bobkitchen/Library/Developer/Xcode/DerivedData/WhoNext-bcqdpcrgceedsxgxhmbktbrsaayp/Build/Products/Debug/PackageFrameworks -F /Users/bobkitchen/Library/Developer/Xcode/DerivedData/WhoNext-bcqdpcrgceedsxgxhmbktbrsaayp/Build/Products/Debug/PackageFrameworks -F /Users/bobkitchen/Library/Developer/Xcode/DerivedData/WhoNext-bcqdpcrgceedsxgxhmbktbrsaayp/Build/Products/Debug/PackageFrameworks -F /Users/bobkitchen/Library/Developer/Xcode/DerivedData/WhoNext-bcqdpcrgceedsxgxhmbktbrsaayp/Build/Products/Debug/PackageFrameworks -F /Users/bobkitchen/Library/Developer/Xcode/DerivedData/WhoNext-bcqdpcrgceedsxgxhmbktbrsaayp/Build/Products/Debug/PackageFrameworks -F /Users/bobkitchen/Library/Developer/Xcode/DerivedData/WhoNext-bcqdpcrgceedsxgxhmbktbrsaayp/Build/Products/Debug/PackageFrameworks -F /Users/bobkitchen/Library/Developer/Xcode/DerivedData/WhoNext-bcqdpcrgceedsxgxhmbktbrsaayp/Build/Products/Debug -emit-localized-strings -emit-localized-strings-path /Users/bobkitchen/Library/Developer/Xcode/DerivedData/WhoNext-bcqdpcrgceedsxgxhmbktbrsaayp/Build/Intermediates.noindex/WhoNext.build/Debug/WhoNext.build/Objects-normal/arm64 -c -j8 -enable-batch-mode -incremental -Xcc -ivfsstatcache -Xcc /Users/bobkitchen/Library/Developer/Xcode/DerivedData/SDKStatCaches.noindex/macosx26.1-25B74-3ae1261907bdadc328169391a47051a6.sdkstatcache -output-file-map /Users/bobkitchen/Library/Developer/Xcode/DerivedData/WhoNext-bcqdpcrgceedsxgxhmbktbrsaayp/Build/Intermediates.noindex/WhoNext.build/Debug/WhoNext.build/Objects-normal/arm64/WhoNext-OutputFileMap.json -use-frontend-parseable-output -save-temps -no-color-diagnostics -explicit-module-build -module-cache-path /Users/bobkitchen/Library/Developer/Xcode/DerivedData/WhoNext-bcqdpcrgceedsxgxhmbktbrsaayp/Build/Intermediates.noindex/SwiftExplicitPrecompiledModules -clang-scanner-module-cache-path /Users/bobkitchen/Library/Developer/Xcode/DerivedData/ModuleCache.noindex -sdk-module-cache-path /Users/bobkitchen/Library/Developer/Xcode/DerivedData/ModuleCache.noindex -serialize-diagnostics -emit-dependencies -emit-module -emit-module-path /Users/bobkitchen/Library/Developer/Xcode/DerivedData/WhoNext-bcqdpcrgceedsxgxhmbktbrsaayp/Build/Intermediates.noindex/WhoNext.build/Debug/WhoNext.build/Objects-normal/arm64/WhoNext.swiftmodule -validate-clang-modules-once -clang-build-session-file /Users/bobkitchen/Library/Developer/Xcode/DerivedData/ModuleCache.noindex/Session.modulevalidation -Xcc -I/Users/bobkitchen/Library/Developer/Xcode/DerivedData/WhoNext-bcqdpcrgceedsxgxhmbktbrsaayp/Build/Intermediates.noindex/WhoNext.build/Debug/WhoNext.build/swift-overrides.hmap -emit-const-values -Xfrontend -const-gather-protocols-file -Xfrontend /Users/bobkitchen/Library/Developer/Xcode/DerivedData/WhoNext-bcqdpcrgceedsxgxhmbktbrsaayp/Build/Intermediates.noindex/WhoNext.build/Debug/WhoNext.build/Objects-normal/arm64/WhoNext_const_extract_protocols.json -Xcc -iquote -Xcc /Users/bobkitchen/Library/Developer/Xcode/DerivedData/WhoNext-bcqdpcrgceedsxgxhmbktbrsaayp/Build/Intermediates.noindex/WhoNext.build/Debug/WhoNext.build/WhoNext-generated-files.hmap -Xcc -I/Users/bobkitchen/Library/Developer/Xcode/DerivedData/WhoNext-bcqdpcrgceedsxgxhmbktbrsaayp/Build/Intermediates.noindex/WhoNext.build/Debug/WhoNext.build/WhoNext-own-target-headers.hmap -Xcc -I/Users/bobkitchen/Library/Developer/Xcode/DerivedData/WhoNext-bcqdpcrgceedsxgxhmbktbrsaayp/Build/Intermediates.noindex/WhoNext.build/Debug/WhoNext.build/WhoNext-all-non-framework-target-headers.hmap -Xcc -ivfsoverlay -Xcc /Users/bobkitchen/Library/Developer/Xcode/DerivedData/WhoNext-bcqdpcrgceedsxgxhmbktbrsaayp/Build/Intermediates.noindex/WhoNext.build/Debug/WhoNext-47b2c88a68fb6c7df287073c6477cc9b-VFS/all-product-headers.yaml -Xcc -iquote -Xcc /Users/bobkitchen/Library/Developer/Xcode/DerivedData/WhoNext-bcqdpcrgceedsxgxhmbktbrsaayp/Build/Intermediates.noindex/WhoNext.build/Debug/WhoNext.build/WhoNext-project-headers.hmap -Xcc -I/Users/bobkitchen/Library/Developer/Xcode/DerivedData/WhoNext-bcqdpcrgceedsxgxhmbktbrsaayp/SourcePackages/checkouts/Down/Sources/cmark -Xcc -I/Users/bobkitchen/Library/Developer/Xcode/DerivedData/WhoNext-bcqdpcrgceedsxgxhmbktbrsaayp/Build/Products/Debug/include -Xcc -I/Users/bobkitchen/Library/Developer/Xcode/DerivedData/WhoNext-bcqdpcrgceedsxgxhmbktbrsaayp/Build/Intermediates.noindex/WhoNext.build/Debug/WhoNext.build/DerivedSources-normal/arm64 -Xcc -I/Users/bobkitchen/Library/Developer/Xcode/DerivedData/WhoNext-bcqdpcrgceedsxgxhmbktbrsaayp/Build/Intermediates.noindex/WhoNext.build/Debug/WhoNext.build/DerivedSources/arm64 -Xcc -I/Users/bobkitchen/Library/Developer/Xcode/DerivedData/WhoNext-bcqdpcrgceedsxgxhmbktbrsaayp/Build/Intermediates.noindex/WhoNext.build/Debug/WhoNext.build/DerivedSources -Xcc -DDEBUG\=1 -emit-objc-header -emit-objc-header-path /Users/bobkitchen/Library/Developer/Xcode/DerivedData/WhoNext-bcqdpcrgceedsxgxhmbktbrsaayp/Build/Intermediates.noindex/WhoNext.build/Debug/WhoNext.build/Objects-normal/arm64/WhoNext-Swift.h -working-directory /Users/bobkitchen/Documents/GitHub/WhoNext -experimental-emit-module-separately -disable-cmo

Copy /Users/bobkitchen/Library/Developer/Xcode/DerivedData/WhoNext-bcqdpcrgceedsxgxhmbktbrsaayp/Build/Products/Debug/WhoNext.swiftmodule/arm64-apple-macos.swiftmodule /Users/bobkitchen/Library/Developer/Xcode/DerivedData/WhoNext-bcqdpcrgceedsxgxhmbktbrsaayp/Build/Intermediates.noindex/WhoNext.build/Debug/WhoNext.build/Objects-normal/arm64/WhoNext.swiftmodule (in target 'WhoNext' from project 'WhoNext')
    cd /Users/bobkitchen/Documents/GitHub/WhoNext
    builtin-copy -exclude .DS_Store -exclude CVS -exclude .svn -exclude .git -exclude .hg -resolve-src-symlinks -rename /Users/bobkitchen/Library/Developer/Xcode/DerivedData/WhoNext-bcqdpcrgceedsxgxhmbktbrsaayp/Build/Intermediates.noindex/WhoNext.build/Debug/WhoNext.build/Objects-normal/arm64/WhoNext.swiftmodule /Users/bobkitchen/Library/Developer/Xcode/DerivedData/WhoNext-bcqdpcrgceedsxgxhmbktbrsaayp/Build/Products/Debug/WhoNext.swiftmodule/arm64-apple-macos.swiftmodule

Copy /Users/bobkitchen/Library/Developer/Xcode/DerivedData/WhoNext-bcqdpcrgceedsxgxhmbktbrsaayp/Build/Products/Debug/WhoNext.swiftmodule/Project/arm64-apple-macos.swiftsourceinfo /Users/bobkitchen/Library/Developer/Xcode/DerivedData/WhoNext-bcqdpcrgceedsxgxhmbktbrsaayp/Build/Intermediates.noindex/WhoNext.build/Debug/WhoNext.build/Objects-normal/arm64/WhoNext.swiftsourceinfo (in target 'WhoNext' from project 'WhoNext')
    cd /Users/bobkitchen/Documents/GitHub/WhoNext
    builtin-copy -exclude .DS_Store -exclude CVS -exclude .svn -exclude .git -exclude .hg -resolve-src-symlinks -rename /Users/bobkitchen/Library/Developer/Xcode/DerivedData/WhoNext-bcqdpcrgceedsxgxhmbktbrsaayp/Build/Intermediates.noindex/WhoNext.build/Debug/WhoNext.build/Objects-normal/arm64/WhoNext.swiftsourceinfo /Users/bobkitchen/Library/Developer/Xcode/DerivedData/WhoNext-bcqdpcrgceedsxgxhmbktbrsaayp/Build/Products/Debug/WhoNext.swiftmodule/Project/arm64-apple-macos.swiftsourceinfo

Copy /Users/bobkitchen/Library/Developer/Xcode/DerivedData/WhoNext-bcqdpcrgceedsxgxhmbktbrsaayp/Build/Products/Debug/WhoNext.swiftmodule/arm64-apple-macos.abi.json /Users/bobkitchen/Library/Developer/Xcode/DerivedData/WhoNext-bcqdpcrgceedsxgxhmbktbrsaayp/Build/Intermediates.noindex/WhoNext.build/Debug/WhoNext.build/Objects-normal/arm64/WhoNext.abi.json (in target 'WhoNext' from project 'WhoNext')
    cd /Users/bobkitchen/Documents/GitHub/WhoNext
    builtin-copy -exclude .DS_Store -exclude CVS -exclude .svn -exclude .git -exclude .hg -resolve-src-symlinks -rename /Users/bobkitchen/Library/Developer/Xcode/DerivedData/WhoNext-bcqdpcrgceedsxgxhmbktbrsaayp/Build/Intermediates.noindex/WhoNext.build/Debug/WhoNext.build/Objects-normal/arm64/WhoNext.abi.json /Users/bobkitchen/Library/Developer/Xcode/DerivedData/WhoNext-bcqdpcrgceedsxgxhmbktbrsaayp/Build/Products/Debug/WhoNext.swiftmodule/arm64-apple-macos.abi.json

Ld /Users/bobkitchen/Library/Developer/Xcode/DerivedData/WhoNext-bcqdpcrgceedsxgxhmbktbrsaayp/Build/Products/Debug/WhoNext.app/Contents/MacOS/WhoNext.debug.dylib normal (in target 'WhoNext' from project 'WhoNext')
    cd /Users/bobkitchen/Documents/GitHub/WhoNext
    /Applications/Xcode.app/Contents/Developer/Toolchains/XcodeDefault.xctoolchain/usr/bin/clang -Xlinker -reproducible -target arm64-apple-macos15.0 -dynamiclib -isysroot /Applications/Xcode.app/Contents/Developer/Platforms/MacOSX.platform/Developer/SDKs/MacOSX26.1.sdk -O0 -L/Users/bobkitchen/Library/Developer/Xcode/DerivedData/WhoNext-bcqdpcrgceedsxgxhmbktbrsaayp/Build/Intermediates.noindex/EagerLinkingTBDs/Debug -L/Users/bobkitchen/Library/Developer/Xcode/DerivedData/WhoNext-bcqdpcrgceedsxgxhmbktbrsaayp/Build/Products/Debug -F/Users/bobkitchen/Library/Developer/Xcode/DerivedData/WhoNext-bcqdpcrgceedsxgxhmbktbrsaayp/Build/Intermediates.noindex/EagerLinkingTBDs/Debug -F/Users/bobkitchen/Library/Developer/Xcode/DerivedData/WhoNext-bcqdpcrgceedsxgxhmbktbrsaayp/Build/Products/Debug/PackageFrameworks -F/Users/bobkitchen/Library/Developer/Xcode/DerivedData/WhoNext-bcqdpcrgceedsxgxhmbktbrsaayp/Build/Products/Debug/PackageFrameworks -F/Users/bobkitchen/Library/Developer/Xcode/DerivedData/WhoNext-bcqdpcrgceedsxgxhmbktbrsaayp/Build/Products/Debug/PackageFrameworks -F/Users/bobkitchen/Library/Developer/Xcode/DerivedData/WhoNext-bcqdpcrgceedsxgxhmbktbrsaayp/Build/Products/Debug/PackageFrameworks -F/Users/bobkitchen/Library/Developer/Xcode/DerivedData/WhoNext-bcqdpcrgceedsxgxhmbktbrsaayp/Build/Products/Debug/PackageFrameworks -F/Users/bobkitchen/Library/Developer/Xcode/DerivedData/WhoNext-bcqdpcrgceedsxgxhmbktbrsaayp/Build/Products/Debug/PackageFrameworks -F/Users/bobkitchen/Library/Developer/Xcode/DerivedData/WhoNext-bcqdpcrgceedsxgxhmbktbrsaayp/Build/Products/Debug/PackageFrameworks -F/Users/bobkitchen/Library/Developer/Xcode/DerivedData/WhoNext-bcqdpcrgceedsxgxhmbktbrsaayp/Build/Products/Debug/PackageFrameworks -F/Users/bobkitchen/Library/Developer/Xcode/DerivedData/WhoNext-bcqdpcrgceedsxgxhmbktbrsaayp/Build/Products/Debug/PackageFrameworks -F/Users/bobkitchen/Library/Developer/Xcode/DerivedData/WhoNext-bcqdpcrgceedsxgxhmbktbrsaayp/Build/Products/Debug/PackageFrameworks -F/Users/bobkitchen/Library/Developer/Xcode/DerivedData/WhoNext-bcqdpcrgceedsxgxhmbktbrsaayp/Build/Products/Debug/PackageFrameworks -F/Users/bobkitchen/Library/Developer/Xcode/DerivedData/WhoNext-bcqdpcrgceedsxgxhmbktbrsaayp/Build/Products/Debug/PackageFrameworks -F/Users/bobkitchen/Library/Developer/Xcode/DerivedData/WhoNext-bcqdpcrgceedsxgxhmbktbrsaayp/Build/Products/Debug/PackageFrameworks -F/Users/bobkitchen/Library/Developer/Xcode/DerivedData/WhoNext-bcqdpcrgceedsxgxhmbktbrsaayp/Build/Products/Debug/PackageFrameworks -F/Users/bobkitchen/Library/Developer/Xcode/DerivedData/WhoNext-bcqdpcrgceedsxgxhmbktbrsaayp/Build/Products/Debug/PackageFrameworks -F/Users/bobkitchen/Library/Developer/Xcode/DerivedData/WhoNext-bcqdpcrgceedsxgxhmbktbrsaayp/Build/Products/Debug/PackageFrameworks -F/Users/bobkitchen/Library/Developer/Xcode/DerivedData/WhoNext-bcqdpcrgceedsxgxhmbktbrsaayp/Build/Products/Debug/PackageFrameworks -F/Users/bobkitchen/Library/Developer/Xcode/DerivedData/WhoNext-bcqdpcrgceedsxgxhmbktbrsaayp/Build/Products/Debug -filelist /Users/bobkitchen/Library/Developer/Xcode/DerivedData/WhoNext-bcqdpcrgceedsxgxhmbktbrsaayp/Build/Intermediates.noindex/WhoNext.build/Debug/WhoNext.build/Objects-normal/arm64/WhoNext.LinkFileList -install_name @rpath/WhoNext.debug.dylib -Xlinker -rpath -Xlinker /usr/lib/swift -Xlinker -rpath -Xlinker /Users/bobkitchen/Library/Developer/Xcode/DerivedData/WhoNext-bcqdpcrgceedsxgxhmbktbrsaayp/Build/Products/Debug/PackageFrameworks -Xlinker -rpath -Xlinker @executable_path/../Frameworks -dead_strip -Xlinker -object_path_lto -Xlinker /Users/bobkitchen/Library/Developer/Xcode/DerivedData/WhoNext-bcqdpcrgceedsxgxhmbktbrsaayp/Build/Intermediates.noindex/WhoNext.build/Debug/WhoNext.build/Objects-normal/arm64/WhoNext_lto.o -rdynamic -Xlinker -no_deduplicate -Xlinker -debug_variant -Xlinker -dependency_info -Xlinker /Users/bobkitchen/Library/Developer/Xcode/DerivedData/WhoNext-bcqdpcrgceedsxgxhmbktbrsaayp/Build/Intermediates.noindex/WhoNext.build/Debug/WhoNext.build/Objects-normal/arm64/WhoNext_dependency_info.dat -fobjc-link-runtime -fprofile-instr-generate -L/Applications/Xcode.app/Contents/Developer/Toolchains/XcodeDefault.xctoolchain/usr/lib/swift/macosx -L/usr/lib/swift -Xlinker -add_ast_path -Xlinker /Users/bobkitchen/Library/Developer/Xcode/DerivedData/WhoNext-bcqdpcrgceedsxgxhmbktbrsaayp/Build/Intermediates.noindex/WhoNext.build/Debug/WhoNext.build/Objects-normal/arm64/WhoNext.swiftmodule @/Users/bobkitchen/Library/Developer/Xcode/DerivedData/WhoNext-bcqdpcrgceedsxgxhmbktbrsaayp/Build/Intermediates.noindex/WhoNext.build/Debug/WhoNext.build/Objects-normal/arm64/WhoNext-linker-args.resp -Wl,-no_warn_duplicate_libraries -Wl,-no_warn_duplicate_libraries -Wl,-no_warn_duplicate_libraries -Wl,-no_warn_duplicate_libraries -Wl,-no_warn_duplicate_libraries -Wl,-no_warn_duplicate_libraries -Wl,-no_warn_duplicate_libraries -Wl,-no_warn_duplicate_libraries -Wl,-no_warn_duplicate_libraries -Wl,-no_warn_duplicate_libraries -Wl,-no_warn_duplicate_libraries -Wl,-no_warn_duplicate_libraries -Wl,-no_warn_duplicate_libraries -Wl,-no_warn_duplicate_libraries -Wl,-no_warn_duplicate_libraries -Wl,-no_warn_duplicate_libraries -Wl,-no_warn_duplicate_libraries -Xlinker -alias -Xlinker _main -Xlinker ___debug_main_executable_dylib_entry_point -Xlinker -no_adhoc_codesign -o /Users/bobkitchen/Library/Developer/Xcode/DerivedData/WhoNext-bcqdpcrgceedsxgxhmbktbrsaayp/Build/Products/Debug/WhoNext.app/Contents/MacOS/WhoNext.debug.dylib -Xlinker -add_ast_path -Xlinker /Users/bobkitchen/Library/Developer/Xcode/DerivedData/WhoNext-bcqdpcrgceedsxgxhmbktbrsaayp/Build/Intermediates.noindex/SwiftCSV.build/Debug/SwiftCSV.build/Objects-normal/arm64/SwiftCSV.swiftmodule @/Users/bobkitchen/Library/Developer/Xcode/DerivedData/WhoNext-bcqdpcrgceedsxgxhmbktbrsaayp/Build/Intermediates.noindex/SwiftCSV.build/Debug/SwiftCSV.build/Objects-normal/arm64/SwiftCSV-linker-args.resp -Xlinker -add_ast_path -Xlinker /Users/bobkitchen/Library/Developer/Xcode/DerivedData/WhoNext-bcqdpcrgceedsxgxhmbktbrsaayp/Build/Intermediates.noindex/Down.build/Debug/Down.build/Objects-normal/arm64/Down.swiftmodule @/Users/bobkitchen/Library/Developer/Xcode/DerivedData/WhoNext-bcqdpcrgceedsxgxhmbktbrsaayp/Build/Intermediates.noindex/Down.build/Debug/Down.build/Objects-normal/arm64/Down-linker-args.resp -Xlinker -add_ast_path -Xlinker /Users/bobkitchen/Library/Developer/Xcode/DerivedData/WhoNext-bcqdpcrgceedsxgxhmbktbrsaayp/Build/Intermediates.noindex/Supabase.build/Debug/Supabase.build/Objects-normal/arm64/Supabase.swiftmodule @/Users/bobkitchen/Library/Developer/Xcode/DerivedData/WhoNext-bcqdpcrgceedsxgxhmbktbrsaayp/Build/Intermediates.noindex/Supabase.build/Debug/Supabase.build/Objects-normal/arm64/Supabase-linker-args.resp -Xlinker -add_ast_path -Xlinker /Users/bobkitchen/Library/Developer/Xcode/DerivedData/WhoNext-bcqdpcrgceedsxgxhmbktbrsaayp/Build/Intermediates.noindex/Supabase.build/Debug/Functions.build/Objects-normal/arm64/Functions.swiftmodule @/Users/bobkitchen/Library/Developer/Xcode/DerivedData/WhoNext-bcqdpcrgceedsxgxhmbktbrsaayp/Build/Intermediates.noindex/Supabase.build/Debug/Functions.build/Objects-normal/arm64/Functions-linker-args.resp -Xlinker -add_ast_path -Xlinker /Users/bobkitchen/Library/Developer/Xcode/DerivedData/WhoNext-bcqdpcrgceedsxgxhmbktbrsaayp/Build/Intermediates.noindex/Supabase.build/Debug/PostgREST.build/Objects-normal/arm64/PostgREST.swiftmodule @/Users/bobkitchen/Library/Developer/Xcode/DerivedData/WhoNext-bcqdpcrgceedsxgxhmbktbrsaayp/Build/Intermediates.noindex/Supabase.build/Debug/PostgREST.build/Objects-normal/arm64/PostgREST-linker-args.resp -Xlinker -add_ast_path -Xlinker /Users/bobkitchen/Library/Developer/Xcode/DerivedData/WhoNext-bcqdpcrgceedsxgxhmbktbrsaayp/Build/Intermediates.noindex/Supabase.build/Debug/Auth.build/Objects-normal/arm64/Auth.swiftmodule @/Users/bobkitchen/Library/Developer/Xcode/DerivedData/WhoNext-bcqdpcrgceedsxgxhmbktbrsaayp/Build/Intermediates.noindex/Supabase.build/Debug/Auth.build/Objects-normal/arm64/Auth-linker-args.resp -Xlinker -add_ast_path -Xlinker /Users/bobkitchen/Library/Developer/Xcode/DerivedData/WhoNext-bcqdpcrgceedsxgxhmbktbrsaayp/Build/Intermediates.noindex/Supabase.build/Debug/Realtime.build/Objects-normal/arm64/Realtime.swiftmodule @/Users/bobkitchen/Library/Developer/Xcode/DerivedData/WhoNext-bcqdpcrgceedsxgxhmbktbrsaayp/Build/Intermediates.noindex/Supabase.build/Debug/Realtime.build/Objects-normal/arm64/Realtime-linker-args.resp -Xlinker -add_ast_path -Xlinker /Users/bobkitchen/Library/Developer/Xcode/DerivedData/WhoNext-bcqdpcrgceedsxgxhmbktbrsaayp/Build/Intermediates.noindex/Supabase.build/Debug/Storage.build/Objects-normal/arm64/Storage.swiftmodule @/Users/bobkitchen/Library/Developer/Xcode/DerivedData/WhoNext-bcqdpcrgceedsxgxhmbktbrsaayp/Build/Intermediates.noindex/Supabase.build/Debug/Storage.build/Objects-normal/arm64/Storage-linker-args.resp -Xlinker -add_ast_path -Xlinker /Users/bobkitchen/Library/Developer/Xcode/DerivedData/WhoNext-bcqdpcrgceedsxgxhmbktbrsaayp/Build/Intermediates.noindex/swift-concurrency-extras.build/Debug/ConcurrencyExtras.build/Objects-normal/arm64/ConcurrencyExtras.swiftmodule @/Users/bobkitchen/Library/Developer/Xcode/DerivedData/WhoNext-bcqdpcrgceedsxgxhmbktbrsaayp/Build/Intermediates.noindex/swift-concurrency-extras.build/Debug/ConcurrencyExtras.build/Objects-normal/arm64/ConcurrencyExtras-linker-args.resp -Xlinker -add_ast_path -Xlinker /Users/bobkitchen/Library/Developer/Xcode/DerivedData/WhoNext-bcqdpcrgceedsxgxhmbktbrsaayp/Build/Intermediates.noindex/swift-http-types.build/Debug/HTTPTypes.build/Objects-normal/arm64/HTTPTypes.swiftmodule @/Users/bobkitchen/Library/Developer/Xcode/DerivedData/WhoNext-bcqdpcrgceedsxgxhmbktbrsaayp/Build/Intermediates.noindex/swift-http-types.build/Debug/HTTPTypes.build/Objects-normal/arm64/HTTPTypes-linker-args.resp -Xlinker -add_ast_path -Xlinker /Users/bobkitchen/Library/Developer/Xcode/DerivedData/WhoNext-bcqdpcrgceedsxgxhmbktbrsaayp/Build/Intermediates.noindex/swift-clocks.build/Debug/Clocks.build/Objects-normal/arm64/Clocks.swiftmodule @/Users/bobkitchen/Library/Developer/Xcode/DerivedData/WhoNext-bcqdpcrgceedsxgxhmbktbrsaayp/Build/Intermediates.noindex/swift-clocks.build/Debug/Clocks.build/Objects-normal/arm64/Clocks-linker-args.resp -Xlinker -add_ast_path -Xlinker /Users/bobkitchen/Library/Developer/Xcode/DerivedData/WhoNext-bcqdpcrgceedsxgxhmbktbrsaayp/Build/Intermediates.noindex/xctest-dynamic-overlay.build/Debug/IssueReporting.build/Objects-normal/arm64/IssueReporting.swiftmodule @/Users/bobkitchen/Library/Developer/Xcode/DerivedData/WhoNext-bcqdpcrgceedsxgxhmbktbrsaayp/Build/Intermediates.noindex/xctest-dynamic-overlay.build/Debug/IssueReporting.build/Objects-normal/arm64/IssueReporting-linker-args.resp -Xlinker -add_ast_path -Xlinker /Users/bobkitchen/Library/Developer/Xcode/DerivedData/WhoNext-bcqdpcrgceedsxgxhmbktbrsaayp/Build/Intermediates.noindex/xctest-dynamic-overlay.build/Debug/XCTestDynamicOverlay.build/Objects-normal/arm64/XCTestDynamicOverlay.swiftmodule @/Users/bobkitchen/Library/Developer/Xcode/DerivedData/WhoNext-bcqdpcrgceedsxgxhmbktbrsaayp/Build/Intermediates.noindex/xctest-dynamic-overlay.build/Debug/XCTestDynamicOverlay.build/Objects-normal/arm64/XCTestDynamicOverlay-linker-args.resp -Xlinker -add_ast_path -Xlinker /Users/bobkitchen/Library/Developer/Xcode/DerivedData/WhoNext-bcqdpcrgceedsxgxhmbktbrsaayp/Build/Intermediates.noindex/Supabase.build/Debug/Helpers.build/Objects-normal/arm64/Helpers.swiftmodule @/Users/bobkitchen/Library/Developer/Xcode/DerivedData/WhoNext-bcqdpcrgceedsxgxhmbktbrsaayp/Build/Intermediates.noindex/Supabase.build/Debug/Helpers.build/Objects-normal/arm64/Helpers-linker-args.resp -Xlinker -add_ast_path -Xlinker /Users/bobkitchen/Library/Developer/Xcode/DerivedData/WhoNext-bcqdpcrgceedsxgxhmbktbrsaayp/Build/Intermediates.noindex/swift-crypto.build/Debug/Crypto.build/Objects-normal/arm64/Crypto.swiftmodule @/Users/bobkitchen/Library/Developer/Xcode/DerivedData/WhoNext-bcqdpcrgceedsxgxhmbktbrsaayp/Build/Intermediates.noindex/swift-crypto.build/Debug/Crypto.build/Objects-normal/arm64/Crypto-linker-args.resp -Xlinker -add_ast_path -Xlinker /Users/bobkitchen/Library/Developer/Xcode/DerivedData/WhoNext-bcqdpcrgceedsxgxhmbktbrsaayp/Build/Intermediates.noindex/FluidAudio.build/Debug/FluidAudio.build/Objects-normal/arm64/FluidAudio.swiftmodule @/Users/bobkitchen/Library/Developer/Xcode/DerivedData/WhoNext-bcqdpcrgceedsxgxhmbktbrsaayp/Build/Intermediates.noindex/FluidAudio.build/Debug/FluidAudio.build/Objects-normal/arm64/FluidAudio-linker-args.resp

ConstructStubExecutorLinkFileList /Users/bobkitchen/Library/Developer/Xcode/DerivedData/WhoNext-bcqdpcrgceedsxgxhmbktbrsaayp/Build/Intermediates.noindex/WhoNext.build/Debug/WhoNext.build/WhoNext-ExecutorLinkFileList-normal-arm64.txt (in target 'WhoNext' from project 'WhoNext')
    cd /Users/bobkitchen/Documents/GitHub/WhoNext
    construct-stub-executor-link-file-list /Users/bobkitchen/Library/Developer/Xcode/DerivedData/WhoNext-bcqdpcrgceedsxgxhmbktbrsaayp/Build/Products/Debug/WhoNext.app/Contents/MacOS/WhoNext.debug.dylib /Applications/Xcode.app/Contents/Developer/Platforms/MacOSX.platform/Developer/usr/lib/libPreviewsJITStubExecutor_no_swift_entry_point.a /Applications/Xcode.app/Contents/Developer/Platforms/MacOSX.platform/Developer/usr/lib/libPreviewsJITStubExecutor.a --output /Users/bobkitchen/Library/Developer/Xcode/DerivedData/WhoNext-bcqdpcrgceedsxgxhmbktbrsaayp/Build/Intermediates.noindex/WhoNext.build/Debug/WhoNext.build/WhoNext-ExecutorLinkFileList-normal-arm64.txt
note: Using stub executor library with Swift entry point. (in target 'WhoNext' from project 'WhoNext')

Ld /Users/bobkitchen/Library/Developer/Xcode/DerivedData/WhoNext-bcqdpcrgceedsxgxhmbktbrsaayp/Build/Products/Debug/WhoNext.app/Contents/MacOS/WhoNext normal (in target 'WhoNext' from project 'WhoNext')
    cd /Users/bobkitchen/Documents/GitHub/WhoNext
    /Applications/Xcode.app/Contents/Developer/Toolchains/XcodeDefault.xctoolchain/usr/bin/clang -Xlinker -reproducible -target arm64-apple-macos15.0 -isysroot /Applications/Xcode.app/Contents/Developer/Platforms/MacOSX.platform/Developer/SDKs/MacOSX26.1.sdk -O0 -L/Users/bobkitchen/Library/Developer/Xcode/DerivedData/WhoNext-bcqdpcrgceedsxgxhmbktbrsaayp/Build/Products/Debug -F/Users/bobkitchen/Library/Developer/Xcode/DerivedData/WhoNext-bcqdpcrgceedsxgxhmbktbrsaayp/Build/Products/Debug/PackageFrameworks -F/Users/bobkitchen/Library/Developer/Xcode/DerivedData/WhoNext-bcqdpcrgceedsxgxhmbktbrsaayp/Build/Products/Debug/PackageFrameworks -F/Users/bobkitchen/Library/Developer/Xcode/DerivedData/WhoNext-bcqdpcrgceedsxgxhmbktbrsaayp/Build/Products/Debug/PackageFrameworks -F/Users/bobkitchen/Library/Developer/Xcode/DerivedData/WhoNext-bcqdpcrgceedsxgxhmbktbrsaayp/Build/Products/Debug/PackageFrameworks -F/Users/bobkitchen/Library/Developer/Xcode/DerivedData/WhoNext-bcqdpcrgceedsxgxhmbktbrsaayp/Build/Products/Debug/PackageFrameworks -F/Users/bobkitchen/Library/Developer/Xcode/DerivedData/WhoNext-bcqdpcrgceedsxgxhmbktbrsaayp/Build/Products/Debug/PackageFrameworks -F/Users/bobkitchen/Library/Developer/Xcode/DerivedData/WhoNext-bcqdpcrgceedsxgxhmbktbrsaayp/Build/Products/Debug/PackageFrameworks -F/Users/bobkitchen/Library/Developer/Xcode/DerivedData/WhoNext-bcqdpcrgceedsxgxhmbktbrsaayp/Build/Products/Debug/PackageFrameworks -F/Users/bobkitchen/Library/Developer/Xcode/DerivedData/WhoNext-bcqdpcrgceedsxgxhmbktbrsaayp/Build/Products/Debug/PackageFrameworks -F/Users/bobkitchen/Library/Developer/Xcode/DerivedData/WhoNext-bcqdpcrgceedsxgxhmbktbrsaayp/Build/Products/Debug/PackageFrameworks -F/Users/bobkitchen/Library/Developer/Xcode/DerivedData/WhoNext-bcqdpcrgceedsxgxhmbktbrsaayp/Build/Products/Debug/PackageFrameworks -F/Users/bobkitchen/Library/Developer/Xcode/DerivedData/WhoNext-bcqdpcrgceedsxgxhmbktbrsaayp/Build/Products/Debug/PackageFrameworks -F/Users/bobkitchen/Library/Developer/Xcode/DerivedData/WhoNext-bcqdpcrgceedsxgxhmbktbrsaayp/Build/Products/Debug/PackageFrameworks -F/Users/bobkitchen/Library/Developer/Xcode/DerivedData/WhoNext-bcqdpcrgceedsxgxhmbktbrsaayp/Build/Products/Debug/PackageFrameworks -F/Users/bobkitchen/Library/Developer/Xcode/DerivedData/WhoNext-bcqdpcrgceedsxgxhmbktbrsaayp/Build/Products/Debug/PackageFrameworks -F/Users/bobkitchen/Library/Developer/Xcode/DerivedData/WhoNext-bcqdpcrgceedsxgxhmbktbrsaayp/Build/Products/Debug/PackageFrameworks -F/Users/bobkitchen/Library/Developer/Xcode/DerivedData/WhoNext-bcqdpcrgceedsxgxhmbktbrsaayp/Build/Products/Debug/PackageFrameworks -F/Users/bobkitchen/Library/Developer/Xcode/DerivedData/WhoNext-bcqdpcrgceedsxgxhmbktbrsaayp/Build/Products/Debug -Xlinker -rpath -Xlinker @executable_path -Xlinker -rpath -Xlinker /Users/bobkitchen/Library/Developer/Xcode/DerivedData/WhoNext-bcqdpcrgceedsxgxhmbktbrsaayp/Build/Products/Debug/PackageFrameworks -Xlinker -rpath -Xlinker @executable_path/../Frameworks -rdynamic -Xlinker -no_deduplicate -Xlinker -debug_variant -e ___debug_blank_executor_main -Xlinker -sectcreate -Xlinker __TEXT -Xlinker __debug_dylib -Xlinker /Users/bobkitchen/Library/Developer/Xcode/DerivedData/WhoNext-bcqdpcrgceedsxgxhmbktbrsaayp/Build/Intermediates.noindex/WhoNext.build/Debug/WhoNext.build/WhoNext-DebugDylibPath-normal-arm64.txt -Xlinker -sectcreate -Xlinker __TEXT -Xlinker __debug_instlnm -Xlinker /Users/bobkitchen/Library/Developer/Xcode/DerivedData/WhoNext-bcqdpcrgceedsxgxhmbktbrsaayp/Build/Intermediates.noindex/WhoNext.build/Debug/WhoNext.build/WhoNext-DebugDylibInstallName-normal-arm64.txt -Xlinker -filelist -Xlinker /Users/bobkitchen/Library/Developer/Xcode/DerivedData/WhoNext-bcqdpcrgceedsxgxhmbktbrsaayp/Build/Intermediates.noindex/WhoNext.build/Debug/WhoNext.build/WhoNext-ExecutorLinkFileList-normal-arm64.txt /Users/bobkitchen/Library/Developer/Xcode/DerivedData/WhoNext-bcqdpcrgceedsxgxhmbktbrsaayp/Build/Products/Debug/WhoNext.app/Contents/MacOS/WhoNext.debug.dylib -Xlinker -no_adhoc_codesign -o /Users/bobkitchen/Library/Developer/Xcode/DerivedData/WhoNext-bcqdpcrgceedsxgxhmbktbrsaayp/Build/Products/Debug/WhoNext.app/Contents/MacOS/WhoNext

CopySwiftLibs /Users/bobkitchen/Library/Developer/Xcode/DerivedData/WhoNext-bcqdpcrgceedsxgxhmbktbrsaayp/Build/Products/Debug/WhoNext.app (in target 'WhoNext' from project 'WhoNext')
    cd /Users/bobkitchen/Documents/GitHub/WhoNext
    builtin-swiftStdLibTool --copy --verbose --sign 4A98FFF04BB48A7734C0503F4640DE2A21645C53 --scan-executable /Users/bobkitchen/Library/Developer/Xcode/DerivedData/WhoNext-bcqdpcrgceedsxgxhmbktbrsaayp/Build/Products/Debug/WhoNext.app/Contents/MacOS/WhoNext.debug.dylib --scan-folder /Users/bobkitchen/Library/Developer/Xcode/DerivedData/WhoNext-bcqdpcrgceedsxgxhmbktbrsaayp/Build/Products/Debug/WhoNext.app/Contents/Frameworks --scan-folder /Users/bobkitchen/Library/Developer/Xcode/DerivedData/WhoNext-bcqdpcrgceedsxgxhmbktbrsaayp/Build/Products/Debug/WhoNext.app/Contents/PlugIns --scan-folder /Users/bobkitchen/Library/Developer/Xcode/DerivedData/WhoNext-bcqdpcrgceedsxgxhmbktbrsaayp/Build/Products/Debug/WhoNext.app/Contents/Library/SystemExtensions --scan-folder /Users/bobkitchen/Library/Developer/Xcode/DerivedData/WhoNext-bcqdpcrgceedsxgxhmbktbrsaayp/Build/Products/Debug/WhoNext.app/Contents/Extensions --platform macosx --toolchain /Applications/Xcode.app/Contents/Developer/Toolchains/XcodeDefault.xctoolchain --destination /Users/bobkitchen/Library/Developer/Xcode/DerivedData/WhoNext-bcqdpcrgceedsxgxhmbktbrsaayp/Build/Products/Debug/WhoNext.app/Contents/Frameworks --strip-bitcode --strip-bitcode-tool /Applications/Xcode.app/Contents/Developer/Toolchains/XcodeDefault.xctoolchain/usr/bin/bitcode_strip --emit-dependency-info /Users/bobkitchen/Library/Developer/Xcode/DerivedData/WhoNext-bcqdpcrgceedsxgxhmbktbrsaayp/Build/Intermediates.noindex/WhoNext.build/Debug/WhoNext.build/SwiftStdLibToolInputDependencies.dep --filter-for-swift-os --back-deploy-swift-span

ExtractAppIntentsMetadata (in target 'WhoNext' from project 'WhoNext')
    cd /Users/bobkitchen/Documents/GitHub/WhoNext
    /Applications/Xcode.app/Contents/Developer/Toolchains/XcodeDefault.xctoolchain/usr/bin/appintentsmetadataprocessor --toolchain-dir /Applications/Xcode.app/Contents/Developer/Toolchains/XcodeDefault.xctoolchain --module-name WhoNext --sdk-root /Applications/Xcode.app/Contents/Developer/Platforms/MacOSX.platform/Developer/SDKs/MacOSX26.1.sdk --xcode-version 17B100 --platform-family macOS --deployment-target 15.0 --bundle-identifier com.bobk.WhoNext --output /Users/bobkitchen/Library/Developer/Xcode/DerivedData/WhoNext-bcqdpcrgceedsxgxhmbktbrsaayp/Build/Products/Debug/WhoNext.app/Contents/Resources --target-triple arm64-apple-macos15.0 --binary-file /Users/bobkitchen/Library/Developer/Xcode/DerivedData/WhoNext-bcqdpcrgceedsxgxhmbktbrsaayp/Build/Products/Debug/WhoNext.app/Contents/MacOS/WhoNext --dependency-file /Users/bobkitchen/Library/Developer/Xcode/DerivedData/WhoNext-bcqdpcrgceedsxgxhmbktbrsaayp/Build/Intermediates.noindex/WhoNext.build/Debug/WhoNext.build/Objects-normal/arm64/WhoNext_dependency_info.dat --stringsdata-file /Users/bobkitchen/Library/Developer/Xcode/DerivedData/WhoNext-bcqdpcrgceedsxgxhmbktbrsaayp/Build/Intermediates.noindex/WhoNext.build/Debug/WhoNext.build/Objects-normal/arm64/ExtractedAppShortcutsMetadata.stringsdata --source-file-list /Users/bobkitchen/Library/Developer/Xcode/DerivedData/WhoNext-bcqdpcrgceedsxgxhmbktbrsaayp/Build/Intermediates.noindex/WhoNext.build/Debug/WhoNext.build/Objects-normal/arm64/WhoNext.SwiftFileList --metadata-file-list /Users/bobkitchen/Library/Developer/Xcode/DerivedData/WhoNext-bcqdpcrgceedsxgxhmbktbrsaayp/Build/Intermediates.noindex/WhoNext.build/Debug/WhoNext.build/WhoNext.DependencyMetadataFileList --static-metadata-file-list /Users/bobkitchen/Library/Developer/Xcode/DerivedData/WhoNext-bcqdpcrgceedsxgxhmbktbrsaayp/Build/Intermediates.noindex/WhoNext.build/Debug/WhoNext.build/WhoNext.DependencyStaticMetadataFileList --swift-const-vals-list /Users/bobkitchen/Library/Developer/Xcode/DerivedData/WhoNext-bcqdpcrgceedsxgxhmbktbrsaayp/Build/Intermediates.noindex/WhoNext.build/Debug/WhoNext.build/Objects-normal/arm64/WhoNext.SwiftConstValuesFileList --compile-time-extraction --deployment-aware-processing --validate-assistant-intents --no-app-shortcuts-localization
2025-11-30 18:49:54.376 appintentsmetadataprocessor[49561:1886669] Starting appintentsmetadataprocessor export
2025-11-30 18:49:54.377 appintentsmetadataprocessor[49561:1886669] warning: Metadata extraction skipped. No AppIntents.framework dependency found.

CodeSign /Users/bobkitchen/Library/Developer/Xcode/DerivedData/WhoNext-bcqdpcrgceedsxgxhmbktbrsaayp/Build/Products/Debug/WhoNext.app/Contents/MacOS/WhoNext.debug.dylib (in target 'WhoNext' from project 'WhoNext')
    cd /Users/bobkitchen/Documents/GitHub/WhoNext
    
    Signing Identity:     "Apple Development: Bob Kitchen (7CGH58VH7D)"
    
    /usr/bin/codesign --force --sign 4A98FFF04BB48A7734C0503F4640DE2A21645C53 -o runtime --timestamp\=none --generate-entitlement-der /Users/bobkitchen/Library/Developer/Xcode/DerivedData/WhoNext-bcqdpcrgceedsxgxhmbktbrsaayp/Build/Products/Debug/WhoNext.app/Contents/MacOS/WhoNext.debug.dylib

CodeSign /Users/bobkitchen/Library/Developer/Xcode/DerivedData/WhoNext-bcqdpcrgceedsxgxhmbktbrsaayp/Build/Products/Debug/WhoNext.app/Contents/MacOS/__preview.dylib (in target 'WhoNext' from project 'WhoNext')
    cd /Users/bobkitchen/Documents/GitHub/WhoNext
    
    Signing Identity:     "Apple Development: Bob Kitchen (7CGH58VH7D)"
    
    /usr/bin/codesign --force --sign 4A98FFF04BB48A7734C0503F4640DE2A21645C53 -o runtime --timestamp\=none --generate-entitlement-der /Users/bobkitchen/Library/Developer/Xcode/DerivedData/WhoNext-bcqdpcrgceedsxgxhmbktbrsaayp/Build/Products/Debug/WhoNext.app/Contents/MacOS/__preview.dylib
/Users/bobkitchen/Library/Developer/Xcode/DerivedData/WhoNext-bcqdpcrgceedsxgxhmbktbrsaayp/Build/Products/Debug/WhoNext.app/Contents/MacOS/__preview.dylib: replacing existing signature

CodeSign /Users/bobkitchen/Library/Developer/Xcode/DerivedData/WhoNext-bcqdpcrgceedsxgxhmbktbrsaayp/Build/Products/Debug/WhoNext.app (in target 'WhoNext' from project 'WhoNext')
    cd /Users/bobkitchen/Documents/GitHub/WhoNext
    
    Signing Identity:     "Apple Development: Bob Kitchen (7CGH58VH7D)"
    
    /usr/bin/codesign --force --sign 4A98FFF04BB48A7734C0503F4640DE2A21645C53 -o runtime --entitlements /Users/bobkitchen/Library/Developer/Xcode/DerivedData/WhoNext-bcqdpcrgceedsxgxhmbktbrsaayp/Build/Intermediates.noindex/WhoNext.build/Debug/WhoNext.build/WhoNext.app.xcent --timestamp\=none --generate-entitlement-der /Users/bobkitchen/Library/Developer/Xcode/DerivedData/WhoNext-bcqdpcrgceedsxgxhmbktbrsaayp/Build/Products/Debug/WhoNext.app

Validate /Users/bobkitchen/Library/Developer/Xcode/DerivedData/WhoNext-bcqdpcrgceedsxgxhmbktbrsaayp/Build/Products/Debug/WhoNext.app (in target 'WhoNext' from project 'WhoNext')
    cd /Users/bobkitchen/Documents/GitHub/WhoNext
    builtin-validationUtility /Users/bobkitchen/Library/Developer/Xcode/DerivedData/WhoNext-bcqdpcrgceedsxgxhmbktbrsaayp/Build/Products/Debug/WhoNext.app -no-validate-extension -infoplist-subpath Contents/Info.plist

RegisterWithLaunchServices /Users/bobkitchen/Library/Developer/Xcode/DerivedData/WhoNext-bcqdpcrgceedsxgxhmbktbrsaayp/Build/Products/Debug/WhoNext.app (in target 'WhoNext' from project 'WhoNext')
    cd /Users/bobkitchen/Documents/GitHub/WhoNext
    /System/Library/Frameworks/CoreServices.framework/Versions/Current/Frameworks/LaunchServices.framework/Versions/Current/Support/lsregister -f -R -trusted /Users/bobkitchen/Library/Developer/Xcode/DerivedData/WhoNext-bcqdpcrgceedsxgxhmbktbrsaayp/Build/Products/Debug/WhoNext.app

** BUILD SUCCEEDED **

